/cvmfs/soft.computecanada.ca/easybuild/software/2023/x86-64-v3/MPI/gcc12/openmpi4/hdf5-mpi/1.14.2/lib/python3.11/site-packages/h5py/__init__.py:36: UserWarning: h5py is running against HDF5 1.14.4 when it was built against 1.14.2, this may cause problems
  _warn(("h5py is running against HDF5 {0} when it was built against {1}, "
/cvmfs/soft.computecanada.ca/easybuild/software/2023/x86-64-v3/MPI/gcc12/openmpi4/hdf5-mpi/1.14.2/lib/python3.11/site-packages/h5py/__init__.py:36: UserWarning: h5py is running against HDF5 1.14.4 when it was built against 1.14.2, this may cause problems
  _warn(("h5py is running against HDF5 {0} when it was built against {1}, "
/cvmfs/soft.computecanada.ca/easybuild/software/2023/x86-64-v3/MPI/gcc12/openmpi4/hdf5-mpi/1.14.2/lib/python3.11/site-packages/h5py/__init__.py:36: UserWarning: h5py is running against HDF5 1.14.4 when it was built against 1.14.2, this may cause problems
  _warn(("h5py is running against HDF5 {0} when it was built against {1}, "
/cvmfs/soft.computecanada.ca/easybuild/software/2023/x86-64-v3/MPI/gcc12/openmpi4/hdf5-mpi/1.14.2/lib/python3.11/site-packages/h5py/__init__.py:36: UserWarning: h5py is running against HDF5 1.14.4 when it was built against 1.14.2, this may cause problems
  _warn(("h5py is running against HDF5 {0} when it was built against {1}, "
 2026-02-27 20:45:36,120: Loading simulation from /lustre06/project/6077694/dhuruva/plastyfire/refitting_results/fitting/n100/seed19091997/L5TTPC_L5TTPC_STDP/simulations/201258-187071/10Hz_-30ms/prefire_simulation_config.json
 2026-02-27 20:45:36,158: Loading simulation from /lustre06/project/6077694/dhuruva/plastyfire/refitting_results/fitting/n100/seed19091997/L5TTPC_L5TTPC_STDP/simulations/201258-187071/10Hz_5ms/prefire_simulation_config.json
 2026-02-27 20:45:36,160: Loading simulation from /lustre06/project/6077694/dhuruva/plastyfire/refitting_results/fitting/n100/seed19091997/L5TTPC_L5TTPC_STDP/simulations/201258-187071/10Hz_50ms/prefire_simulation_config.json
 2026-02-27 20:45:36,192: Loading simulation from /lustre06/project/6077694/dhuruva/plastyfire/refitting_results/fitting/n100/seed19091997/L5TTPC_L5TTPC_STDP/simulations/201258-187071/10Hz_-10ms/prefire_simulation_config.json
 2026-02-27 20:48:24,666: cvode was activated outside of Simulation, this might make it impossible to load templates with stochastic channels
 2026-02-27 20:48:29,559: cvode was activated outside of Simulation, this might make it impossible to load templates with stochastic channels
 2026-02-27 20:48:31,290: Simulation finished in: 00:03:08
 2026-02-27 20:48:31,479: Data writing finished
/cvmfs/soft.computecanada.ca/easybuild/software/2023/x86-64-v3/MPI/gcc12/openmpi4/hdf5-mpi/1.14.2/lib/python3.11/site-packages/h5py/__init__.py:36: UserWarning: h5py is running against HDF5 1.14.4 when it was built against 1.14.2, this may cause problems
  _warn(("h5py is running against HDF5 {0} when it was built against {1}, "
 2026-02-27 20:48:33,022: cvode was activated outside of Simulation, this might make it impossible to load templates with stochastic channels
 2026-02-27 20:48:34,983: cvode was activated outside of Simulation, this might make it impossible to load templates with stochastic channels
 2026-02-27 20:48:36,317: Simulation finished in: 00:03:13
 2026-02-27 20:48:36,405: Data writing finished
/cvmfs/soft.computecanada.ca/easybuild/software/2023/x86-64-v3/MPI/gcc12/openmpi4/hdf5-mpi/1.14.2/lib/python3.11/site-packages/h5py/__init__.py:36: UserWarning: h5py is running against HDF5 1.14.4 when it was built against 1.14.2, this may cause problems
  _warn(("h5py is running against HDF5 {0} when it was built against {1}, "
 2026-02-27 20:48:39,828: Simulation finished in: 00:03:17
 2026-02-27 20:48:39,965: Data writing finished
/cvmfs/soft.computecanada.ca/easybuild/software/2023/x86-64-v3/MPI/gcc12/openmpi4/hdf5-mpi/1.14.2/lib/python3.11/site-packages/h5py/__init__.py:36: UserWarning: h5py is running against HDF5 1.14.4 when it was built against 1.14.2, this may cause problems
  _warn(("h5py is running against HDF5 {0} when it was built against {1}, "
 2026-02-27 20:48:41,605: Simulation finished in: 00:03:19
 2026-02-27 20:48:41,665: Data writing finished
/cvmfs/soft.computecanada.ca/easybuild/software/2023/x86-64-v3/MPI/gcc12/openmpi4/hdf5-mpi/1.14.2/lib/python3.11/site-packages/h5py/__init__.py:36: UserWarning: h5py is running against HDF5 1.14.4 when it was built against 1.14.2, this may cause problems
  _warn(("h5py is running against HDF5 {0} when it was built against {1}, "
 2026-02-27 20:48:46,696: Loading simulation from /lustre06/project/6077694/dhuruva/plastyfire/refitting_results/fitting/n100/seed19091997/L5TTPC_L5TTPC_STDP/simulations/201258-187071/10Hz_30ms/prefire_simulation_config.json
 2026-02-27 20:48:51,008: Loading simulation from /lustre06/project/6077694/dhuruva/plastyfire/refitting_results/fitting/n100/seed19091997/L5TTPC_L5TTPC_STDP/simulations/201258-187071/10Hz_10ms/prefire_simulation_config.json
 2026-02-27 20:48:54,529: Loading simulation from /lustre06/project/6077694/dhuruva/plastyfire/refitting_results/fitting/n100/seed19091997/L5TTPC_L5TTPC_STDP/simulations/201258-187071/10Hz_-50ms/prefire_simulation_config.json
 2026-02-27 20:49:01,353: Loading simulation from /lustre06/project/6077694/dhuruva/plastyfire/refitting_results/fitting/n100/seed19091997/L5TTPC_L5TTPC_STDP/simulations/201281-199420/10Hz_5ms/prefire_simulation_config.json
 2026-02-27 20:51:48,330: cvode was activated outside of Simulation, this might make it impossible to load templates with stochastic channels
 2026-02-27 20:51:50,272: cvode was activated outside of Simulation, this might make it impossible to load templates with stochastic channels
 2026-02-27 20:51:55,084: Simulation finished in: 00:03:16
 2026-02-27 20:51:55,140: Data writing finished
/cvmfs/soft.computecanada.ca/easybuild/software/2023/x86-64-v3/MPI/gcc12/openmpi4/hdf5-mpi/1.14.2/lib/python3.11/site-packages/h5py/__init__.py:36: UserWarning: h5py is running against HDF5 1.14.4 when it was built against 1.14.2, this may cause problems
  _warn(("h5py is running against HDF5 {0} when it was built against {1}, "
 2026-02-27 20:51:57,084: Simulation finished in: 00:03:23
 2026-02-27 20:51:57,137: Data writing finished
/cvmfs/soft.computecanada.ca/easybuild/software/2023/x86-64-v3/MPI/gcc12/openmpi4/hdf5-mpi/1.14.2/lib/python3.11/site-packages/h5py/__init__.py:36: UserWarning: h5py is running against HDF5 1.14.4 when it was built against 1.14.2, this may cause problems
  _warn(("h5py is running against HDF5 {0} when it was built against {1}, "
 2026-02-27 20:52:00,982: cvode was activated outside of Simulation, this might make it impossible to load templates with stochastic channels
 2026-02-27 20:52:07,633: Simulation finished in: 00:03:25
 2026-02-27 20:52:07,686: Data writing finished
 2026-02-27 20:52:15,036: Loading simulation from /lustre06/project/6077694/dhuruva/plastyfire/refitting_results/fitting/n100/seed19091997/L5TTPC_L5TTPC_STDP/simulations/201281-199420/10Hz_50ms/prefire_simulation_config.json
 2026-02-27 20:52:16,906: Loading simulation from /lustre06/project/6077694/dhuruva/plastyfire/refitting_results/fitting/n100/seed19091997/L5TTPC_L5TTPC_STDP/simulations/201281-199420/10Hz_-50ms/prefire_simulation_config.json
 2026-02-27 20:53:57,795: cvode was activated outside of Simulation, this might make it impossible to load templates with stochastic channels
 2026-02-27 20:54:04,634: Simulation finished in: 00:05:21
 2026-02-27 20:54:04,755: Data writing finished
 2026-02-27 20:57:36,293: cvode was activated outside of Simulation, this might make it impossible to load templates with stochastic channels
 2026-02-27 20:57:38,958: cvode was activated outside of Simulation, this might make it impossible to load templates with stochastic channels
 2026-02-27 20:57:43,086: Simulation finished in: 00:05:44
 2026-02-27 20:57:43,190: Data writing finished
 2026-02-27 20:57:45,789: Simulation finished in: 00:05:48
 2026-02-27 20:57:45,895: Data writing finished
