Processing: /home/dhuruva/projects/ctb-emuller/dhuruva/plastyfire/refitting_results/fitting/n100/seed19091997/L5TTPC_L5TTPC_STDP/simulations/180236-203656/10Hz_50ms
Processing: /home/dhuruva/projects/ctb-emuller/dhuruva/plastyfire/refitting_results/fitting/n100/seed19091997/L5TTPC_L5TTPC_STDP/simulations/180236-203656/10Hz_-30ms
Processing: /home/dhuruva/projects/ctb-emuller/dhuruva/plastyfire/refitting_results/fitting/n100/seed19091997/L5TTPC_L5TTPC_STDP/simulations/180236-203656/10Hz_-10ms
Processing: /home/dhuruva/projects/ctb-emuller/dhuruva/plastyfire/refitting_results/fitting/n100/seed19091997/L5TTPC_L5TTPC_STDP/simulations/180236-203656/10Hz_5ms
Presynaptic mapping of length 8 created
Presynaptic mapping of length 8 created
Presynaptic mapping of length 8 created
Completed: 180236-203656/10Hz_-10ms
Processing: /home/dhuruva/projects/ctb-emuller/dhuruva/plastyfire/refitting_results/fitting/n100/seed19091997/L5TTPC_L5TTPC_STDP/simulations/180329-189548/10Hz_-50ms
Presynaptic mapping of length 8 created
Completed: 180236-203656/10Hz_50ms
Processing: /home/dhuruva/projects/ctb-emuller/dhuruva/plastyfire/refitting_results/fitting/n100/seed19091997/L5TTPC_L5TTPC_STDP/simulations/180329-189548/10Hz_-10ms
Presynaptic mapping of length 8 created
Completed: 180236-203656/10Hz_-30ms
Processing: /home/dhuruva/projects/ctb-emuller/dhuruva/plastyfire/refitting_results/fitting/n100/seed19091997/L5TTPC_L5TTPC_STDP/simulations/180329-189548/10Hz_-30ms
Presynaptic mapping of length 8 created
Completed: 180236-203656/10Hz_5ms
Processing: /home/dhuruva/projects/ctb-emuller/dhuruva/plastyfire/refitting_results/fitting/n100/seed19091997/L5TTPC_L5TTPC_STDP/simulations/180329-189548/10Hz_10ms
Presynaptic mapping of length 4 created
Completed: 180329-189548/10Hz_-50ms
Processing: /home/dhuruva/projects/ctb-emuller/dhuruva/plastyfire/refitting_results/fitting/n100/seed19091997/L5TTPC_L5TTPC_STDP/simulations/180329-189548/10Hz_5ms
Presynaptic mapping of length 4 created
Completed: 180329-189548/10Hz_-10ms
Processing: /home/dhuruva/projects/ctb-emuller/dhuruva/plastyfire/refitting_results/fitting/n100/seed19091997/L5TTPC_L5TTPC_STDP/simulations/180329-189548/10Hz_30ms
Presynaptic mapping of length 4 created
Completed: 180329-189548/10Hz_-30ms
Presynaptic mapping of length 4 created
Completed: 180329-189548/10Hz_10ms
Presynaptic mapping of length 4 created
Completed: 180329-189548/10Hz_5ms
Presynaptic mapping of length 4 created
Completed: 180329-189548/10Hz_30ms
Batch 1 completed
