/cvmfs/soft.computecanada.ca/easybuild/software/2023/x86-64-v3/MPI/gcc12/openmpi4/hdf5-mpi/1.14.2/lib/python3.11/site-packages/h5py/__init__.py:36: UserWarning: h5py is running against HDF5 1.14.4 when it was built against 1.14.2, this may cause problems
  _warn(("h5py is running against HDF5 {0} when it was built against {1}, "
/cvmfs/soft.computecanada.ca/easybuild/software/2023/x86-64-v3/MPI/gcc12/openmpi4/hdf5-mpi/1.14.2/lib/python3.11/site-packages/h5py/__init__.py:36: UserWarning: h5py is running against HDF5 1.14.4 when it was built against 1.14.2, this may cause problems
  _warn(("h5py is running against HDF5 {0} when it was built against {1}, "
/cvmfs/soft.computecanada.ca/easybuild/software/2023/x86-64-v3/MPI/gcc12/openmpi4/hdf5-mpi/1.14.2/lib/python3.11/site-packages/h5py/__init__.py:36: UserWarning: h5py is running against HDF5 1.14.4 when it was built against 1.14.2, this may cause problems
  _warn(("h5py is running against HDF5 {0} when it was built against {1}, "
/cvmfs/soft.computecanada.ca/easybuild/software/2023/x86-64-v3/MPI/gcc12/openmpi4/hdf5-mpi/1.14.2/lib/python3.11/site-packages/h5py/__init__.py:36: UserWarning: h5py is running against HDF5 1.14.4 when it was built against 1.14.2, this may cause problems
  _warn(("h5py is running against HDF5 {0} when it was built against {1}, "
 2026-02-27 20:05:46,787: Loading simulation from /lustre06/project/6077694/dhuruva/plastyfire/refitting_results/fitting/n100/seed19091997/L5TTPC_L5TTPC_STDP/simulations/186198-204134/10Hz_30ms/prefire_simulation_config.json
 2026-02-27 20:05:46,870: Loading simulation from /lustre06/project/6077694/dhuruva/plastyfire/refitting_results/fitting/n100/seed19091997/L5TTPC_L5TTPC_STDP/simulations/186198-204134/10Hz_5ms/prefire_simulation_config.json
 2026-02-27 20:05:49,796: Loading simulation from /lustre06/project/6077694/dhuruva/plastyfire/refitting_results/fitting/n100/seed19091997/L5TTPC_L5TTPC_STDP/simulations/186117-200624/10Hz_-50ms/prefire_simulation_config.json
 2026-02-27 20:05:49,883: Loading simulation from /lustre06/project/6077694/dhuruva/plastyfire/refitting_results/fitting/n100/seed19091997/L5TTPC_L5TTPC_STDP/simulations/186117-200624/10Hz_30ms/prefire_simulation_config.json
 2026-02-27 20:07:50,068: cvode was activated outside of Simulation, this might make it impossible to load templates with stochastic channels
 2026-02-27 20:07:52,252: cvode was activated outside of Simulation, this might make it impossible to load templates with stochastic channels
 2026-02-27 20:07:56,984: Simulation finished in: 00:02:22
 2026-02-27 20:07:57,032: Data writing finished
/cvmfs/soft.computecanada.ca/easybuild/software/2023/x86-64-v3/MPI/gcc12/openmpi4/hdf5-mpi/1.14.2/lib/python3.11/site-packages/h5py/__init__.py:36: UserWarning: h5py is running against HDF5 1.14.4 when it was built against 1.14.2, this may cause problems
  _warn(("h5py is running against HDF5 {0} when it was built against {1}, "
 2026-02-27 20:07:59,189: Simulation finished in: 00:02:25
 2026-02-27 20:07:59,250: Data writing finished
/cvmfs/soft.computecanada.ca/easybuild/software/2023/x86-64-v3/MPI/gcc12/openmpi4/hdf5-mpi/1.14.2/lib/python3.11/site-packages/h5py/__init__.py:36: UserWarning: h5py is running against HDF5 1.14.4 when it was built against 1.14.2, this may cause problems
  _warn(("h5py is running against HDF5 {0} when it was built against {1}, "
 2026-02-27 20:08:11,178: Loading simulation from /lustre06/project/6077694/dhuruva/plastyfire/refitting_results/fitting/n100/seed19091997/L5TTPC_L5TTPC_STDP/simulations/186198-204134/10Hz_-50ms/prefire_simulation_config.json
 2026-02-27 20:08:13,030: Loading simulation from /lustre06/project/6077694/dhuruva/plastyfire/refitting_results/fitting/n100/seed19091997/L5TTPC_L5TTPC_STDP/simulations/186198-204134/10Hz_10ms/prefire_simulation_config.json
 2026-02-27 20:10:14,923: cvode was activated outside of Simulation, this might make it impossible to load templates with stochastic channels
 2026-02-27 20:10:15,401: cvode was activated outside of Simulation, this might make it impossible to load templates with stochastic channels
 2026-02-27 20:10:21,963: Simulation finished in: 00:02:20
 2026-02-27 20:10:22,060: Data writing finished
 2026-02-27 20:10:22,215: Simulation finished in: 00:02:22
 2026-02-27 20:10:22,271: Data writing finished
/cvmfs/soft.computecanada.ca/easybuild/software/2023/x86-64-v3/MPI/gcc12/openmpi4/hdf5-mpi/1.14.2/lib/python3.11/site-packages/h5py/__init__.py:36: UserWarning: h5py is running against HDF5 1.14.4 when it was built against 1.14.2, this may cause problems
  _warn(("h5py is running against HDF5 {0} when it was built against {1}, "
/cvmfs/soft.computecanada.ca/easybuild/software/2023/x86-64-v3/MPI/gcc12/openmpi4/hdf5-mpi/1.14.2/lib/python3.11/site-packages/h5py/__init__.py:36: UserWarning: h5py is running against HDF5 1.14.4 when it was built against 1.14.2, this may cause problems
  _warn(("h5py is running against HDF5 {0} when it was built against {1}, "
 2026-02-27 20:10:35,954: Loading simulation from /lustre06/project/6077694/dhuruva/plastyfire/refitting_results/fitting/n100/seed19091997/L5TTPC_L5TTPC_STDP/simulations/186198-204134/10Hz_50ms/prefire_simulation_config.json
 2026-02-27 20:10:36,097: Loading simulation from /lustre06/project/6077694/dhuruva/plastyfire/refitting_results/fitting/n100/seed19091997/L5TTPC_L5TTPC_STDP/simulations/186198-204134/10Hz_-30ms/prefire_simulation_config.json
 2026-02-27 20:10:58,248: cvode was activated outside of Simulation, this might make it impossible to load templates with stochastic channels
 2026-02-27 20:11:02,227: cvode was activated outside of Simulation, this might make it impossible to load templates with stochastic channels
 2026-02-27 20:11:05,537: Simulation finished in: 00:05:31
 2026-02-27 20:11:05,609: Data writing finished
/cvmfs/soft.computecanada.ca/easybuild/software/2023/x86-64-v3/MPI/gcc12/openmpi4/hdf5-mpi/1.14.2/lib/python3.11/site-packages/h5py/__init__.py:36: UserWarning: h5py is running against HDF5 1.14.4 when it was built against 1.14.2, this may cause problems
  _warn(("h5py is running against HDF5 {0} when it was built against {1}, "
 2026-02-27 20:11:09,257: Simulation finished in: 00:05:35
 2026-02-27 20:11:09,325: Data writing finished
/cvmfs/soft.computecanada.ca/easybuild/software/2023/x86-64-v3/MPI/gcc12/openmpi4/hdf5-mpi/1.14.2/lib/python3.11/site-packages/h5py/__init__.py:36: UserWarning: h5py is running against HDF5 1.14.4 when it was built against 1.14.2, this may cause problems
  _warn(("h5py is running against HDF5 {0} when it was built against {1}, "
 2026-02-27 20:11:19,486: Loading simulation from /lustre06/project/6077694/dhuruva/plastyfire/refitting_results/fitting/n100/seed19091997/L5TTPC_L5TTPC_STDP/simulations/186198-204134/10Hz_-10ms/prefire_simulation_config.json
 2026-02-27 20:11:25,544: Loading simulation from /lustre06/project/6077694/dhuruva/plastyfire/refitting_results/fitting/n100/seed19091997/L5TTPC_L5TTPC_STDP/simulations/186356-189091/10Hz_5ms/prefire_simulation_config.json
 2026-02-27 20:12:38,638: cvode was activated outside of Simulation, this might make it impossible to load templates with stochastic channels
 2026-02-27 20:12:40,496: cvode was activated outside of Simulation, this might make it impossible to load templates with stochastic channels
 2026-02-27 20:12:45,503: Simulation finished in: 00:02:21
 2026-02-27 20:12:45,611: Data writing finished
 2026-02-27 20:12:47,417: Simulation finished in: 00:02:23
 2026-02-27 20:12:47,538: Data writing finished
 2026-02-27 20:13:24,572: cvode was activated outside of Simulation, this might make it impossible to load templates with stochastic channels
 2026-02-27 20:13:31,543: Simulation finished in: 00:02:23
 2026-02-27 20:13:31,596: Data writing finished
 2026-02-27 20:16:38,364: cvode was activated outside of Simulation, this might make it impossible to load templates with stochastic channels
 2026-02-27 20:16:45,322: Simulation finished in: 00:05:33
 2026-02-27 20:16:45,479: Data writing finished
