/cvmfs/soft.computecanada.ca/easybuild/software/2023/x86-64-v3/MPI/gcc12/openmpi4/hdf5-mpi/1.14.2/lib/python3.11/site-packages/h5py/__init__.py:36: UserWarning: h5py is running against HDF5 1.14.4 when it was built against 1.14.2, this may cause problems
  _warn(("h5py is running against HDF5 {0} when it was built against {1}, "
/cvmfs/soft.computecanada.ca/easybuild/software/2023/x86-64-v3/MPI/gcc12/openmpi4/hdf5-mpi/1.14.2/lib/python3.11/site-packages/h5py/__init__.py:36: UserWarning: h5py is running against HDF5 1.14.4 when it was built against 1.14.2, this may cause problems
  _warn(("h5py is running against HDF5 {0} when it was built against {1}, "
/cvmfs/soft.computecanada.ca/easybuild/software/2023/x86-64-v3/MPI/gcc12/openmpi4/hdf5-mpi/1.14.2/lib/python3.11/site-packages/h5py/__init__.py:36: UserWarning: h5py is running against HDF5 1.14.4 when it was built against 1.14.2, this may cause problems
  _warn(("h5py is running against HDF5 {0} when it was built against {1}, "
/cvmfs/soft.computecanada.ca/easybuild/software/2023/x86-64-v3/MPI/gcc12/openmpi4/hdf5-mpi/1.14.2/lib/python3.11/site-packages/h5py/__init__.py:36: UserWarning: h5py is running against HDF5 1.14.4 when it was built against 1.14.2, this may cause problems
  _warn(("h5py is running against HDF5 {0} when it was built against {1}, "
 2026-02-27 20:48:54,134: Loading simulation from /lustre06/project/6077694/dhuruva/plastyfire/refitting_results/fitting/n100/seed19091997/L5TTPC_L5TTPC_STDP/simulations/203300-206195/10Hz_5ms/prefire_simulation_config.json
 2026-02-27 20:48:54,175: Loading simulation from /lustre06/project/6077694/dhuruva/plastyfire/refitting_results/fitting/n100/seed19091997/L5TTPC_L5TTPC_STDP/simulations/203300-206195/10Hz_-10ms/prefire_simulation_config.json
 2026-02-27 20:48:54,352: Loading simulation from /lustre06/project/6077694/dhuruva/plastyfire/refitting_results/fitting/n100/seed19091997/L5TTPC_L5TTPC_STDP/simulations/203300-206195/10Hz_-30ms/prefire_simulation_config.json
 2026-02-27 20:48:54,381: Loading simulation from /lustre06/project/6077694/dhuruva/plastyfire/refitting_results/fitting/n100/seed19091997/L5TTPC_L5TTPC_STDP/simulations/203300-206195/10Hz_10ms/prefire_simulation_config.json
 2026-02-27 20:56:13,614: cvode was activated outside of Simulation, this might make it impossible to load templates with stochastic channels
 2026-02-27 20:56:19,430: cvode was activated outside of Simulation, this might make it impossible to load templates with stochastic channels
 2026-02-27 20:56:20,396: Simulation finished in: 00:07:43
 2026-02-27 20:56:20,445: Data writing finished
/cvmfs/soft.computecanada.ca/easybuild/software/2023/x86-64-v3/MPI/gcc12/openmpi4/hdf5-mpi/1.14.2/lib/python3.11/site-packages/h5py/__init__.py:36: UserWarning: h5py is running against HDF5 1.14.4 when it was built against 1.14.2, this may cause problems
  _warn(("h5py is running against HDF5 {0} when it was built against {1}, "
 2026-02-27 20:56:26,187: Simulation finished in: 00:07:49
 2026-02-27 20:56:26,239: Data writing finished
/cvmfs/soft.computecanada.ca/easybuild/software/2023/x86-64-v3/MPI/gcc12/openmpi4/hdf5-mpi/1.14.2/lib/python3.11/site-packages/h5py/__init__.py:36: UserWarning: h5py is running against HDF5 1.14.4 when it was built against 1.14.2, this may cause problems
  _warn(("h5py is running against HDF5 {0} when it was built against {1}, "
 2026-02-27 20:56:38,702: Loading simulation from /lustre06/project/6077694/dhuruva/plastyfire/refitting_results/fitting/n100/seed19091997/L5TTPC_L5TTPC_STDP/simulations/203300-206195/10Hz_30ms/prefire_simulation_config.json
 2026-02-27 20:56:40,465: cvode was activated outside of Simulation, this might make it impossible to load templates with stochastic channels
 2026-02-27 20:56:44,190: Loading simulation from /lustre06/project/6077694/dhuruva/plastyfire/refitting_results/fitting/n100/seed19091997/L5TTPC_L5TTPC_STDP/simulations/203300-206195/10Hz_50ms/prefire_simulation_config.json
 2026-02-27 20:56:47,160: Simulation finished in: 00:08:10
 2026-02-27 20:56:47,227: Data writing finished
/cvmfs/soft.computecanada.ca/easybuild/software/2023/x86-64-v3/MPI/gcc12/openmpi4/hdf5-mpi/1.14.2/lib/python3.11/site-packages/h5py/__init__.py:36: UserWarning: h5py is running against HDF5 1.14.4 when it was built against 1.14.2, this may cause problems
  _warn(("h5py is running against HDF5 {0} when it was built against {1}, "
 2026-02-27 20:57:05,993: Loading simulation from /lustre06/project/6077694/dhuruva/plastyfire/refitting_results/fitting/n100/seed19091997/L5TTPC_L5TTPC_STDP/simulations/203710-206592/10Hz_-30ms/prefire_simulation_config.json
 2026-02-27 21:03:59,156: cvode was activated outside of Simulation, this might make it impossible to load templates with stochastic channels
 2026-02-27 21:04:02,503: cvode was activated outside of Simulation, this might make it impossible to load templates with stochastic channels
 2026-02-27 21:04:06,350: Simulation finished in: 00:07:17
 2026-02-27 21:04:06,442: Data writing finished
/cvmfs/soft.computecanada.ca/easybuild/software/2023/x86-64-v3/MPI/gcc12/openmpi4/hdf5-mpi/1.14.2/lib/python3.11/site-packages/h5py/__init__.py:36: UserWarning: h5py is running against HDF5 1.14.4 when it was built against 1.14.2, this may cause problems
  _warn(("h5py is running against HDF5 {0} when it was built against {1}, "
 2026-02-27 21:04:09,563: Simulation finished in: 00:15:32
 2026-02-27 21:04:09,727: Data writing finished
/cvmfs/soft.computecanada.ca/easybuild/software/2023/x86-64-v3/MPI/gcc12/openmpi4/hdf5-mpi/1.14.2/lib/python3.11/site-packages/h5py/__init__.py:36: UserWarning: h5py is running against HDF5 1.14.4 when it was built against 1.14.2, this may cause problems
  _warn(("h5py is running against HDF5 {0} when it was built against {1}, "
 2026-02-27 21:04:25,205: Loading simulation from /lustre06/project/6077694/dhuruva/plastyfire/refitting_results/fitting/n100/seed19091997/L5TTPC_L5TTPC_STDP/simulations/203710-206592/10Hz_50ms/prefire_simulation_config.json
 2026-02-27 21:04:28,417: Loading simulation from /lustre06/project/6077694/dhuruva/plastyfire/refitting_results/fitting/n100/seed19091997/L5TTPC_L5TTPC_STDP/simulations/203710-206592/10Hz_-10ms/prefire_simulation_config.json
 2026-02-27 21:06:18,342: cvode was activated outside of Simulation, this might make it impossible to load templates with stochastic channels
 2026-02-27 21:06:25,218: Simulation finished in: 00:09:57
 2026-02-27 21:06:25,343: Data writing finished
/cvmfs/soft.computecanada.ca/easybuild/software/2023/x86-64-v3/MPI/gcc12/openmpi4/hdf5-mpi/1.14.2/lib/python3.11/site-packages/h5py/__init__.py:36: UserWarning: h5py is running against HDF5 1.14.4 when it was built against 1.14.2, this may cause problems
  _warn(("h5py is running against HDF5 {0} when it was built against {1}, "
 2026-02-27 21:06:44,282: Loading simulation from /lustre06/project/6077694/dhuruva/plastyfire/refitting_results/fitting/n100/seed19091997/L5TTPC_L5TTPC_STDP/simulations/203710-206592/10Hz_5ms/prefire_simulation_config.json
 2026-02-27 21:09:52,386: cvode was activated outside of Simulation, this might make it impossible to load templates with stochastic channels
 2026-02-27 21:09:59,423: Simulation finished in: 00:13:36
 2026-02-27 21:09:59,554: Data writing finished
 2026-02-27 21:11:15,064: cvode was activated outside of Simulation, this might make it impossible to load templates with stochastic channels
 2026-02-27 21:11:21,909: Simulation finished in: 00:07:13
 2026-02-27 21:11:21,990: Data writing finished
 2026-02-27 21:11:29,991: cvode was activated outside of Simulation, this might make it impossible to load templates with stochastic channels
 2026-02-27 21:11:36,644: Simulation finished in: 00:07:24
 2026-02-27 21:11:36,715: Data writing finished
 2026-02-27 21:13:16,684: cvode was activated outside of Simulation, this might make it impossible to load templates with stochastic channels
 2026-02-27 21:13:23,407: Simulation finished in: 00:06:55
 2026-02-27 21:13:23,487: Data writing finished
