Processing: /home/dhuruva/projects/ctb-emuller/dhuruva/plastyfire/refitting_results/fitting/n100/seed19091997/L5TTPC_L5TTPC_STDP/simulations/205643-189193/10Hz_-10ms
Processing: /home/dhuruva/projects/ctb-emuller/dhuruva/plastyfire/refitting_results/fitting/n100/seed19091997/L5TTPC_L5TTPC_STDP/simulations/205643-189193/10Hz_-50ms
Processing: /home/dhuruva/projects/ctb-emuller/dhuruva/plastyfire/refitting_results/fitting/n100/seed19091997/L5TTPC_L5TTPC_STDP/simulations/205643-189193/10Hz_5ms
Processing: /home/dhuruva/projects/ctb-emuller/dhuruva/plastyfire/refitting_results/fitting/n100/seed19091997/L5TTPC_L5TTPC_STDP/simulations/205643-189193/10Hz_30ms
Presynaptic mapping of length 12 created
Presynaptic mapping of length 12 created
Presynaptic mapping of length 12 created
Completed: 205643-189193/10Hz_30ms
Processing: /home/dhuruva/projects/ctb-emuller/dhuruva/plastyfire/refitting_results/fitting/n100/seed19091997/L5TTPC_L5TTPC_STDP/simulations/205643-189193/10Hz_10ms
Presynaptic mapping of length 12 created
Completed: 205643-189193/10Hz_5ms
Processing: /home/dhuruva/projects/ctb-emuller/dhuruva/plastyfire/refitting_results/fitting/n100/seed19091997/L5TTPC_L5TTPC_STDP/simulations/205643-189193/10Hz_50ms
Presynaptic mapping of length 12 created
Completed: 205643-189193/10Hz_-10ms
Processing: /home/dhuruva/projects/ctb-emuller/dhuruva/plastyfire/refitting_results/fitting/n100/seed19091997/L5TTPC_L5TTPC_STDP/simulations/206314-189443/10Hz_10ms
Presynaptic mapping of length 12 created
Completed: 205643-189193/10Hz_-50ms
Processing: /home/dhuruva/projects/ctb-emuller/dhuruva/plastyfire/refitting_results/fitting/n100/seed19091997/L5TTPC_L5TTPC_STDP/simulations/206314-189443/10Hz_30ms
Presynaptic mapping of length 12 created
Completed: 205643-189193/10Hz_10ms
Processing: /home/dhuruva/projects/ctb-emuller/dhuruva/plastyfire/refitting_results/fitting/n100/seed19091997/L5TTPC_L5TTPC_STDP/simulations/206314-189443/10Hz_-50ms
Presynaptic mapping of length 12 created
Completed: 205643-189193/10Hz_50ms
Processing: /home/dhuruva/projects/ctb-emuller/dhuruva/plastyfire/refitting_results/fitting/n100/seed19091997/L5TTPC_L5TTPC_STDP/simulations/206314-189443/10Hz_-10ms
Presynaptic mapping of length 12 created
Completed: 206314-189443/10Hz_30ms
Presynaptic mapping of length 12 created
Completed: 206314-189443/10Hz_10ms
Presynaptic mapping of length 12 created
Completed: 206314-189443/10Hz_-50ms
Presynaptic mapping of length 12 created
Completed: 206314-189443/10Hz_-10ms
Batch 61 completed
