Processing: /home/dhuruva/projects/ctb-emuller/dhuruva/plastyfire/refitting_results/fitting/n100/seed19091997/L5TTPC_L5TTPC_STDP/simulations/194969-207559/10Hz_10ms
Processing: /home/dhuruva/projects/ctb-emuller/dhuruva/plastyfire/refitting_results/fitting/n100/seed19091997/L5TTPC_L5TTPC_STDP/simulations/194969-207559/10Hz_-30ms
Processing: /home/dhuruva/projects/ctb-emuller/dhuruva/plastyfire/refitting_results/fitting/n100/seed19091997/L5TTPC_L5TTPC_STDP/simulations/194969-207559/10Hz_-10ms
Processing: /home/dhuruva/projects/ctb-emuller/dhuruva/plastyfire/refitting_results/fitting/n100/seed19091997/L5TTPC_L5TTPC_STDP/simulations/194969-207559/10Hz_-50ms
Presynaptic mapping of length 8 created
Presynaptic mapping of length 8 created
Presynaptic mapping of length 8 created
Presynaptic mapping of length 8 created
Completed: 194969-207559/10Hz_-10ms
Processing: /home/dhuruva/projects/ctb-emuller/dhuruva/plastyfire/refitting_results/fitting/n100/seed19091997/L5TTPC_L5TTPC_STDP/simulations/195214-208946/10Hz_5ms
Presynaptic mapping of length 8 created
Completed: 194969-207559/10Hz_-30ms
Processing: /home/dhuruva/projects/ctb-emuller/dhuruva/plastyfire/refitting_results/fitting/n100/seed19091997/L5TTPC_L5TTPC_STDP/simulations/195214-208946/10Hz_50ms
Presynaptic mapping of length 8 created
Completed: 194969-207559/10Hz_10ms
Processing: /home/dhuruva/projects/ctb-emuller/dhuruva/plastyfire/refitting_results/fitting/n100/seed19091997/L5TTPC_L5TTPC_STDP/simulations/195214-208946/10Hz_10ms
Presynaptic mapping of length 8 created
Completed: 194969-207559/10Hz_-50ms
Processing: /home/dhuruva/projects/ctb-emuller/dhuruva/plastyfire/refitting_results/fitting/n100/seed19091997/L5TTPC_L5TTPC_STDP/simulations/195214-208946/10Hz_30ms
Presynaptic mapping of length 5 created
Completed: 195214-208946/10Hz_5ms
Processing: /home/dhuruva/projects/ctb-emuller/dhuruva/plastyfire/refitting_results/fitting/n100/seed19091997/L5TTPC_L5TTPC_STDP/simulations/195214-208946/10Hz_-50ms
Presynaptic mapping of length 5 created
Completed: 195214-208946/10Hz_10ms
Processing: /home/dhuruva/projects/ctb-emuller/dhuruva/plastyfire/refitting_results/fitting/n100/seed19091997/L5TTPC_L5TTPC_STDP/simulations/195214-208946/10Hz_-30ms
Presynaptic mapping of length 5 created
Completed: 195214-208946/10Hz_50ms
Presynaptic mapping of length 5 created
Completed: 195214-208946/10Hz_30ms
Presynaptic mapping of length 5 created
Completed: 195214-208946/10Hz_-30ms
Presynaptic mapping of length 5 created
Completed: 195214-208946/10Hz_-50ms
Batch 36 completed
