Processing: /home/dhuruva/projects/ctb-emuller/dhuruva/plastyfire/refitting_results/fitting/n100/seed19091997/L5TTPC_L5TTPC_STDP/simulations/184090-195582/10Hz_5ms
Processing: /home/dhuruva/projects/ctb-emuller/dhuruva/plastyfire/refitting_results/fitting/n100/seed19091997/L5TTPC_L5TTPC_STDP/simulations/184090-195582/10Hz_10ms
Processing: /home/dhuruva/projects/ctb-emuller/dhuruva/plastyfire/refitting_results/fitting/n100/seed19091997/L5TTPC_L5TTPC_STDP/simulations/184090-195582/10Hz_50ms
Processing: /home/dhuruva/projects/ctb-emuller/dhuruva/plastyfire/refitting_results/fitting/n100/seed19091997/L5TTPC_L5TTPC_STDP/simulations/184090-195582/10Hz_30ms
Presynaptic mapping of length 9 created
Presynaptic mapping of length 9 created
Presynaptic mapping of length 9 created
Presynaptic mapping of length 9 created
Completed: 184090-195582/10Hz_5ms
Processing: /home/dhuruva/projects/ctb-emuller/dhuruva/plastyfire/refitting_results/fitting/n100/seed19091997/L5TTPC_L5TTPC_STDP/simulations/184090-195582/10Hz_-50ms
Presynaptic mapping of length 9 created
Completed: 184090-195582/10Hz_10ms
Processing: /home/dhuruva/projects/ctb-emuller/dhuruva/plastyfire/refitting_results/fitting/n100/seed19091997/L5TTPC_L5TTPC_STDP/simulations/184090-195582/10Hz_-30ms
Presynaptic mapping of length 9 created
Completed: 184090-195582/10Hz_50ms
Processing: /home/dhuruva/projects/ctb-emuller/dhuruva/plastyfire/refitting_results/fitting/n100/seed19091997/L5TTPC_L5TTPC_STDP/simulations/184090-195582/10Hz_-10ms
Presynaptic mapping of length 9 created
Completed: 184090-195582/10Hz_30ms
Processing: /home/dhuruva/projects/ctb-emuller/dhuruva/plastyfire/refitting_results/fitting/n100/seed19091997/L5TTPC_L5TTPC_STDP/simulations/184709-196154/10Hz_50ms
Presynaptic mapping of length 5 created
Presynaptic mapping of length 9 created
Presynaptic mapping of length 9 created
Completed: 184090-195582/10Hz_-30ms
Processing: /home/dhuruva/projects/ctb-emuller/dhuruva/plastyfire/refitting_results/fitting/n100/seed19091997/L5TTPC_L5TTPC_STDP/simulations/184709-196154/10Hz_5ms
Completed: 184090-195582/10Hz_-50ms
Processing: /home/dhuruva/projects/ctb-emuller/dhuruva/plastyfire/refitting_results/fitting/n100/seed19091997/L5TTPC_L5TTPC_STDP/simulations/184709-196154/10Hz_30ms
Presynaptic mapping of length 9 created
Completed: 184090-195582/10Hz_-10ms
Presynaptic mapping of length 5 created
Presynaptic mapping of length 5 created
Completed: 184709-196154/10Hz_50ms
Presynaptic mapping of length 5 created
Completed: 184709-196154/10Hz_5ms
Presynaptic mapping of length 5 created
Completed: 184709-196154/10Hz_30ms
Batch 14 completed
