/cvmfs/soft.computecanada.ca/easybuild/software/2023/x86-64-v3/MPI/gcc12/openmpi4/hdf5-mpi/1.14.2/lib/python3.11/site-packages/h5py/__init__.py:36: UserWarning: h5py is running against HDF5 1.14.4 when it was built against 1.14.2, this may cause problems
  _warn(("h5py is running against HDF5 {0} when it was built against {1}, "
/cvmfs/soft.computecanada.ca/easybuild/software/2023/x86-64-v3/MPI/gcc12/openmpi4/hdf5-mpi/1.14.2/lib/python3.11/site-packages/h5py/__init__.py:36: UserWarning: h5py is running against HDF5 1.14.4 when it was built against 1.14.2, this may cause problems
  _warn(("h5py is running against HDF5 {0} when it was built against {1}, "
/cvmfs/soft.computecanada.ca/easybuild/software/2023/x86-64-v3/MPI/gcc12/openmpi4/hdf5-mpi/1.14.2/lib/python3.11/site-packages/h5py/__init__.py:36: UserWarning: h5py is running against HDF5 1.14.4 when it was built against 1.14.2, this may cause problems
  _warn(("h5py is running against HDF5 {0} when it was built against {1}, "
/cvmfs/soft.computecanada.ca/easybuild/software/2023/x86-64-v3/MPI/gcc12/openmpi4/hdf5-mpi/1.14.2/lib/python3.11/site-packages/h5py/__init__.py:36: UserWarning: h5py is running against HDF5 1.14.4 when it was built against 1.14.2, this may cause problems
  _warn(("h5py is running against HDF5 {0} when it was built against {1}, "
 2026-02-27 20:02:39,356: Loading simulation from /lustre06/project/6077694/dhuruva/plastyfire/refitting_results/fitting/n100/seed19091997/L5TTPC_L5TTPC_STDP/simulations/181588-206273/10Hz_10ms/prefire_simulation_config.json
 2026-02-27 20:02:39,362: Loading simulation from /lustre06/project/6077694/dhuruva/plastyfire/refitting_results/fitting/n100/seed19091997/L5TTPC_L5TTPC_STDP/simulations/181588-206273/10Hz_5ms/prefire_simulation_config.json
 2026-02-27 20:02:39,501: Loading simulation from /lustre06/project/6077694/dhuruva/plastyfire/refitting_results/fitting/n100/seed19091997/L5TTPC_L5TTPC_STDP/simulations/181588-206273/10Hz_30ms/prefire_simulation_config.json
 2026-02-27 20:02:39,587: Loading simulation from /lustre06/project/6077694/dhuruva/plastyfire/refitting_results/fitting/n100/seed19091997/L5TTPC_L5TTPC_STDP/simulations/181588-206273/10Hz_50ms/prefire_simulation_config.json
 2026-02-27 20:10:02,082: cvode was activated outside of Simulation, this might make it impossible to load templates with stochastic channels
 2026-02-27 20:10:08,484: cvode was activated outside of Simulation, this might make it impossible to load templates with stochastic channels
 2026-02-27 20:10:09,185: Simulation finished in: 00:07:48
 2026-02-27 20:10:09,270: Data writing finished
/cvmfs/soft.computecanada.ca/easybuild/software/2023/x86-64-v3/MPI/gcc12/openmpi4/hdf5-mpi/1.14.2/lib/python3.11/site-packages/h5py/__init__.py:36: UserWarning: h5py is running against HDF5 1.14.4 when it was built against 1.14.2, this may cause problems
  _warn(("h5py is running against HDF5 {0} when it was built against {1}, "
 2026-02-27 20:10:14,053: cvode was activated outside of Simulation, this might make it impossible to load templates with stochastic channels
 2026-02-27 20:10:15,512: Simulation finished in: 00:07:54
 2026-02-27 20:10:15,606: Data writing finished
/cvmfs/soft.computecanada.ca/easybuild/software/2023/x86-64-v3/MPI/gcc12/openmpi4/hdf5-mpi/1.14.2/lib/python3.11/site-packages/h5py/__init__.py:36: UserWarning: h5py is running against HDF5 1.14.4 when it was built against 1.14.2, this may cause problems
  _warn(("h5py is running against HDF5 {0} when it was built against {1}, "
 2026-02-27 20:10:20,169: cvode was activated outside of Simulation, this might make it impossible to load templates with stochastic channels
 2026-02-27 20:10:21,244: Simulation finished in: 00:08:00
 2026-02-27 20:10:21,335: Data writing finished
/cvmfs/soft.computecanada.ca/easybuild/software/2023/x86-64-v3/MPI/gcc12/openmpi4/hdf5-mpi/1.14.2/lib/python3.11/site-packages/h5py/__init__.py:36: UserWarning: h5py is running against HDF5 1.14.4 when it was built against 1.14.2, this may cause problems
  _warn(("h5py is running against HDF5 {0} when it was built against {1}, "
 2026-02-27 20:10:27,090: Simulation finished in: 00:08:06
 2026-02-27 20:10:27,181: Data writing finished
 2026-02-27 20:10:27,896: Loading simulation from /lustre06/project/6077694/dhuruva/plastyfire/refitting_results/fitting/n100/seed19091997/L5TTPC_L5TTPC_STDP/simulations/181588-206273/10Hz_-30ms/prefire_simulation_config.json
/cvmfs/soft.computecanada.ca/easybuild/software/2023/x86-64-v3/MPI/gcc12/openmpi4/hdf5-mpi/1.14.2/lib/python3.11/site-packages/h5py/__init__.py:36: UserWarning: h5py is running against HDF5 1.14.4 when it was built against 1.14.2, this may cause problems
  _warn(("h5py is running against HDF5 {0} when it was built against {1}, "
 2026-02-27 20:10:33,861: Loading simulation from /lustre06/project/6077694/dhuruva/plastyfire/refitting_results/fitting/n100/seed19091997/L5TTPC_L5TTPC_STDP/simulations/181588-206273/10Hz_-10ms/prefire_simulation_config.json
 2026-02-27 20:10:39,578: Loading simulation from /lustre06/project/6077694/dhuruva/plastyfire/refitting_results/fitting/n100/seed19091997/L5TTPC_L5TTPC_STDP/simulations/181588-206273/10Hz_-50ms/prefire_simulation_config.json
 2026-02-27 20:10:43,058: Loading simulation from /lustre06/project/6077694/dhuruva/plastyfire/refitting_results/fitting/n100/seed19091997/L5TTPC_L5TTPC_STDP/simulations/182072-199843/10Hz_-30ms/prefire_simulation_config.json
 2026-02-27 20:14:29,743: cvode was activated outside of Simulation, this might make it impossible to load templates with stochastic channels
 2026-02-27 20:14:36,740: Simulation finished in: 00:04:07
 2026-02-27 20:14:36,894: Data writing finished
/cvmfs/soft.computecanada.ca/easybuild/software/2023/x86-64-v3/MPI/gcc12/openmpi4/hdf5-mpi/1.14.2/lib/python3.11/site-packages/h5py/__init__.py:36: UserWarning: h5py is running against HDF5 1.14.4 when it was built against 1.14.2, this may cause problems
  _warn(("h5py is running against HDF5 {0} when it was built against {1}, "
 2026-02-27 20:14:52,991: Loading simulation from /lustre06/project/6077694/dhuruva/plastyfire/refitting_results/fitting/n100/seed19091997/L5TTPC_L5TTPC_STDP/simulations/182072-199843/10Hz_30ms/prefire_simulation_config.json
 2026-02-27 20:17:48,167: cvode was activated outside of Simulation, this might make it impossible to load templates with stochastic channels
 2026-02-27 20:17:55,359: Simulation finished in: 00:07:43
 2026-02-27 20:17:55,449: Data writing finished
/cvmfs/soft.computecanada.ca/easybuild/software/2023/x86-64-v3/MPI/gcc12/openmpi4/hdf5-mpi/1.14.2/lib/python3.11/site-packages/h5py/__init__.py:36: UserWarning: h5py is running against HDF5 1.14.4 when it was built against 1.14.2, this may cause problems
  _warn(("h5py is running against HDF5 {0} when it was built against {1}, "
 2026-02-27 20:17:59,479: cvode was activated outside of Simulation, this might make it impossible to load templates with stochastic channels
 2026-02-27 20:18:06,413: Simulation finished in: 00:07:48
 2026-02-27 20:18:06,499: Data writing finished
 2026-02-27 20:18:11,812: Loading simulation from /lustre06/project/6077694/dhuruva/plastyfire/refitting_results/fitting/n100/seed19091997/L5TTPC_L5TTPC_STDP/simulations/182072-199843/10Hz_10ms/prefire_simulation_config.json
 2026-02-27 20:18:21,912: cvode was activated outside of Simulation, this might make it impossible to load templates with stochastic channels
 2026-02-27 20:18:25,729: cvode was activated outside of Simulation, this might make it impossible to load templates with stochastic channels
 2026-02-27 20:18:28,896: Simulation finished in: 00:03:49
 2026-02-27 20:18:28,969: Data writing finished
 2026-02-27 20:18:32,808: Simulation finished in: 00:08:09
 2026-02-27 20:18:32,901: Data writing finished
 2026-02-27 20:21:36,066: cvode was activated outside of Simulation, this might make it impossible to load templates with stochastic channels
 2026-02-27 20:21:43,109: Simulation finished in: 00:03:44
 2026-02-27 20:21:43,183: Data writing finished
