/cvmfs/soft.computecanada.ca/easybuild/software/2023/x86-64-v3/MPI/gcc12/openmpi4/hdf5-mpi/1.14.2/lib/python3.11/site-packages/h5py/__init__.py:36: UserWarning: h5py is running against HDF5 1.14.4 when it was built against 1.14.2, this may cause problems
  _warn(("h5py is running against HDF5 {0} when it was built against {1}, "
/cvmfs/soft.computecanada.ca/easybuild/software/2023/x86-64-v3/MPI/gcc12/openmpi4/hdf5-mpi/1.14.2/lib/python3.11/site-packages/h5py/__init__.py:36: UserWarning: h5py is running against HDF5 1.14.4 when it was built against 1.14.2, this may cause problems
  _warn(("h5py is running against HDF5 {0} when it was built against {1}, "
/cvmfs/soft.computecanada.ca/easybuild/software/2023/x86-64-v3/MPI/gcc12/openmpi4/hdf5-mpi/1.14.2/lib/python3.11/site-packages/h5py/__init__.py:36: UserWarning: h5py is running against HDF5 1.14.4 when it was built against 1.14.2, this may cause problems
  _warn(("h5py is running against HDF5 {0} when it was built against {1}, "
/cvmfs/soft.computecanada.ca/easybuild/software/2023/x86-64-v3/MPI/gcc12/openmpi4/hdf5-mpi/1.14.2/lib/python3.11/site-packages/h5py/__init__.py:36: UserWarning: h5py is running against HDF5 1.14.4 when it was built against 1.14.2, this may cause problems
  _warn(("h5py is running against HDF5 {0} when it was built against {1}, "
 2026-02-27 20:42:17,800: Loading simulation from /lustre06/project/6077694/dhuruva/plastyfire/refitting_results/fitting/n100/seed19091997/L5TTPC_L5TTPC_STDP/simulations/193481-196243/10Hz_5ms/prefire_simulation_config.json
 2026-02-27 20:42:17,811: Loading simulation from /lustre06/project/6077694/dhuruva/plastyfire/refitting_results/fitting/n100/seed19091997/L5TTPC_L5TTPC_STDP/simulations/193481-196243/10Hz_50ms/prefire_simulation_config.json
 2026-02-27 20:42:17,814: Loading simulation from /lustre06/project/6077694/dhuruva/plastyfire/refitting_results/fitting/n100/seed19091997/L5TTPC_L5TTPC_STDP/simulations/193481-196243/10Hz_-10ms/prefire_simulation_config.json
 2026-02-27 20:42:17,831: Loading simulation from /lustre06/project/6077694/dhuruva/plastyfire/refitting_results/fitting/n100/seed19091997/L5TTPC_L5TTPC_STDP/simulations/193481-196243/10Hz_30ms/prefire_simulation_config.json
Traceback (most recent call last):
  File "/home/dhuruva/projects/ctb-emuller/dhuruva/plastyfire/plastyfire/pairrunner.py", line 67, in <module>
    results = sim.runconnectedpair(workdir, fit_params=fit_params, fastforward=args.fastforward, recipe_path=args.recipe_path)
              ^^^^^^^^^^^^^^^^^^^^^^^^^^^^^^^^^^^^^^^^^^^^^^^^^^^^^^^^^^^^^^^^^^^^^^^^^^^^^^^^^^^^^^^^^^^^^^^^^^^^^^^^^^^^^^^^
  File "/lustre06/project/6077694/dhuruva/plastyfire/plastyfire/simulator.py", line 668, in runconnectedpair
    raise RuntimeError(f"Child process failed with exit code {child_proc.exitcode}")
RuntimeError: Child process failed with exit code -9
/cvmfs/soft.computecanada.ca/easybuild/software/2023/x86-64-v3/MPI/gcc12/openmpi4/hdf5-mpi/1.14.2/lib/python3.11/site-packages/h5py/__init__.py:36: UserWarning: h5py is running against HDF5 1.14.4 when it was built against 1.14.2, this may cause problems
  _warn(("h5py is running against HDF5 {0} when it was built against {1}, "
 2026-02-27 20:48:49,038: Loading simulation from /lustre06/project/6077694/dhuruva/plastyfire/refitting_results/fitting/n100/seed19091997/L5TTPC_L5TTPC_STDP/simulations/193481-196243/10Hz_-30ms/prefire_simulation_config.json
 2026-02-27 20:49:00,695: cvode was activated outside of Simulation, this might make it impossible to load templates with stochastic channels
 2026-02-27 20:49:09,021: Simulation finished in: 00:07:07
/localscratch/spool/slurmd/job57144578/slurm_script: line 12: 2705694 Killed                  /cvmfs/soft.computecanada.ca/easybuild/software/2023/x86-64-v3/Compiler/gcccore/python/3.11.5/bin/python /home/dhuruva/projects/ctb-emuller/dhuruva/plastyfire/plastyfire/pairrunner.py --enable_CICR_GluSynapse=1 --gamma_d_GB_GluSynapse=69.61242611028226 --gamma_p_GB_GluSynapse=166.96578019613747 --a00=1.0003490121729528 --a01=1.0877438002708641 --a10=1.3917207001380245 --a11=4.129505808304705 --a20=2.3079274077684175 --a21=1.9619384872398133 --a30=4.456560780131431 --a31=4.80485148600644 --delta_IP3_CICR_GluSynapse=2.3564846028724626 --tau_IP3_CICR_GluSynapse=4198.8339980611045 --phi_serca_CICR_GluSynapse=0.00010926586342370828 --k_leak_CICR_GluSynapse=0.00038983484712417705 --V_RyR_CICR_GluSynapse=0.0008831061403601626 --K_T_CICR_GluSynapse=0.0016997377463884833 --n_T_CICR_GluSynapse=9.677747356489755 --V_IP3R_CICR_GluSynapse=0.009883023779226525 --g_RyR_CICR_GluSynapse=14060.428640146583 --tau_effca_GB_GluSynapse=306.6936809019515 --output-filename=simulation_traces_temp.pkl
 2026-02-27 20:49:14,120: cvode was activated outside of Simulation, this might make it impossible to load templates with stochastic channels
/cvmfs/soft.computecanada.ca/easybuild/software/2023/x86-64-v3/MPI/gcc12/openmpi4/hdf5-mpi/1.14.2/lib/python3.11/site-packages/h5py/__init__.py:36: UserWarning: h5py is running against HDF5 1.14.4 when it was built against 1.14.2, this may cause problems
  _warn(("h5py is running against HDF5 {0} when it was built against {1}, "
 2026-02-27 20:49:22,235: Simulation finished in: 00:07:20
/localscratch/spool/slurmd/job57144578/slurm_script: line 12: 2705696 Killed                  /cvmfs/soft.computecanada.ca/easybuild/software/2023/x86-64-v3/Compiler/gcccore/python/3.11.5/bin/python /home/dhuruva/projects/ctb-emuller/dhuruva/plastyfire/plastyfire/pairrunner.py --enable_CICR_GluSynapse=1 --gamma_d_GB_GluSynapse=69.61242611028226 --gamma_p_GB_GluSynapse=166.96578019613747 --a00=1.0003490121729528 --a01=1.0877438002708641 --a10=1.3917207001380245 --a11=4.129505808304705 --a20=2.3079274077684175 --a21=1.9619384872398133 --a30=4.456560780131431 --a31=4.80485148600644 --delta_IP3_CICR_GluSynapse=2.3564846028724626 --tau_IP3_CICR_GluSynapse=4198.8339980611045 --phi_serca_CICR_GluSynapse=0.00010926586342370828 --k_leak_CICR_GluSynapse=0.00038983484712417705 --V_RyR_CICR_GluSynapse=0.0008831061403601626 --K_T_CICR_GluSynapse=0.0016997377463884833 --n_T_CICR_GluSynapse=9.677747356489755 --V_IP3R_CICR_GluSynapse=0.009883023779226525 --g_RyR_CICR_GluSynapse=14060.428640146583 --tau_effca_GB_GluSynapse=306.6936809019515 --output-filename=simulation_traces_temp.pkl
/cvmfs/soft.computecanada.ca/easybuild/software/2023/x86-64-v3/MPI/gcc12/openmpi4/hdf5-mpi/1.14.2/lib/python3.11/site-packages/h5py/__init__.py:36: UserWarning: h5py is running against HDF5 1.14.4 when it was built against 1.14.2, this may cause problems
  _warn(("h5py is running against HDF5 {0} when it was built against {1}, "
 2026-02-27 20:49:34,651: cvode was activated outside of Simulation, this might make it impossible to load templates with stochastic channels
 2026-02-27 20:49:36,822: Loading simulation from /lustre06/project/6077694/dhuruva/plastyfire/refitting_results/fitting/n100/seed19091997/L5TTPC_L5TTPC_STDP/simulations/193481-196243/10Hz_-50ms/prefire_simulation_config.json
Traceback (most recent call last):
  File "/home/dhuruva/projects/ctb-emuller/dhuruva/plastyfire/plastyfire/pairrunner.py", line 67, in <module>
    results = sim.runconnectedpair(workdir, fit_params=fit_params, fastforward=args.fastforward, recipe_path=args.recipe_path)
              ^^^^^^^^^^^^^^^^^^^^^^^^^^^^^^^^^^^^^^^^^^^^^^^^^^^^^^^^^^^^^^^^^^^^^^^^^^^^^^^^^^^^^^^^^^^^^^^^^^^^^^^^^^^^^^^^
  File "/lustre06/project/6077694/dhuruva/plastyfire/plastyfire/simulator.py", line 668, in runconnectedpair
    raise RuntimeError(f"Child process failed with exit code {child_proc.exitcode}")
RuntimeError: Child process failed with exit code -9
 2026-02-27 20:49:44,253: Loading simulation from /lustre06/project/6077694/dhuruva/plastyfire/refitting_results/fitting/n100/seed19091997/L5TTPC_L5TTPC_STDP/simulations/193709-181631/10Hz_-30ms/prefire_simulation_config.json
/cvmfs/soft.computecanada.ca/easybuild/software/2023/x86-64-v3/MPI/gcc12/openmpi4/hdf5-mpi/1.14.2/lib/python3.11/site-packages/h5py/__init__.py:36: UserWarning: h5py is running against HDF5 1.14.4 when it was built against 1.14.2, this may cause problems
  _warn(("h5py is running against HDF5 {0} when it was built against {1}, "
 2026-02-27 20:50:02,872: Loading simulation from /lustre06/project/6077694/dhuruva/plastyfire/refitting_results/fitting/n100/seed19091997/L5TTPC_L5TTPC_STDP/simulations/193709-181631/10Hz_-10ms/prefire_simulation_config.json
Traceback (most recent call last):
  File "/home/dhuruva/projects/ctb-emuller/dhuruva/plastyfire/plastyfire/pairrunner.py", line 67, in <module>
    results = sim.runconnectedpair(workdir, fit_params=fit_params, fastforward=args.fastforward, recipe_path=args.recipe_path)
              ^^^^^^^^^^^^^^^^^^^^^^^^^^^^^^^^^^^^^^^^^^^^^^^^^^^^^^^^^^^^^^^^^^^^^^^^^^^^^^^^^^^^^^^^^^^^^^^^^^^^^^^^^^^^^^^^
  File "/lustre06/project/6077694/dhuruva/plastyfire/plastyfire/simulator.py", line 668, in runconnectedpair
    raise RuntimeError(f"Child process failed with exit code {child_proc.exitcode}")
RuntimeError: Child process failed with exit code -9
/cvmfs/soft.computecanada.ca/easybuild/software/2023/x86-64-v3/MPI/gcc12/openmpi4/hdf5-mpi/1.14.2/lib/python3.11/site-packages/h5py/__init__.py:36: UserWarning: h5py is running against HDF5 1.14.4 when it was built against 1.14.2, this may cause problems
  _warn(("h5py is running against HDF5 {0} when it was built against {1}, "
 2026-02-27 20:53:05,010: Loading simulation from /lustre06/project/6077694/dhuruva/plastyfire/refitting_results/fitting/n100/seed19091997/L5TTPC_L5TTPC_STDP/simulations/193709-181631/10Hz_50ms/prefire_simulation_config.json
 2026-02-27 20:54:41,507: cvode was activated outside of Simulation, this might make it impossible to load templates with stochastic channels
Traceback (most recent call last):
  File "/home/dhuruva/projects/ctb-emuller/dhuruva/plastyfire/plastyfire/pairrunner.py", line 67, in <module>
    results = sim.runconnectedpair(workdir, fit_params=fit_params, fastforward=args.fastforward, recipe_path=args.recipe_path)
              ^^^^^^^^^^^^^^^^^^^^^^^^^^^^^^^^^^^^^^^^^^^^^^^^^^^^^^^^^^^^^^^^^^^^^^^^^^^^^^^^^^^^^^^^^^^^^^^^^^^^^^^^^^^^^^^^
  File "/lustre06/project/6077694/dhuruva/plastyfire/plastyfire/simulator.py", line 668, in runconnectedpair
    raise RuntimeError(f"Child process failed with exit code {child_proc.exitcode}")
RuntimeError: Child process failed with exit code -9
/cvmfs/soft.computecanada.ca/easybuild/software/2023/x86-64-v3/MPI/gcc12/openmpi4/hdf5-mpi/1.14.2/lib/python3.11/site-packages/h5py/__init__.py:36: UserWarning: h5py is running against HDF5 1.14.4 when it was built against 1.14.2, this may cause problems
  _warn(("h5py is running against HDF5 {0} when it was built against {1}, "
 2026-02-27 20:54:48,706: Simulation finished in: 00:05:20
 2026-02-27 20:54:48,795: Data writing finished
 2026-02-27 20:54:54,116: cvode was activated outside of Simulation, this might make it impossible to load templates with stochastic channels
 2026-02-27 20:55:01,005: Simulation finished in: 00:05:14
 2026-02-27 20:55:01,099: Data writing finished
 2026-02-27 20:55:03,097: Loading simulation from /lustre06/project/6077694/dhuruva/plastyfire/refitting_results/fitting/n100/seed19091997/L5TTPC_L5TTPC_STDP/simulations/193709-181631/10Hz_10ms/prefire_simulation_config.json
 2026-02-27 20:58:00,904: cvode was activated outside of Simulation, this might make it impossible to load templates with stochastic channels
 2026-02-27 20:58:07,855: Simulation finished in: 00:05:17
 2026-02-27 20:58:07,952: Data writing finished
 2026-02-27 20:59:46,956: cvode was activated outside of Simulation, this might make it impossible to load templates with stochastic channels
 2026-02-27 20:59:53,894: Simulation finished in: 00:05:05
 2026-02-27 20:59:54,064: Data writing finished
slurmstepd: error: Detected 6 oom_kill events in StepId=57144578.batch. Some of the step tasks have been OOM Killed.
