/cvmfs/soft.computecanada.ca/easybuild/software/2023/x86-64-v3/MPI/gcc12/openmpi4/hdf5-mpi/1.14.2/lib/python3.11/site-packages/h5py/__init__.py:36: UserWarning: h5py is running against HDF5 1.14.4 when it was built against 1.14.2, this may cause problems
  _warn(("h5py is running against HDF5 {0} when it was built against {1}, "
/cvmfs/soft.computecanada.ca/easybuild/software/2023/x86-64-v3/MPI/gcc12/openmpi4/hdf5-mpi/1.14.2/lib/python3.11/site-packages/h5py/__init__.py:36: UserWarning: h5py is running against HDF5 1.14.4 when it was built against 1.14.2, this may cause problems
  _warn(("h5py is running against HDF5 {0} when it was built against {1}, "
/cvmfs/soft.computecanada.ca/easybuild/software/2023/x86-64-v3/MPI/gcc12/openmpi4/hdf5-mpi/1.14.2/lib/python3.11/site-packages/h5py/__init__.py:36: UserWarning: h5py is running against HDF5 1.14.4 when it was built against 1.14.2, this may cause problems
  _warn(("h5py is running against HDF5 {0} when it was built against {1}, "
/cvmfs/soft.computecanada.ca/easybuild/software/2023/x86-64-v3/MPI/gcc12/openmpi4/hdf5-mpi/1.14.2/lib/python3.11/site-packages/h5py/__init__.py:36: UserWarning: h5py is running against HDF5 1.14.4 when it was built against 1.14.2, this may cause problems
  _warn(("h5py is running against HDF5 {0} when it was built against {1}, "
 2026-02-27 20:42:20,488: Loading simulation from /lustre06/project/6077694/dhuruva/plastyfire/refitting_results/fitting/n100/seed19091997/L5TTPC_L5TTPC_STDP/simulations/196562-186098/10Hz_5ms/prefire_simulation_config.json
 2026-02-27 20:42:20,569: Loading simulation from /lustre06/project/6077694/dhuruva/plastyfire/refitting_results/fitting/n100/seed19091997/L5TTPC_L5TTPC_STDP/simulations/196562-186098/10Hz_30ms/prefire_simulation_config.json
 2026-02-27 20:42:20,614: Loading simulation from /lustre06/project/6077694/dhuruva/plastyfire/refitting_results/fitting/n100/seed19091997/L5TTPC_L5TTPC_STDP/simulations/196562-186098/10Hz_10ms/prefire_simulation_config.json
 2026-02-27 20:42:20,729: Loading simulation from /lustre06/project/6077694/dhuruva/plastyfire/refitting_results/fitting/n100/seed19091997/L5TTPC_L5TTPC_STDP/simulations/196562-186098/10Hz_-50ms/prefire_simulation_config.json
 2026-02-27 20:47:28,093: cvode was activated outside of Simulation, this might make it impossible to load templates with stochastic channels
 2026-02-27 20:47:34,964: Simulation finished in: 00:05:35
 2026-02-27 20:47:35,022: Data writing finished
/cvmfs/soft.computecanada.ca/easybuild/software/2023/x86-64-v3/MPI/gcc12/openmpi4/hdf5-mpi/1.14.2/lib/python3.11/site-packages/h5py/__init__.py:36: UserWarning: h5py is running against HDF5 1.14.4 when it was built against 1.14.2, this may cause problems
  _warn(("h5py is running against HDF5 {0} when it was built against {1}, "
 2026-02-27 20:47:38,924: cvode was activated outside of Simulation, this might make it impossible to load templates with stochastic channels
 2026-02-27 20:47:44,342: cvode was activated outside of Simulation, this might make it impossible to load templates with stochastic channels
 2026-02-27 20:47:45,465: Simulation finished in: 00:05:45
 2026-02-27 20:47:45,527: Data writing finished
 2026-02-27 20:47:46,484: cvode was activated outside of Simulation, this might make it impossible to load templates with stochastic channels
/cvmfs/soft.computecanada.ca/easybuild/software/2023/x86-64-v3/MPI/gcc12/openmpi4/hdf5-mpi/1.14.2/lib/python3.11/site-packages/h5py/__init__.py:36: UserWarning: h5py is running against HDF5 1.14.4 when it was built against 1.14.2, this may cause problems
  _warn(("h5py is running against HDF5 {0} when it was built against {1}, "
 2026-02-27 20:47:51,286: Simulation finished in: 00:05:51
 2026-02-27 20:47:51,457: Data writing finished
/cvmfs/soft.computecanada.ca/easybuild/software/2023/x86-64-v3/MPI/gcc12/openmpi4/hdf5-mpi/1.14.2/lib/python3.11/site-packages/h5py/__init__.py:36: UserWarning: h5py is running against HDF5 1.14.4 when it was built against 1.14.2, this may cause problems
  _warn(("h5py is running against HDF5 {0} when it was built against {1}, "
 2026-02-27 20:47:53,165: Simulation finished in: 00:05:53
 2026-02-27 20:47:53,228: Data writing finished
/cvmfs/soft.computecanada.ca/easybuild/software/2023/x86-64-v3/MPI/gcc12/openmpi4/hdf5-mpi/1.14.2/lib/python3.11/site-packages/h5py/__init__.py:36: UserWarning: h5py is running against HDF5 1.14.4 when it was built against 1.14.2, this may cause problems
  _warn(("h5py is running against HDF5 {0} when it was built against {1}, "
 2026-02-27 20:47:55,468: Loading simulation from /lustre06/project/6077694/dhuruva/plastyfire/refitting_results/fitting/n100/seed19091997/L5TTPC_L5TTPC_STDP/simulations/196562-186098/10Hz_50ms/prefire_simulation_config.json
 2026-02-27 20:48:02,919: Loading simulation from /lustre06/project/6077694/dhuruva/plastyfire/refitting_results/fitting/n100/seed19091997/L5TTPC_L5TTPC_STDP/simulations/196654-200262/10Hz_-10ms/prefire_simulation_config.json
 2026-02-27 20:48:08,383: Loading simulation from /lustre06/project/6077694/dhuruva/plastyfire/refitting_results/fitting/n100/seed19091997/L5TTPC_L5TTPC_STDP/simulations/196654-200262/10Hz_-30ms/prefire_simulation_config.json
 2026-02-27 20:48:10,014: Loading simulation from /lustre06/project/6077694/dhuruva/plastyfire/refitting_results/fitting/n100/seed19091997/L5TTPC_L5TTPC_STDP/simulations/196654-200262/10Hz_50ms/prefire_simulation_config.json
 2026-02-27 20:53:19,087: cvode was activated outside of Simulation, this might make it impossible to load templates with stochastic channels
 2026-02-27 20:53:25,842: Simulation finished in: 00:05:48
 2026-02-27 20:53:26,430: Data writing finished
/cvmfs/soft.computecanada.ca/easybuild/software/2023/x86-64-v3/MPI/gcc12/openmpi4/hdf5-mpi/1.14.2/lib/python3.11/site-packages/h5py/__init__.py:36: UserWarning: h5py is running against HDF5 1.14.4 when it was built against 1.14.2, this may cause problems
  _warn(("h5py is running against HDF5 {0} when it was built against {1}, "
 2026-02-27 20:53:43,151: Loading simulation from /lustre06/project/6077694/dhuruva/plastyfire/refitting_results/fitting/n100/seed19091997/L5TTPC_L5TTPC_STDP/simulations/196654-200262/10Hz_10ms/prefire_simulation_config.json
 2026-02-27 20:53:51,250: cvode was activated outside of Simulation, this might make it impossible to load templates with stochastic channels
 2026-02-27 20:53:58,015: Simulation finished in: 00:06:10
 2026-02-27 20:53:58,064: Data writing finished
/cvmfs/soft.computecanada.ca/easybuild/software/2023/x86-64-v3/MPI/gcc12/openmpi4/hdf5-mpi/1.14.2/lib/python3.11/site-packages/h5py/__init__.py:36: UserWarning: h5py is running against HDF5 1.14.4 when it was built against 1.14.2, this may cause problems
  _warn(("h5py is running against HDF5 {0} when it was built against {1}, "
 2026-02-27 20:54:05,157: cvode was activated outside of Simulation, this might make it impossible to load templates with stochastic channels
 2026-02-27 20:54:12,039: Simulation finished in: 00:06:18
 2026-02-27 20:54:12,088: Data writing finished
 2026-02-27 20:54:15,186: Loading simulation from /lustre06/project/6077694/dhuruva/plastyfire/refitting_results/fitting/n100/seed19091997/L5TTPC_L5TTPC_STDP/simulations/196654-200262/10Hz_-50ms/prefire_simulation_config.json
 2026-02-27 20:54:22,748: cvode was activated outside of Simulation, this might make it impossible to load templates with stochastic channels
 2026-02-27 20:54:29,425: Simulation finished in: 00:06:34
 2026-02-27 20:54:29,482: Data writing finished
 2026-02-27 20:59:29,363: cvode was activated outside of Simulation, this might make it impossible to load templates with stochastic channels
 2026-02-27 20:59:36,111: Simulation finished in: 00:06:07
 2026-02-27 20:59:36,157: Data writing finished
 2026-02-27 21:00:18,255: cvode was activated outside of Simulation, this might make it impossible to load templates with stochastic channels
 2026-02-27 21:00:25,040: Simulation finished in: 00:06:24
 2026-02-27 21:00:25,209: Data writing finished
