/cvmfs/soft.computecanada.ca/easybuild/software/2023/x86-64-v3/MPI/gcc12/openmpi4/hdf5-mpi/1.14.2/lib/python3.11/site-packages/h5py/__init__.py:36: UserWarning: h5py is running against HDF5 1.14.4 when it was built against 1.14.2, this may cause problems
  _warn(("h5py is running against HDF5 {0} when it was built against {1}, "
/cvmfs/soft.computecanada.ca/easybuild/software/2023/x86-64-v3/MPI/gcc12/openmpi4/hdf5-mpi/1.14.2/lib/python3.11/site-packages/h5py/__init__.py:36: UserWarning: h5py is running against HDF5 1.14.4 when it was built against 1.14.2, this may cause problems
  _warn(("h5py is running against HDF5 {0} when it was built against {1}, "
/cvmfs/soft.computecanada.ca/easybuild/software/2023/x86-64-v3/MPI/gcc12/openmpi4/hdf5-mpi/1.14.2/lib/python3.11/site-packages/h5py/__init__.py:36: UserWarning: h5py is running against HDF5 1.14.4 when it was built against 1.14.2, this may cause problems
  _warn(("h5py is running against HDF5 {0} when it was built against {1}, "
/cvmfs/soft.computecanada.ca/easybuild/software/2023/x86-64-v3/MPI/gcc12/openmpi4/hdf5-mpi/1.14.2/lib/python3.11/site-packages/h5py/__init__.py:36: UserWarning: h5py is running against HDF5 1.14.4 when it was built against 1.14.2, this may cause problems
  _warn(("h5py is running against HDF5 {0} when it was built against {1}, "
 2026-02-27 20:05:45,060: Loading simulation from /lustre06/project/6077694/dhuruva/plastyfire/refitting_results/fitting/n100/seed19091997/L5TTPC_L5TTPC_STDP/simulations/186356-189091/10Hz_30ms/prefire_simulation_config.json
 2026-02-27 20:05:45,063: Loading simulation from /lustre06/project/6077694/dhuruva/plastyfire/refitting_results/fitting/n100/seed19091997/L5TTPC_L5TTPC_STDP/simulations/186356-189091/10Hz_-50ms/prefire_simulation_config.json
 2026-02-27 20:05:45,100: Loading simulation from /lustre06/project/6077694/dhuruva/plastyfire/refitting_results/fitting/n100/seed19091997/L5TTPC_L5TTPC_STDP/simulations/186356-189091/10Hz_-30ms/prefire_simulation_config.json
 2026-02-27 20:05:45,127: Loading simulation from /lustre06/project/6077694/dhuruva/plastyfire/refitting_results/fitting/n100/seed19091997/L5TTPC_L5TTPC_STDP/simulations/186356-189091/10Hz_10ms/prefire_simulation_config.json
 2026-02-27 20:11:03,967: cvode was activated outside of Simulation, this might make it impossible to load templates with stochastic channels
 2026-02-27 20:11:04,566: cvode was activated outside of Simulation, this might make it impossible to load templates with stochastic channels
 2026-02-27 20:11:09,506: cvode was activated outside of Simulation, this might make it impossible to load templates with stochastic channels
 2026-02-27 20:11:09,906: cvode was activated outside of Simulation, this might make it impossible to load templates with stochastic channels
 2026-02-27 20:11:10,781: Simulation finished in: 00:05:40
 2026-02-27 20:11:10,922: Data writing finished
 2026-02-27 20:11:11,632: Simulation finished in: 00:05:41
 2026-02-27 20:11:11,764: Data writing finished
/cvmfs/soft.computecanada.ca/easybuild/software/2023/x86-64-v3/MPI/gcc12/openmpi4/hdf5-mpi/1.14.2/lib/python3.11/site-packages/h5py/__init__.py:36: UserWarning: h5py is running against HDF5 1.14.4 when it was built against 1.14.2, this may cause problems
  _warn(("h5py is running against HDF5 {0} when it was built against {1}, "
/cvmfs/soft.computecanada.ca/easybuild/software/2023/x86-64-v3/MPI/gcc12/openmpi4/hdf5-mpi/1.14.2/lib/python3.11/site-packages/h5py/__init__.py:36: UserWarning: h5py is running against HDF5 1.14.4 when it was built against 1.14.2, this may cause problems
  _warn(("h5py is running against HDF5 {0} when it was built against {1}, "
 2026-02-27 20:11:16,297: Simulation finished in: 00:05:46
 2026-02-27 20:11:16,405: Data writing finished
 2026-02-27 20:11:16,928: Simulation finished in: 00:05:46
 2026-02-27 20:11:17,039: Data writing finished
/cvmfs/soft.computecanada.ca/easybuild/software/2023/x86-64-v3/MPI/gcc12/openmpi4/hdf5-mpi/1.14.2/lib/python3.11/site-packages/h5py/__init__.py:36: UserWarning: h5py is running against HDF5 1.14.4 when it was built against 1.14.2, this may cause problems
  _warn(("h5py is running against HDF5 {0} when it was built against {1}, "
/cvmfs/soft.computecanada.ca/easybuild/software/2023/x86-64-v3/MPI/gcc12/openmpi4/hdf5-mpi/1.14.2/lib/python3.11/site-packages/h5py/__init__.py:36: UserWarning: h5py is running against HDF5 1.14.4 when it was built against 1.14.2, this may cause problems
  _warn(("h5py is running against HDF5 {0} when it was built against {1}, "
 2026-02-27 20:11:26,345: Loading simulation from /lustre06/project/6077694/dhuruva/plastyfire/refitting_results/fitting/n100/seed19091997/L5TTPC_L5TTPC_STDP/simulations/186356-189091/10Hz_-10ms/prefire_simulation_config.json
 2026-02-27 20:11:27,065: Loading simulation from /lustre06/project/6077694/dhuruva/plastyfire/refitting_results/fitting/n100/seed19091997/L5TTPC_L5TTPC_STDP/simulations/186356-189091/10Hz_50ms/prefire_simulation_config.json
 2026-02-27 20:11:32,462: Loading simulation from /lustre06/project/6077694/dhuruva/plastyfire/refitting_results/fitting/n100/seed19091997/L5TTPC_L5TTPC_STDP/simulations/186407-182154/10Hz_5ms/prefire_simulation_config.json
 2026-02-27 20:11:32,992: Loading simulation from /lustre06/project/6077694/dhuruva/plastyfire/refitting_results/fitting/n100/seed19091997/L5TTPC_L5TTPC_STDP/simulations/186407-182154/10Hz_30ms/prefire_simulation_config.json
 2026-02-27 20:16:51,026: cvode was activated outside of Simulation, this might make it impossible to load templates with stochastic channels
 2026-02-27 20:16:58,079: Simulation finished in: 00:05:45
 2026-02-27 20:16:58,191: Data writing finished
/cvmfs/soft.computecanada.ca/easybuild/software/2023/x86-64-v3/MPI/gcc12/openmpi4/hdf5-mpi/1.14.2/lib/python3.11/site-packages/h5py/__init__.py:36: UserWarning: h5py is running against HDF5 1.14.4 when it was built against 1.14.2, this may cause problems
  _warn(("h5py is running against HDF5 {0} when it was built against {1}, "
 2026-02-27 20:17:02,650: cvode was activated outside of Simulation, this might make it impossible to load templates with stochastic channels
 2026-02-27 20:17:09,610: Simulation finished in: 00:05:55
 2026-02-27 20:17:09,737: Data writing finished
/cvmfs/soft.computecanada.ca/easybuild/software/2023/x86-64-v3/MPI/gcc12/openmpi4/hdf5-mpi/1.14.2/lib/python3.11/site-packages/h5py/__init__.py:36: UserWarning: h5py is running against HDF5 1.14.4 when it was built against 1.14.2, this may cause problems
  _warn(("h5py is running against HDF5 {0} when it was built against {1}, "
 2026-02-27 20:17:14,430: Loading simulation from /lustre06/project/6077694/dhuruva/plastyfire/refitting_results/fitting/n100/seed19091997/L5TTPC_L5TTPC_STDP/simulations/186407-182154/10Hz_-50ms/prefire_simulation_config.json
 2026-02-27 20:17:25,831: Loading simulation from /lustre06/project/6077694/dhuruva/plastyfire/refitting_results/fitting/n100/seed19091997/L5TTPC_L5TTPC_STDP/simulations/186407-182154/10Hz_10ms/prefire_simulation_config.json
 2026-02-27 20:18:18,858: cvode was activated outside of Simulation, this might make it impossible to load templates with stochastic channels
 2026-02-27 20:18:25,834: Simulation finished in: 00:07:07
 2026-02-27 20:18:25,956: Data writing finished
 2026-02-27 20:18:54,750: cvode was activated outside of Simulation, this might make it impossible to load templates with stochastic channels
 2026-02-27 20:19:01,670: Simulation finished in: 00:07:42
 2026-02-27 20:19:01,813: Data writing finished
 2026-02-27 20:24:33,209: cvode was activated outside of Simulation, this might make it impossible to load templates with stochastic channels
 2026-02-27 20:24:40,024: Simulation finished in: 00:07:28
 2026-02-27 20:24:40,200: Data writing finished
 2026-02-27 20:29:42,059: cvode was activated outside of Simulation, this might make it impossible to load templates with stochastic channels
 2026-02-27 20:29:49,641: Simulation finished in: 00:12:49
 2026-02-27 20:29:49,964: Data writing finished
