/cvmfs/soft.computecanada.ca/easybuild/software/2023/x86-64-v3/MPI/gcc12/openmpi4/hdf5-mpi/1.14.2/lib/python3.11/site-packages/h5py/__init__.py:36: UserWarning: h5py is running against HDF5 1.14.4 when it was built against 1.14.2, this may cause problems
  _warn(("h5py is running against HDF5 {0} when it was built against {1}, "
/cvmfs/soft.computecanada.ca/easybuild/software/2023/x86-64-v3/MPI/gcc12/openmpi4/hdf5-mpi/1.14.2/lib/python3.11/site-packages/h5py/__init__.py:36: UserWarning: h5py is running against HDF5 1.14.4 when it was built against 1.14.2, this may cause problems
  _warn(("h5py is running against HDF5 {0} when it was built against {1}, "
/cvmfs/soft.computecanada.ca/easybuild/software/2023/x86-64-v3/MPI/gcc12/openmpi4/hdf5-mpi/1.14.2/lib/python3.11/site-packages/h5py/__init__.py:36: UserWarning: h5py is running against HDF5 1.14.4 when it was built against 1.14.2, this may cause problems
  _warn(("h5py is running against HDF5 {0} when it was built against {1}, "
/cvmfs/soft.computecanada.ca/easybuild/software/2023/x86-64-v3/MPI/gcc12/openmpi4/hdf5-mpi/1.14.2/lib/python3.11/site-packages/h5py/__init__.py:36: UserWarning: h5py is running against HDF5 1.14.4 when it was built against 1.14.2, this may cause problems
  _warn(("h5py is running against HDF5 {0} when it was built against {1}, "
 2026-02-27 20:02:32,186: Loading simulation from /lustre06/project/6077694/dhuruva/plastyfire/refitting_results/fitting/n100/seed19091997/L5TTPC_L5TTPC_STDP/simulations/182072-199843/10Hz_50ms/prefire_simulation_config.json
 2026-02-27 20:02:32,188: Loading simulation from /lustre06/project/6077694/dhuruva/plastyfire/refitting_results/fitting/n100/seed19091997/L5TTPC_L5TTPC_STDP/simulations/182072-199843/10Hz_-10ms/prefire_simulation_config.json
 2026-02-27 20:02:32,243: Loading simulation from /lustre06/project/6077694/dhuruva/plastyfire/refitting_results/fitting/n100/seed19091997/L5TTPC_L5TTPC_STDP/simulations/182072-199843/10Hz_5ms/prefire_simulation_config.json
 2026-02-27 20:02:32,245: Loading simulation from /lustre06/project/6077694/dhuruva/plastyfire/refitting_results/fitting/n100/seed19091997/L5TTPC_L5TTPC_STDP/simulations/182072-199843/10Hz_-50ms/prefire_simulation_config.json
 2026-02-27 20:05:53,149: cvode was activated outside of Simulation, this might make it impossible to load templates with stochastic channels
 2026-02-27 20:05:54,739: cvode was activated outside of Simulation, this might make it impossible to load templates with stochastic channels
 2026-02-27 20:06:00,921: cvode was activated outside of Simulation, this might make it impossible to load templates with stochastic channels
 2026-02-27 20:06:01,689: Simulation finished in: 00:03:45
 2026-02-27 20:06:01,855: Data writing finished
 2026-02-27 20:06:01,891: Simulation finished in: 00:03:45
 2026-02-27 20:06:01,956: Data writing finished
 2026-02-27 20:06:02,482: cvode was activated outside of Simulation, this might make it impossible to load templates with stochastic channels
/cvmfs/soft.computecanada.ca/easybuild/software/2023/x86-64-v3/MPI/gcc12/openmpi4/hdf5-mpi/1.14.2/lib/python3.11/site-packages/h5py/__init__.py:36: UserWarning: h5py is running against HDF5 1.14.4 when it was built against 1.14.2, this may cause problems
  _warn(("h5py is running against HDF5 {0} when it was built against {1}, "
/cvmfs/soft.computecanada.ca/easybuild/software/2023/x86-64-v3/MPI/gcc12/openmpi4/hdf5-mpi/1.14.2/lib/python3.11/site-packages/h5py/__init__.py:36: UserWarning: h5py is running against HDF5 1.14.4 when it was built against 1.14.2, this may cause problems
  _warn(("h5py is running against HDF5 {0} when it was built against {1}, "
 2026-02-27 20:06:08,127: Simulation finished in: 00:03:51
 2026-02-27 20:06:08,231: Data writing finished
/cvmfs/soft.computecanada.ca/easybuild/software/2023/x86-64-v3/MPI/gcc12/openmpi4/hdf5-mpi/1.14.2/lib/python3.11/site-packages/h5py/__init__.py:36: UserWarning: h5py is running against HDF5 1.14.4 when it was built against 1.14.2, this may cause problems
  _warn(("h5py is running against HDF5 {0} when it was built against {1}, "
 2026-02-27 20:06:09,560: Simulation finished in: 00:03:53
 2026-02-27 20:06:09,666: Data writing finished
/cvmfs/soft.computecanada.ca/easybuild/software/2023/x86-64-v3/MPI/gcc12/openmpi4/hdf5-mpi/1.14.2/lib/python3.11/site-packages/h5py/__init__.py:36: UserWarning: h5py is running against HDF5 1.14.4 when it was built against 1.14.2, this may cause problems
  _warn(("h5py is running against HDF5 {0} when it was built against {1}, "
 2026-02-27 20:06:18,802: Loading simulation from /lustre06/project/6077694/dhuruva/plastyfire/refitting_results/fitting/n100/seed19091997/L5TTPC_L5TTPC_STDP/simulations/182354-185997/10Hz_10ms/prefire_simulation_config.json
 2026-02-27 20:06:19,143: Loading simulation from /lustre06/project/6077694/dhuruva/plastyfire/refitting_results/fitting/n100/seed19091997/L5TTPC_L5TTPC_STDP/simulations/182354-185997/10Hz_-50ms/prefire_simulation_config.json
 2026-02-27 20:06:24,817: Loading simulation from /lustre06/project/6077694/dhuruva/plastyfire/refitting_results/fitting/n100/seed19091997/L5TTPC_L5TTPC_STDP/simulations/182354-185997/10Hz_30ms/prefire_simulation_config.json
 2026-02-27 20:06:26,398: Loading simulation from /lustre06/project/6077694/dhuruva/plastyfire/refitting_results/fitting/n100/seed19091997/L5TTPC_L5TTPC_STDP/simulations/182354-185997/10Hz_-10ms/prefire_simulation_config.json
 2026-02-27 20:11:34,503: cvode was activated outside of Simulation, this might make it impossible to load templates with stochastic channels
 2026-02-27 20:11:39,814: cvode was activated outside of Simulation, this might make it impossible to load templates with stochastic channels
 2026-02-27 20:11:41,456: Simulation finished in: 00:05:37
 2026-02-27 20:11:41,553: Data writing finished
/cvmfs/soft.computecanada.ca/easybuild/software/2023/x86-64-v3/MPI/gcc12/openmpi4/hdf5-mpi/1.14.2/lib/python3.11/site-packages/h5py/__init__.py:36: UserWarning: h5py is running against HDF5 1.14.4 when it was built against 1.14.2, this may cause problems
  _warn(("h5py is running against HDF5 {0} when it was built against {1}, "
 2026-02-27 20:11:43,359: cvode was activated outside of Simulation, this might make it impossible to load templates with stochastic channels
 2026-02-27 20:11:45,729: cvode was activated outside of Simulation, this might make it impossible to load templates with stochastic channels
 2026-02-27 20:11:46,584: Simulation finished in: 00:05:42
 2026-02-27 20:11:46,689: Data writing finished
/cvmfs/soft.computecanada.ca/easybuild/software/2023/x86-64-v3/MPI/gcc12/openmpi4/hdf5-mpi/1.14.2/lib/python3.11/site-packages/h5py/__init__.py:36: UserWarning: h5py is running against HDF5 1.14.4 when it was built against 1.14.2, this may cause problems
  _warn(("h5py is running against HDF5 {0} when it was built against {1}, "
 2026-02-27 20:11:50,300: Simulation finished in: 00:05:40
 2026-02-27 20:11:50,407: Data writing finished
 2026-02-27 20:11:52,690: Simulation finished in: 00:05:41
 2026-02-27 20:11:52,789: Data writing finished
 2026-02-27 20:11:59,422: Loading simulation from /lustre06/project/6077694/dhuruva/plastyfire/refitting_results/fitting/n100/seed19091997/L5TTPC_L5TTPC_STDP/simulations/182354-185997/10Hz_-30ms/prefire_simulation_config.json
 2026-02-27 20:12:03,771: Loading simulation from /lustre06/project/6077694/dhuruva/plastyfire/refitting_results/fitting/n100/seed19091997/L5TTPC_L5TTPC_STDP/simulations/182354-185997/10Hz_50ms/prefire_simulation_config.json
 2026-02-27 20:17:18,264: cvode was activated outside of Simulation, this might make it impossible to load templates with stochastic channels
 2026-02-27 20:17:25,182: Simulation finished in: 00:05:41
 2026-02-27 20:17:25,282: Data writing finished
 2026-02-27 20:17:34,735: cvode was activated outside of Simulation, this might make it impossible to load templates with stochastic channels
 2026-02-27 20:17:41,624: Simulation finished in: 00:05:52
 2026-02-27 20:17:41,726: Data writing finished
