/cvmfs/soft.computecanada.ca/easybuild/software/2023/x86-64-v3/MPI/gcc12/openmpi4/hdf5-mpi/1.14.2/lib/python3.11/site-packages/h5py/__init__.py:36: UserWarning: h5py is running against HDF5 1.14.4 when it was built against 1.14.2, this may cause problems
  _warn(("h5py is running against HDF5 {0} when it was built against {1}, "
/cvmfs/soft.computecanada.ca/easybuild/software/2023/x86-64-v3/MPI/gcc12/openmpi4/hdf5-mpi/1.14.2/lib/python3.11/site-packages/h5py/__init__.py:36: UserWarning: h5py is running against HDF5 1.14.4 when it was built against 1.14.2, this may cause problems
  _warn(("h5py is running against HDF5 {0} when it was built against {1}, "
/cvmfs/soft.computecanada.ca/easybuild/software/2023/x86-64-v3/MPI/gcc12/openmpi4/hdf5-mpi/1.14.2/lib/python3.11/site-packages/h5py/__init__.py:36: UserWarning: h5py is running against HDF5 1.14.4 when it was built against 1.14.2, this may cause problems
  _warn(("h5py is running against HDF5 {0} when it was built against {1}, "
/cvmfs/soft.computecanada.ca/easybuild/software/2023/x86-64-v3/MPI/gcc12/openmpi4/hdf5-mpi/1.14.2/lib/python3.11/site-packages/h5py/__init__.py:36: UserWarning: h5py is running against HDF5 1.14.4 when it was built against 1.14.2, this may cause problems
  _warn(("h5py is running against HDF5 {0} when it was built against {1}, "
 2026-02-27 20:02:38,501: Loading simulation from /lustre06/project/6077694/dhuruva/plastyfire/refitting_results/fitting/n100/seed19091997/L5TTPC_L5TTPC_STDP/simulations/182354-185997/10Hz_5ms/prefire_simulation_config.json
 2026-02-27 20:02:38,584: Loading simulation from /lustre06/project/6077694/dhuruva/plastyfire/refitting_results/fitting/n100/seed19091997/L5TTPC_L5TTPC_STDP/simulations/182369-181607/10Hz_10ms/prefire_simulation_config.json
 2026-02-27 20:02:38,805: Loading simulation from /lustre06/project/6077694/dhuruva/plastyfire/refitting_results/fitting/n100/seed19091997/L5TTPC_L5TTPC_STDP/simulations/182369-181607/10Hz_5ms/prefire_simulation_config.json
 2026-02-27 20:02:39,045: Loading simulation from /lustre06/project/6077694/dhuruva/plastyfire/refitting_results/fitting/n100/seed19091997/L5TTPC_L5TTPC_STDP/simulations/182369-181607/10Hz_50ms/prefire_simulation_config.json
 2026-02-27 20:07:13,622: cvode was activated outside of Simulation, this might make it impossible to load templates with stochastic channels
 2026-02-27 20:07:20,658: Simulation finished in: 00:05:00
 2026-02-27 20:07:20,715: Data writing finished
/cvmfs/soft.computecanada.ca/easybuild/software/2023/x86-64-v3/MPI/gcc12/openmpi4/hdf5-mpi/1.14.2/lib/python3.11/site-packages/h5py/__init__.py:36: UserWarning: h5py is running against HDF5 1.14.4 when it was built against 1.14.2, this may cause problems
  _warn(("h5py is running against HDF5 {0} when it was built against {1}, "
 2026-02-27 20:07:31,710: cvode was activated outside of Simulation, this might make it impossible to load templates with stochastic channels
 2026-02-27 20:07:37,393: Loading simulation from /lustre06/project/6077694/dhuruva/plastyfire/refitting_results/fitting/n100/seed19091997/L5TTPC_L5TTPC_STDP/simulations/182369-181607/10Hz_30ms/prefire_simulation_config.json
 2026-02-27 20:07:38,505: Simulation finished in: 00:05:17
 2026-02-27 20:07:38,558: Data writing finished
/cvmfs/soft.computecanada.ca/easybuild/software/2023/x86-64-v3/MPI/gcc12/openmpi4/hdf5-mpi/1.14.2/lib/python3.11/site-packages/h5py/__init__.py:36: UserWarning: h5py is running against HDF5 1.14.4 when it was built against 1.14.2, this may cause problems
  _warn(("h5py is running against HDF5 {0} when it was built against {1}, "
 2026-02-27 20:07:54,754: Loading simulation from /lustre06/project/6077694/dhuruva/plastyfire/refitting_results/fitting/n100/seed19091997/L5TTPC_L5TTPC_STDP/simulations/182369-181607/10Hz_-50ms/prefire_simulation_config.json
 2026-02-27 20:07:56,174: cvode was activated outside of Simulation, this might make it impossible to load templates with stochastic channels
 2026-02-27 20:08:03,020: Simulation finished in: 00:05:42
 2026-02-27 20:08:03,115: Data writing finished
/cvmfs/soft.computecanada.ca/easybuild/software/2023/x86-64-v3/MPI/gcc12/openmpi4/hdf5-mpi/1.14.2/lib/python3.11/site-packages/h5py/__init__.py:36: UserWarning: h5py is running against HDF5 1.14.4 when it was built against 1.14.2, this may cause problems
  _warn(("h5py is running against HDF5 {0} when it was built against {1}, "
 2026-02-27 20:08:19,226: Loading simulation from /lustre06/project/6077694/dhuruva/plastyfire/refitting_results/fitting/n100/seed19091997/L5TTPC_L5TTPC_STDP/simulations/182369-181607/10Hz_-30ms/prefire_simulation_config.json
 2026-02-27 20:11:27,928: cvode was activated outside of Simulation, this might make it impossible to load templates with stochastic channels
 2026-02-27 20:11:35,215: Simulation finished in: 00:09:14
 2026-02-27 20:11:35,396: Data writing finished
/cvmfs/soft.computecanada.ca/easybuild/software/2023/x86-64-v3/MPI/gcc12/openmpi4/hdf5-mpi/1.14.2/lib/python3.11/site-packages/h5py/__init__.py:36: UserWarning: h5py is running against HDF5 1.14.4 when it was built against 1.14.2, this may cause problems
  _warn(("h5py is running against HDF5 {0} when it was built against {1}, "
 2026-02-27 20:11:51,898: Loading simulation from /lustre06/project/6077694/dhuruva/plastyfire/refitting_results/fitting/n100/seed19091997/L5TTPC_L5TTPC_STDP/simulations/182369-181607/10Hz_-10ms/prefire_simulation_config.json
 2026-02-27 20:12:34,774: cvode was activated outside of Simulation, this might make it impossible to load templates with stochastic channels
 2026-02-27 20:12:41,616: Simulation finished in: 00:05:18
 2026-02-27 20:12:41,676: Data writing finished
/cvmfs/soft.computecanada.ca/easybuild/software/2023/x86-64-v3/MPI/gcc12/openmpi4/hdf5-mpi/1.14.2/lib/python3.11/site-packages/h5py/__init__.py:36: UserWarning: h5py is running against HDF5 1.14.4 when it was built against 1.14.2, this may cause problems
  _warn(("h5py is running against HDF5 {0} when it was built against {1}, "
 2026-02-27 20:13:00,271: Loading simulation from /lustre06/project/6077694/dhuruva/plastyfire/refitting_results/fitting/n100/seed19091997/L5TTPC_L5TTPC_STDP/simulations/182581-208651/10Hz_5ms/prefire_simulation_config.json
 2026-02-27 20:17:13,719: cvode was activated outside of Simulation, this might make it impossible to load templates with stochastic channels
 2026-02-27 20:17:20,709: Simulation finished in: 00:04:36
 2026-02-27 20:17:20,748: Data writing finished
 2026-02-27 20:17:21,516: cvode was activated outside of Simulation, this might make it impossible to load templates with stochastic channels
/cvmfs/soft.computecanada.ca/easybuild/software/2023/x86-64-v3/MPI/gcc12/openmpi4/hdf5-mpi/1.14.2/lib/python3.11/site-packages/h5py/__init__.py:36: UserWarning: h5py is running against HDF5 1.14.4 when it was built against 1.14.2, this may cause problems
  _warn(("h5py is running against HDF5 {0} when it was built against {1}, "
 2026-02-27 20:17:24,504: cvode was activated outside of Simulation, this might make it impossible to load templates with stochastic channels
 2026-02-27 20:17:28,692: Simulation finished in: 00:09:23
 2026-02-27 20:17:28,853: Data writing finished
 2026-02-27 20:17:31,818: Simulation finished in: 00:09:51
 2026-02-27 20:17:31,977: Data writing finished
 2026-02-27 20:17:39,051: Loading simulation from /lustre06/project/6077694/dhuruva/plastyfire/refitting_results/fitting/n100/seed19091997/L5TTPC_L5TTPC_STDP/simulations/182581-208651/10Hz_50ms/prefire_simulation_config.json
 2026-02-27 20:20:43,281: cvode was activated outside of Simulation, this might make it impossible to load templates with stochastic channels
 2026-02-27 20:20:50,299: Simulation finished in: 00:09:12
 2026-02-27 20:20:50,450: Data writing finished
 2026-02-27 20:25:47,157: cvode was activated outside of Simulation, this might make it impossible to load templates with stochastic channels
 2026-02-27 20:25:54,289: Simulation finished in: 00:08:31
 2026-02-27 20:25:54,402: Data writing finished
