Processing: /home/dhuruva/projects/ctb-emuller/dhuruva/plastyfire/refitting_results/fitting/n100/seed19091997/L5TTPC_L5TTPC_STDP/simulations/196748-180959/10Hz_-30ms
Processing: /home/dhuruva/projects/ctb-emuller/dhuruva/plastyfire/refitting_results/fitting/n100/seed19091997/L5TTPC_L5TTPC_STDP/simulations/196748-180959/10Hz_5ms
Processing: /home/dhuruva/projects/ctb-emuller/dhuruva/plastyfire/refitting_results/fitting/n100/seed19091997/L5TTPC_L5TTPC_STDP/simulations/196748-180959/10Hz_-10ms
Processing: /home/dhuruva/projects/ctb-emuller/dhuruva/plastyfire/refitting_results/fitting/n100/seed19091997/L5TTPC_L5TTPC_STDP/simulations/196748-180959/10Hz_30ms
Presynaptic mapping of length 5 created
Presynaptic mapping of length 5 created
Presynaptic mapping of length 5 created
Presynaptic mapping of length 5 created
Presynaptic mapping of length 5 created
Completed: 196748-180959/10Hz_5ms
Processing: /home/dhuruva/projects/ctb-emuller/dhuruva/plastyfire/refitting_results/fitting/n100/seed19091997/L5TTPC_L5TTPC_STDP/simulations/196748-180959/10Hz_10ms
Presynaptic mapping of length 5 created
Completed: 196748-180959/10Hz_-10ms
Processing: /home/dhuruva/projects/ctb-emuller/dhuruva/plastyfire/refitting_results/fitting/n100/seed19091997/L5TTPC_L5TTPC_STDP/simulations/196748-180959/10Hz_50ms
Presynaptic mapping of length 5 created
Presynaptic mapping of length 5 created
Completed: 196748-180959/10Hz_30ms
Processing: /home/dhuruva/projects/ctb-emuller/dhuruva/plastyfire/refitting_results/fitting/n100/seed19091997/L5TTPC_L5TTPC_STDP/simulations/197652-203951/10Hz_-50ms
Presynaptic mapping of length 5 created
Completed: 196748-180959/10Hz_-30ms
Processing: /home/dhuruva/projects/ctb-emuller/dhuruva/plastyfire/refitting_results/fitting/n100/seed19091997/L5TTPC_L5TTPC_STDP/simulations/197652-203951/10Hz_5ms
Presynaptic mapping of length 7 created
Presynaptic mapping of length 7 created
Presynaptic mapping of length 7 created
Completed: 197652-203951/10Hz_5ms
Processing: /home/dhuruva/projects/ctb-emuller/dhuruva/plastyfire/refitting_results/fitting/n100/seed19091997/L5TTPC_L5TTPC_STDP/simulations/197652-203951/10Hz_-30ms
Presynaptic mapping of length 7 created
Completed: 197652-203951/10Hz_-50ms
Processing: /home/dhuruva/projects/ctb-emuller/dhuruva/plastyfire/refitting_results/fitting/n100/seed19091997/L5TTPC_L5TTPC_STDP/simulations/197652-203951/10Hz_-10ms
Presynaptic mapping of length 5 created
Completed: 196748-180959/10Hz_50ms
Presynaptic mapping of length 5 created
Completed: 196748-180959/10Hz_10ms
Presynaptic mapping of length 7 created
Completed: 197652-203951/10Hz_-30ms
Presynaptic mapping of length 7 created
Completed: 197652-203951/10Hz_-10ms
Batch 40 completed
