Processing: /home/dhuruva/projects/ctb-emuller/dhuruva/plastyfire/refitting_results/fitting/n100/seed19091997/L5TTPC_L5TTPC_STDP/simulations/204194-205064/10Hz_-10ms
Processing: /home/dhuruva/projects/ctb-emuller/dhuruva/plastyfire/refitting_results/fitting/n100/seed19091997/L5TTPC_L5TTPC_STDP/simulations/204883-200512/10Hz_5ms
Processing: /home/dhuruva/projects/ctb-emuller/dhuruva/plastyfire/refitting_results/fitting/n100/seed19091997/L5TTPC_L5TTPC_STDP/simulations/204883-200512/10Hz_-30ms
Processing: /home/dhuruva/projects/ctb-emuller/dhuruva/plastyfire/refitting_results/fitting/n100/seed19091997/L5TTPC_L5TTPC_STDP/simulations/204883-200512/10Hz_-10ms
Presynaptic mapping of length 6 created
Presynaptic mapping of length 14 created
Presynaptic mapping of length 14 created
Presynaptic mapping of length 6 created
Completed: 204194-205064/10Hz_-10ms
Processing: /home/dhuruva/projects/ctb-emuller/dhuruva/plastyfire/refitting_results/fitting/n100/seed19091997/L5TTPC_L5TTPC_STDP/simulations/204883-200512/10Hz_-50ms
Presynaptic mapping of length 14 created
Completed: 204883-200512/10Hz_-30ms
Processing: /home/dhuruva/projects/ctb-emuller/dhuruva/plastyfire/refitting_results/fitting/n100/seed19091997/L5TTPC_L5TTPC_STDP/simulations/204883-200512/10Hz_50ms
Presynaptic mapping of length 14 created
Completed: 204883-200512/10Hz_-10ms
Processing: /home/dhuruva/projects/ctb-emuller/dhuruva/plastyfire/refitting_results/fitting/n100/seed19091997/L5TTPC_L5TTPC_STDP/simulations/204883-200512/10Hz_30ms
Presynaptic mapping of length 14 created
Completed: 204883-200512/10Hz_5ms
Processing: /home/dhuruva/projects/ctb-emuller/dhuruva/plastyfire/refitting_results/fitting/n100/seed19091997/L5TTPC_L5TTPC_STDP/simulations/204883-200512/10Hz_10ms
Presynaptic mapping of length 14 created
Presynaptic mapping of length 14 created
Completed: 204883-200512/10Hz_-50ms
Processing: /home/dhuruva/projects/ctb-emuller/dhuruva/plastyfire/refitting_results/fitting/n100/seed19091997/L5TTPC_L5TTPC_STDP/simulations/205300-191467/10Hz_-50ms
Presynaptic mapping of length 8 created
Presynaptic mapping of length 14 created
Completed: 204883-200512/10Hz_50ms
Processing: /home/dhuruva/projects/ctb-emuller/dhuruva/plastyfire/refitting_results/fitting/n100/seed19091997/L5TTPC_L5TTPC_STDP/simulations/205300-191467/10Hz_50ms
Presynaptic mapping of length 14 created
Completed: 204883-200512/10Hz_30ms
Presynaptic mapping of length 14 created
Completed: 204883-200512/10Hz_10ms
Presynaptic mapping of length 8 created
Completed: 205300-191467/10Hz_-50ms
Presynaptic mapping of length 8 created
Completed: 205300-191467/10Hz_50ms
Batch 58 completed
