Processing: /home/dhuruva/projects/ctb-emuller/dhuruva/plastyfire/refitting_results/fitting/n100/seed19091997/L5TTPC_L5TTPC_STDP/simulations/198910-188914/10Hz_-30ms
Processing: /home/dhuruva/projects/ctb-emuller/dhuruva/plastyfire/refitting_results/fitting/n100/seed19091997/L5TTPC_L5TTPC_STDP/simulations/198910-188914/10Hz_5ms
Processing: /home/dhuruva/projects/ctb-emuller/dhuruva/plastyfire/refitting_results/fitting/n100/seed19091997/L5TTPC_L5TTPC_STDP/simulations/198910-188914/10Hz_-10ms
Processing: /home/dhuruva/projects/ctb-emuller/dhuruva/plastyfire/refitting_results/fitting/n100/seed19091997/L5TTPC_L5TTPC_STDP/simulations/198910-188914/10Hz_10ms
Presynaptic mapping of length 10 created
Presynaptic mapping of length 10 created
Presynaptic mapping of length 10 created
Presynaptic mapping of length 10 created
Completed: 198910-188914/10Hz_10ms
Processing: /home/dhuruva/projects/ctb-emuller/dhuruva/plastyfire/refitting_results/fitting/n100/seed19091997/L5TTPC_L5TTPC_STDP/simulations/199365-195486/10Hz_-50ms
Presynaptic mapping of length 10 created
Completed: 198910-188914/10Hz_5ms
Processing: /home/dhuruva/projects/ctb-emuller/dhuruva/plastyfire/refitting_results/fitting/n100/seed19091997/L5TTPC_L5TTPC_STDP/simulations/199365-195486/10Hz_50ms
Presynaptic mapping of length 10 created
Completed: 198910-188914/10Hz_-10ms
Processing: /home/dhuruva/projects/ctb-emuller/dhuruva/plastyfire/refitting_results/fitting/n100/seed19091997/L5TTPC_L5TTPC_STDP/simulations/199365-195486/10Hz_5ms
Presynaptic mapping of length 10 created
Completed: 198910-188914/10Hz_-30ms
Processing: /home/dhuruva/projects/ctb-emuller/dhuruva/plastyfire/refitting_results/fitting/n100/seed19091997/L5TTPC_L5TTPC_STDP/simulations/199365-195486/10Hz_10ms
Presynaptic mapping of length 4 created
Completed: 199365-195486/10Hz_5ms
Processing: /home/dhuruva/projects/ctb-emuller/dhuruva/plastyfire/refitting_results/fitting/n100/seed19091997/L5TTPC_L5TTPC_STDP/simulations/199365-195486/10Hz_-10ms
Presynaptic mapping of length 4 created
Completed: 199365-195486/10Hz_-50ms
Processing: /home/dhuruva/projects/ctb-emuller/dhuruva/plastyfire/refitting_results/fitting/n100/seed19091997/L5TTPC_L5TTPC_STDP/simulations/199365-195486/10Hz_-30ms
Presynaptic mapping of length 4 created
Completed: 199365-195486/10Hz_10ms
Presynaptic mapping of length 4 created
Completed: 199365-195486/10Hz_50ms
Presynaptic mapping of length 4 created
Presynaptic mapping of length 4 created
Completed: 199365-195486/10Hz_-10ms
Presynaptic mapping of length 4 created
Completed: 199365-195486/10Hz_-30ms
Batch 43 completed
