Processing: /home/dhuruva/projects/ctb-emuller/dhuruva/plastyfire/refitting_results/fitting/n100/seed19091997/L5TTPC_L5TTPC_STDP/simulations/199365-195486/10Hz_30ms
Processing: /home/dhuruva/projects/ctb-emuller/dhuruva/plastyfire/refitting_results/fitting/n100/seed19091997/L5TTPC_L5TTPC_STDP/simulations/199521-190468/10Hz_50ms
Processing: /home/dhuruva/projects/ctb-emuller/dhuruva/plastyfire/refitting_results/fitting/n100/seed19091997/L5TTPC_L5TTPC_STDP/simulations/199521-190468/10Hz_-50ms
Processing: /home/dhuruva/projects/ctb-emuller/dhuruva/plastyfire/refitting_results/fitting/n100/seed19091997/L5TTPC_L5TTPC_STDP/simulations/199521-190468/10Hz_-10ms
Presynaptic mapping of length 6 created
Presynaptic mapping of length 4 created
Completed: 199365-195486/10Hz_30ms
Processing: /home/dhuruva/projects/ctb-emuller/dhuruva/plastyfire/refitting_results/fitting/n100/seed19091997/L5TTPC_L5TTPC_STDP/simulations/199521-190468/10Hz_30ms
Presynaptic mapping of length 6 created
Presynaptic mapping of length 6 created
Completed: 199521-190468/10Hz_-10ms
Processing: /home/dhuruva/projects/ctb-emuller/dhuruva/plastyfire/refitting_results/fitting/n100/seed19091997/L5TTPC_L5TTPC_STDP/simulations/199521-190468/10Hz_10ms
Presynaptic mapping of length 6 created
Completed: 199521-190468/10Hz_50ms
Processing: /home/dhuruva/projects/ctb-emuller/dhuruva/plastyfire/refitting_results/fitting/n100/seed19091997/L5TTPC_L5TTPC_STDP/simulations/199521-190468/10Hz_-30ms
Presynaptic mapping of length 6 created
Completed: 199521-190468/10Hz_-50ms
Processing: /home/dhuruva/projects/ctb-emuller/dhuruva/plastyfire/refitting_results/fitting/n100/seed19091997/L5TTPC_L5TTPC_STDP/simulations/199521-190468/10Hz_5ms
Presynaptic mapping of length 6 created
Presynaptic mapping of length 6 created
Completed: 199521-190468/10Hz_30ms
Processing: /home/dhuruva/projects/ctb-emuller/dhuruva/plastyfire/refitting_results/fitting/n100/seed19091997/L5TTPC_L5TTPC_STDP/simulations/199599-194835/10Hz_-10ms
Presynaptic mapping of length 9 created
Presynaptic mapping of length 6 created
Completed: 199521-190468/10Hz_5ms
Processing: /home/dhuruva/projects/ctb-emuller/dhuruva/plastyfire/refitting_results/fitting/n100/seed19091997/L5TTPC_L5TTPC_STDP/simulations/199599-194835/10Hz_5ms
Presynaptic mapping of length 6 created
Completed: 199521-190468/10Hz_10ms
Presynaptic mapping of length 9 created
Presynaptic mapping of length 6 created
Completed: 199521-190468/10Hz_-30ms
Presynaptic mapping of length 9 created
Completed: 199599-194835/10Hz_-10ms
Presynaptic mapping of length 9 created
Completed: 199599-194835/10Hz_5ms
Batch 44 completed
