Processing: /home/dhuruva/projects/ctb-emuller/dhuruva/plastyfire/refitting_results/fitting/n100/seed19091997/L5TTPC_L5TTPC_STDP/simulations/189500-185042/10Hz_10ms
Processing: /home/dhuruva/projects/ctb-emuller/dhuruva/plastyfire/refitting_results/fitting/n100/seed19091997/L5TTPC_L5TTPC_STDP/simulations/189500-185042/10Hz_30ms
Processing: /home/dhuruva/projects/ctb-emuller/dhuruva/plastyfire/refitting_results/fitting/n100/seed19091997/L5TTPC_L5TTPC_STDP/simulations/189500-185042/10Hz_50ms
Processing: /home/dhuruva/projects/ctb-emuller/dhuruva/plastyfire/refitting_results/fitting/n100/seed19091997/L5TTPC_L5TTPC_STDP/simulations/189500-185042/10Hz_-30ms
Presynaptic mapping of length 9 created
Presynaptic mapping of length 9 created
Completed: 189500-185042/10Hz_-30ms
Processing: /home/dhuruva/projects/ctb-emuller/dhuruva/plastyfire/refitting_results/fitting/n100/seed19091997/L5TTPC_L5TTPC_STDP/simulations/189500-185042/10Hz_-10ms
Presynaptic mapping of length 9 created
Completed: 189500-185042/10Hz_30ms
Processing: /home/dhuruva/projects/ctb-emuller/dhuruva/plastyfire/refitting_results/fitting/n100/seed19091997/L5TTPC_L5TTPC_STDP/simulations/189500-185042/10Hz_-50ms
Presynaptic mapping of length 9 created
Completed: 189500-185042/10Hz_50ms
Processing: /home/dhuruva/projects/ctb-emuller/dhuruva/plastyfire/refitting_results/fitting/n100/seed19091997/L5TTPC_L5TTPC_STDP/simulations/190073-201891/10Hz_-50ms
Presynaptic mapping of length 9 created
Completed: 189500-185042/10Hz_10ms
Processing: /home/dhuruva/projects/ctb-emuller/dhuruva/plastyfire/refitting_results/fitting/n100/seed19091997/L5TTPC_L5TTPC_STDP/simulations/190073-201891/10Hz_-10ms
Presynaptic mapping of length 10 created
Presynaptic mapping of length 10 created
Completed: 190073-201891/10Hz_-50ms
Processing: /home/dhuruva/projects/ctb-emuller/dhuruva/plastyfire/refitting_results/fitting/n100/seed19091997/L5TTPC_L5TTPC_STDP/simulations/190073-201891/10Hz_5ms
Presynaptic mapping of length 10 created
Presynaptic mapping of length 9 created
Completed: 189500-185042/10Hz_-10ms
Processing: /home/dhuruva/projects/ctb-emuller/dhuruva/plastyfire/refitting_results/fitting/n100/seed19091997/L5TTPC_L5TTPC_STDP/simulations/190073-201891/10Hz_-30ms
Presynaptic mapping of length 9 created
Completed: 189500-185042/10Hz_-50ms
Presynaptic mapping of length 10 created
Presynaptic mapping of length 10 created
Completed: 190073-201891/10Hz_-10ms
Presynaptic mapping of length 10 created
Completed: 190073-201891/10Hz_-30ms
Presynaptic mapping of length 10 created
Completed: 190073-201891/10Hz_5ms
Batch 26 completed
