Processing: /home/dhuruva/projects/ctb-emuller/dhuruva/plastyfire/refitting_results/fitting/n100/seed19091997/L5TTPC_L5TTPC_STDP/simulations/200462-204393/10Hz_30ms
Processing: /home/dhuruva/projects/ctb-emuller/dhuruva/plastyfire/refitting_results/fitting/n100/seed19091997/L5TTPC_L5TTPC_STDP/simulations/200462-204393/10Hz_-50ms
Processing: /home/dhuruva/projects/ctb-emuller/dhuruva/plastyfire/refitting_results/fitting/n100/seed19091997/L5TTPC_L5TTPC_STDP/simulations/200462-204393/10Hz_50ms
Processing: /home/dhuruva/projects/ctb-emuller/dhuruva/plastyfire/refitting_results/fitting/n100/seed19091997/L5TTPC_L5TTPC_STDP/simulations/200586-209048/10Hz_30ms
Presynaptic mapping of length 7 created
Presynaptic mapping of length 4 created
Completed: 200586-209048/10Hz_30ms
Processing: /home/dhuruva/projects/ctb-emuller/dhuruva/plastyfire/refitting_results/fitting/n100/seed19091997/L5TTPC_L5TTPC_STDP/simulations/200586-209048/10Hz_10ms
Presynaptic mapping of length 4 created
Presynaptic mapping of length 4 created
Completed: 200586-209048/10Hz_10ms
Processing: /home/dhuruva/projects/ctb-emuller/dhuruva/plastyfire/refitting_results/fitting/n100/seed19091997/L5TTPC_L5TTPC_STDP/simulations/200586-209048/10Hz_50ms
Presynaptic mapping of length 7 created
Completed: 200462-204393/10Hz_50ms
Processing: /home/dhuruva/projects/ctb-emuller/dhuruva/plastyfire/refitting_results/fitting/n100/seed19091997/L5TTPC_L5TTPC_STDP/simulations/200586-209048/10Hz_-50ms
Presynaptic mapping of length 4 created
Completed: 200586-209048/10Hz_50ms
Processing: /home/dhuruva/projects/ctb-emuller/dhuruva/plastyfire/refitting_results/fitting/n100/seed19091997/L5TTPC_L5TTPC_STDP/simulations/200586-209048/10Hz_-10ms
Presynaptic mapping of length 4 created
Presynaptic mapping of length 7 created
Completed: 200462-204393/10Hz_30ms
Processing: /home/dhuruva/projects/ctb-emuller/dhuruva/plastyfire/refitting_results/fitting/n100/seed19091997/L5TTPC_L5TTPC_STDP/simulations/200586-209048/10Hz_5ms
Presynaptic mapping of length 7 created
Completed: 200462-204393/10Hz_-50ms
Processing: /home/dhuruva/projects/ctb-emuller/dhuruva/plastyfire/refitting_results/fitting/n100/seed19091997/L5TTPC_L5TTPC_STDP/simulations/200586-209048/10Hz_-30ms
Presynaptic mapping of length 4 created
Completed: 200586-209048/10Hz_-50ms
Presynaptic mapping of length 4 created
Completed: 200586-209048/10Hz_-10ms
Presynaptic mapping of length 4 created
Completed: 200586-209048/10Hz_5ms
Presynaptic mapping of length 4 created
Completed: 200586-209048/10Hz_-30ms
Batch 48 completed
