Processing: /home/dhuruva/projects/ctb-emuller/dhuruva/plastyfire/refitting_results/fitting/n100/seed19091997/L5TTPC_L5TTPC_STDP/simulations/201258-187071/10Hz_-10ms
Processing: /home/dhuruva/projects/ctb-emuller/dhuruva/plastyfire/refitting_results/fitting/n100/seed19091997/L5TTPC_L5TTPC_STDP/simulations/201258-187071/10Hz_50ms
Processing: /home/dhuruva/projects/ctb-emuller/dhuruva/plastyfire/refitting_results/fitting/n100/seed19091997/L5TTPC_L5TTPC_STDP/simulations/201258-187071/10Hz_-30ms
Processing: /home/dhuruva/projects/ctb-emuller/dhuruva/plastyfire/refitting_results/fitting/n100/seed19091997/L5TTPC_L5TTPC_STDP/simulations/201258-187071/10Hz_5ms
Presynaptic mapping of length 5 created
Presynaptic mapping of length 5 created
Presynaptic mapping of length 5 created
Presynaptic mapping of length 5 created
Completed: 201258-187071/10Hz_5ms
Processing: /home/dhuruva/projects/ctb-emuller/dhuruva/plastyfire/refitting_results/fitting/n100/seed19091997/L5TTPC_L5TTPC_STDP/simulations/201258-187071/10Hz_30ms
Presynaptic mapping of length 5 created
Completed: 201258-187071/10Hz_-30ms
Processing: /home/dhuruva/projects/ctb-emuller/dhuruva/plastyfire/refitting_results/fitting/n100/seed19091997/L5TTPC_L5TTPC_STDP/simulations/201258-187071/10Hz_10ms
Presynaptic mapping of length 5 created
Completed: 201258-187071/10Hz_-10ms
Processing: /home/dhuruva/projects/ctb-emuller/dhuruva/plastyfire/refitting_results/fitting/n100/seed19091997/L5TTPC_L5TTPC_STDP/simulations/201258-187071/10Hz_-50ms
Presynaptic mapping of length 5 created
Presynaptic mapping of length 5 created
Completed: 201258-187071/10Hz_50ms
Processing: /home/dhuruva/projects/ctb-emuller/dhuruva/plastyfire/refitting_results/fitting/n100/seed19091997/L5TTPC_L5TTPC_STDP/simulations/201281-199420/10Hz_5ms
Presynaptic mapping of length 5 created
Presynaptic mapping of length 10 created
Presynaptic mapping of length 5 created
Completed: 201258-187071/10Hz_10ms
Processing: /home/dhuruva/projects/ctb-emuller/dhuruva/plastyfire/refitting_results/fitting/n100/seed19091997/L5TTPC_L5TTPC_STDP/simulations/201281-199420/10Hz_50ms
Presynaptic mapping of length 5 created
Completed: 201258-187071/10Hz_30ms
Processing: /home/dhuruva/projects/ctb-emuller/dhuruva/plastyfire/refitting_results/fitting/n100/seed19091997/L5TTPC_L5TTPC_STDP/simulations/201281-199420/10Hz_-50ms
Presynaptic mapping of length 10 created
Presynaptic mapping of length 5 created
Completed: 201258-187071/10Hz_-50ms
Presynaptic mapping of length 10 created
Presynaptic mapping of length 10 created
Completed: 201281-199420/10Hz_5ms
Presynaptic mapping of length 10 created
Completed: 201281-199420/10Hz_-50ms
Presynaptic mapping of length 10 created
Completed: 201281-199420/10Hz_50ms
Batch 49 completed
