/cvmfs/soft.computecanada.ca/easybuild/software/2023/x86-64-v3/MPI/gcc12/openmpi4/hdf5-mpi/1.14.2/lib/python3.11/site-packages/h5py/__init__.py:36: UserWarning: h5py is running against HDF5 1.14.4 when it was built against 1.14.2, this may cause problems
  _warn(("h5py is running against HDF5 {0} when it was built against {1}, "
/cvmfs/soft.computecanada.ca/easybuild/software/2023/x86-64-v3/MPI/gcc12/openmpi4/hdf5-mpi/1.14.2/lib/python3.11/site-packages/h5py/__init__.py:36: UserWarning: h5py is running against HDF5 1.14.4 when it was built against 1.14.2, this may cause problems
  _warn(("h5py is running against HDF5 {0} when it was built against {1}, "
/cvmfs/soft.computecanada.ca/easybuild/software/2023/x86-64-v3/MPI/gcc12/openmpi4/hdf5-mpi/1.14.2/lib/python3.11/site-packages/h5py/__init__.py:36: UserWarning: h5py is running against HDF5 1.14.4 when it was built against 1.14.2, this may cause problems
  _warn(("h5py is running against HDF5 {0} when it was built against {1}, "
/cvmfs/soft.computecanada.ca/easybuild/software/2023/x86-64-v3/MPI/gcc12/openmpi4/hdf5-mpi/1.14.2/lib/python3.11/site-packages/h5py/__init__.py:36: UserWarning: h5py is running against HDF5 1.14.4 when it was built against 1.14.2, this may cause problems
  _warn(("h5py is running against HDF5 {0} when it was built against {1}, "
 2026-02-27 20:05:49,914: Loading simulation from /lustre06/project/6077694/dhuruva/plastyfire/refitting_results/fitting/n100/seed19091997/L5TTPC_L5TTPC_STDP/simulations/185875-206473/10Hz_-50ms/prefire_simulation_config.json
 2026-02-27 20:05:49,958: Loading simulation from /lustre06/project/6077694/dhuruva/plastyfire/refitting_results/fitting/n100/seed19091997/L5TTPC_L5TTPC_STDP/simulations/185875-206473/10Hz_50ms/prefire_simulation_config.json
 2026-02-27 20:05:50,017: Loading simulation from /lustre06/project/6077694/dhuruva/plastyfire/refitting_results/fitting/n100/seed19091997/L5TTPC_L5TTPC_STDP/simulations/185875-206473/10Hz_-30ms/prefire_simulation_config.json
 2026-02-27 20:05:50,019: Loading simulation from /lustre06/project/6077694/dhuruva/plastyfire/refitting_results/fitting/n100/seed19091997/L5TTPC_L5TTPC_STDP/simulations/185875-206473/10Hz_-10ms/prefire_simulation_config.json
Traceback (most recent call last):
  File "/home/dhuruva/projects/ctb-emuller/dhuruva/plastyfire/plastyfire/pairrunner.py", line 67, in <module>
    results = sim.runconnectedpair(workdir, fit_params=fit_params, fastforward=args.fastforward, recipe_path=args.recipe_path)
              ^^^^^^^^^^^^^^^^^^^^^^^^^^^^^^^^^^^^^^^^^^^^^^^^^^^^^^^^^^^^^^^^^^^^^^^^^^^^^^^^^^^^^^^^^^^^^^^^^^^^^^^^^^^^^^^^
  File "/lustre06/project/6077694/dhuruva/plastyfire/plastyfire/simulator.py", line 668, in runconnectedpair
    raise RuntimeError(f"Child process failed with exit code {child_proc.exitcode}")
RuntimeError: Child process failed with exit code -9
/cvmfs/soft.computecanada.ca/easybuild/software/2023/x86-64-v3/MPI/gcc12/openmpi4/hdf5-mpi/1.14.2/lib/python3.11/site-packages/h5py/__init__.py:36: UserWarning: h5py is running against HDF5 1.14.4 when it was built against 1.14.2, this may cause problems
  _warn(("h5py is running against HDF5 {0} when it was built against {1}, "
 2026-02-27 20:11:58,040: cvode was activated outside of Simulation, this might make it impossible to load templates with stochastic channels
 2026-02-27 20:12:05,680: Simulation finished in: 00:06:31
 2026-02-27 20:12:06,764: Data writing finished
/cvmfs/soft.computecanada.ca/easybuild/software/2023/x86-64-v3/MPI/gcc12/openmpi4/hdf5-mpi/1.14.2/lib/python3.11/site-packages/h5py/__init__.py:36: UserWarning: h5py is running against HDF5 1.14.4 when it was built against 1.14.2, this may cause problems
  _warn(("h5py is running against HDF5 {0} when it was built against {1}, "
 2026-02-27 20:12:09,567: cvode was activated outside of Simulation, this might make it impossible to load templates with stochastic channels
 2026-02-27 20:12:11,903: Loading simulation from /lustre06/project/6077694/dhuruva/plastyfire/refitting_results/fitting/n100/seed19091997/L5TTPC_L5TTPC_STDP/simulations/185875-206473/10Hz_5ms/prefire_simulation_config.json
 2026-02-27 20:12:17,441: Simulation finished in: 00:06:43
 2026-02-27 20:12:17,780: Data writing finished
/cvmfs/soft.computecanada.ca/easybuild/software/2023/x86-64-v3/MPI/gcc12/openmpi4/hdf5-mpi/1.14.2/lib/python3.11/site-packages/h5py/__init__.py:36: UserWarning: h5py is running against HDF5 1.14.4 when it was built against 1.14.2, this may cause problems
  _warn(("h5py is running against HDF5 {0} when it was built against {1}, "
 2026-02-27 20:12:23,521: Loading simulation from /lustre06/project/6077694/dhuruva/plastyfire/refitting_results/fitting/n100/seed19091997/L5TTPC_L5TTPC_STDP/simulations/186117-200624/10Hz_-10ms/prefire_simulation_config.json
 2026-02-27 20:12:34,152: Loading simulation from /lustre06/project/6077694/dhuruva/plastyfire/refitting_results/fitting/n100/seed19091997/L5TTPC_L5TTPC_STDP/simulations/186117-200624/10Hz_-30ms/prefire_simulation_config.json
 2026-02-27 20:16:04,876: cvode was activated outside of Simulation, this might make it impossible to load templates with stochastic channels
Traceback (most recent call last):
  File "/home/dhuruva/projects/ctb-emuller/dhuruva/plastyfire/plastyfire/pairrunner.py", line 67, in <module>
    results = sim.runconnectedpair(workdir, fit_params=fit_params, fastforward=args.fastforward, recipe_path=args.recipe_path)
              ^^^^^^^^^^^^^^^^^^^^^^^^^^^^^^^^^^^^^^^^^^^^^^^^^^^^^^^^^^^^^^^^^^^^^^^^^^^^^^^^^^^^^^^^^^^^^^^^^^^^^^^^^^^^^^^^
  File "/lustre06/project/6077694/dhuruva/plastyfire/plastyfire/simulator.py", line 668, in runconnectedpair
    raise RuntimeError(f"Child process failed with exit code {child_proc.exitcode}")
RuntimeError: Child process failed with exit code -9
/cvmfs/soft.computecanada.ca/easybuild/software/2023/x86-64-v3/MPI/gcc12/openmpi4/hdf5-mpi/1.14.2/lib/python3.11/site-packages/h5py/__init__.py:36: UserWarning: h5py is running against HDF5 1.14.4 when it was built against 1.14.2, this may cause problems
  _warn(("h5py is running against HDF5 {0} when it was built against {1}, "
 2026-02-27 20:16:29,986: Loading simulation from /lustre06/project/6077694/dhuruva/plastyfire/refitting_results/fitting/n100/seed19091997/L5TTPC_L5TTPC_STDP/simulations/186117-200624/10Hz_50ms/prefire_simulation_config.json
 2026-02-27 20:17:27,224: cvode was activated outside of Simulation, this might make it impossible to load templates with stochastic channels
 2026-02-27 20:17:34,151: Simulation finished in: 00:05:25
 2026-02-27 20:17:34,207: Data writing finished
/cvmfs/soft.computecanada.ca/easybuild/software/2023/x86-64-v3/MPI/gcc12/openmpi4/hdf5-mpi/1.14.2/lib/python3.11/site-packages/h5py/__init__.py:36: UserWarning: h5py is running against HDF5 1.14.4 when it was built against 1.14.2, this may cause problems
  _warn(("h5py is running against HDF5 {0} when it was built against {1}, "
 2026-02-27 20:17:39,118: cvode was activated outside of Simulation, this might make it impossible to load templates with stochastic channels
 2026-02-27 20:17:46,159: Simulation finished in: 00:05:26
 2026-02-27 20:17:46,241: Data writing finished
/cvmfs/soft.computecanada.ca/easybuild/software/2023/x86-64-v3/MPI/gcc12/openmpi4/hdf5-mpi/1.14.2/lib/python3.11/site-packages/h5py/__init__.py:36: UserWarning: h5py is running against HDF5 1.14.4 when it was built against 1.14.2, this may cause problems
  _warn(("h5py is running against HDF5 {0} when it was built against {1}, "
 2026-02-27 20:17:50,529: Loading simulation from /lustre06/project/6077694/dhuruva/plastyfire/refitting_results/fitting/n100/seed19091997/L5TTPC_L5TTPC_STDP/simulations/186117-200624/10Hz_10ms/prefire_simulation_config.json
 2026-02-27 20:18:03,318: Loading simulation from /lustre06/project/6077694/dhuruva/plastyfire/refitting_results/fitting/n100/seed19091997/L5TTPC_L5TTPC_STDP/simulations/186117-200624/10Hz_5ms/prefire_simulation_config.json
 2026-02-27 20:18:22,152: cvode was activated outside of Simulation, this might make it impossible to load templates with stochastic channels
 2026-02-27 20:18:29,654: Simulation finished in: 00:06:34
 2026-02-27 20:18:29,954: Data writing finished
 2026-02-27 20:21:39,205: cvode was activated outside of Simulation, this might make it impossible to load templates with stochastic channels
 2026-02-27 20:21:46,153: Simulation finished in: 00:05:30
 2026-02-27 20:21:46,229: Data writing finished
 2026-02-27 20:22:51,600: cvode was activated outside of Simulation, this might make it impossible to load templates with stochastic channels
 2026-02-27 20:22:58,465: Simulation finished in: 00:05:22
 2026-02-27 20:22:58,519: Data writing finished
 2026-02-27 20:22:59,296: cvode was activated outside of Simulation, this might make it impossible to load templates with stochastic channels
 2026-02-27 20:23:06,349: Simulation finished in: 00:05:17
 2026-02-27 20:23:06,403: Data writing finished
slurmstepd: error: Detected 2 oom_kill events in StepId=57144530.batch. Some of the step tasks have been OOM Killed.
