Processing: /home/dhuruva/projects/ctb-emuller/dhuruva/plastyfire/refitting_results/fitting/n100/seed19091997/L5TTPC_L5TTPC_STDP/simulations/203710-206592/10Hz_-50ms
Processing: /home/dhuruva/projects/ctb-emuller/dhuruva/plastyfire/refitting_results/fitting/n100/seed19091997/L5TTPC_L5TTPC_STDP/simulations/203710-206592/10Hz_10ms
Processing: /home/dhuruva/projects/ctb-emuller/dhuruva/plastyfire/refitting_results/fitting/n100/seed19091997/L5TTPC_L5TTPC_STDP/simulations/203710-206592/10Hz_30ms
Processing: /home/dhuruva/projects/ctb-emuller/dhuruva/plastyfire/refitting_results/fitting/n100/seed19091997/L5TTPC_L5TTPC_STDP/simulations/203919-187736/10Hz_30ms
Presynaptic mapping of length 6 created
Presynaptic mapping of length 8 created
Presynaptic mapping of length 6 created
Completed: 203919-187736/10Hz_30ms
Processing: /home/dhuruva/projects/ctb-emuller/dhuruva/plastyfire/refitting_results/fitting/n100/seed19091997/L5TTPC_L5TTPC_STDP/simulations/203919-187736/10Hz_-50ms
Presynaptic mapping of length 8 created
Completed: 203710-206592/10Hz_30ms
Processing: /home/dhuruva/projects/ctb-emuller/dhuruva/plastyfire/refitting_results/fitting/n100/seed19091997/L5TTPC_L5TTPC_STDP/simulations/203919-187736/10Hz_10ms
Presynaptic mapping of length 8 created
Completed: 203710-206592/10Hz_-50ms
Processing: /home/dhuruva/projects/ctb-emuller/dhuruva/plastyfire/refitting_results/fitting/n100/seed19091997/L5TTPC_L5TTPC_STDP/simulations/203919-187736/10Hz_-30ms
Presynaptic mapping of length 8 created
Completed: 203710-206592/10Hz_10ms
Processing: /home/dhuruva/projects/ctb-emuller/dhuruva/plastyfire/refitting_results/fitting/n100/seed19091997/L5TTPC_L5TTPC_STDP/simulations/203919-187736/10Hz_50ms
Presynaptic mapping of length 6 created
Presynaptic mapping of length 6 created
Presynaptic mapping of length 6 created
Completed: 203919-187736/10Hz_-50ms
Processing: /home/dhuruva/projects/ctb-emuller/dhuruva/plastyfire/refitting_results/fitting/n100/seed19091997/L5TTPC_L5TTPC_STDP/simulations/203919-187736/10Hz_5ms
Presynaptic mapping of length 6 created
Completed: 203919-187736/10Hz_10ms
Processing: /home/dhuruva/projects/ctb-emuller/dhuruva/plastyfire/refitting_results/fitting/n100/seed19091997/L5TTPC_L5TTPC_STDP/simulations/203919-187736/10Hz_-10ms
Presynaptic mapping of length 6 created
Completed: 203919-187736/10Hz_-30ms
Presynaptic mapping of length 6 created
Completed: 203919-187736/10Hz_50ms
Presynaptic mapping of length 6 created
Completed: 203919-187736/10Hz_5ms
Presynaptic mapping of length 6 created
Completed: 203919-187736/10Hz_-10ms
Batch 55 completed
