Processing: /home/dhuruva/projects/ctb-emuller/dhuruva/plastyfire/refitting_results/fitting/n100/seed19091997/L5TTPC_L5TTPC_STDP/simulations/181023-208822/10Hz_5ms
Processing: /home/dhuruva/projects/ctb-emuller/dhuruva/plastyfire/refitting_results/fitting/n100/seed19091997/L5TTPC_L5TTPC_STDP/simulations/181023-208822/10Hz_30ms
Processing: /home/dhuruva/projects/ctb-emuller/dhuruva/plastyfire/refitting_results/fitting/n100/seed19091997/L5TTPC_L5TTPC_STDP/simulations/181023-208822/10Hz_10ms
Processing: /home/dhuruva/projects/ctb-emuller/dhuruva/plastyfire/refitting_results/fitting/n100/seed19091997/L5TTPC_L5TTPC_STDP/simulations/181295-210119/10Hz_5ms
Failed: 181023-208822/10Hz_10ms
Processing: /home/dhuruva/projects/ctb-emuller/dhuruva/plastyfire/refitting_results/fitting/n100/seed19091997/L5TTPC_L5TTPC_STDP/simulations/181295-210119/10Hz_50ms
Failed: 181023-208822/10Hz_30ms
Processing: /home/dhuruva/projects/ctb-emuller/dhuruva/plastyfire/refitting_results/fitting/n100/seed19091997/L5TTPC_L5TTPC_STDP/simulations/181295-210119/10Hz_30ms
Failed: 181023-208822/10Hz_5ms
Processing: /home/dhuruva/projects/ctb-emuller/dhuruva/plastyfire/refitting_results/fitting/n100/seed19091997/L5TTPC_L5TTPC_STDP/simulations/181295-210119/10Hz_10ms
Failed: 181295-210119/10Hz_5ms
Processing: /home/dhuruva/projects/ctb-emuller/dhuruva/plastyfire/refitting_results/fitting/n100/seed19091997/L5TTPC_L5TTPC_STDP/simulations/181295-210119/10Hz_-50ms
Failed: 181295-210119/10Hz_50ms
Processing: /home/dhuruva/projects/ctb-emuller/dhuruva/plastyfire/refitting_results/fitting/n100/seed19091997/L5TTPC_L5TTPC_STDP/simulations/181295-210119/10Hz_-10ms
Failed: 181295-210119/10Hz_30ms
Processing: /home/dhuruva/projects/ctb-emuller/dhuruva/plastyfire/refitting_results/fitting/n100/seed19091997/L5TTPC_L5TTPC_STDP/simulations/181295-210119/10Hz_-30ms
Failed: 181295-210119/10Hz_-50ms
Failed: 181295-210119/10Hz_10ms
Failed: 181295-210119/10Hz_-10ms
Failed: 181295-210119/10Hz_-30ms
Batch 6 completed
