/cvmfs/soft.computecanada.ca/easybuild/software/2023/x86-64-v3/MPI/gcc12/openmpi4/hdf5-mpi/1.14.2/lib/python3.11/site-packages/h5py/__init__.py:36: UserWarning: h5py is running against HDF5 1.14.4 when it was built against 1.14.2, this may cause problems
  _warn(("h5py is running against HDF5 {0} when it was built against {1}, "
/cvmfs/soft.computecanada.ca/easybuild/software/2023/x86-64-v3/MPI/gcc12/openmpi4/hdf5-mpi/1.14.2/lib/python3.11/site-packages/h5py/__init__.py:36: UserWarning: h5py is running against HDF5 1.14.4 when it was built against 1.14.2, this may cause problems
  _warn(("h5py is running against HDF5 {0} when it was built against {1}, "
/cvmfs/soft.computecanada.ca/easybuild/software/2023/x86-64-v3/MPI/gcc12/openmpi4/hdf5-mpi/1.14.2/lib/python3.11/site-packages/h5py/__init__.py:36: UserWarning: h5py is running against HDF5 1.14.4 when it was built against 1.14.2, this may cause problems
  _warn(("h5py is running against HDF5 {0} when it was built against {1}, "
/cvmfs/soft.computecanada.ca/easybuild/software/2023/x86-64-v3/MPI/gcc12/openmpi4/hdf5-mpi/1.14.2/lib/python3.11/site-packages/h5py/__init__.py:36: UserWarning: h5py is running against HDF5 1.14.4 when it was built against 1.14.2, this may cause problems
  _warn(("h5py is running against HDF5 {0} when it was built against {1}, "
 2026-02-27 20:42:13,066: Loading simulation from /lustre06/project/6077694/dhuruva/plastyfire/refitting_results/fitting/n100/seed19091997/L5TTPC_L5TTPC_STDP/simulations/196734-181209/10Hz_30ms/prefire_simulation_config.json
 2026-02-27 20:42:13,096: Loading simulation from /lustre06/project/6077694/dhuruva/plastyfire/refitting_results/fitting/n100/seed19091997/L5TTPC_L5TTPC_STDP/simulations/196734-181209/10Hz_10ms/prefire_simulation_config.json
 2026-02-27 20:42:15,346: Loading simulation from /lustre06/project/6077694/dhuruva/plastyfire/refitting_results/fitting/n100/seed19091997/L5TTPC_L5TTPC_STDP/simulations/196654-200262/10Hz_5ms/prefire_simulation_config.json
 2026-02-27 20:42:15,352: Loading simulation from /lustre06/project/6077694/dhuruva/plastyfire/refitting_results/fitting/n100/seed19091997/L5TTPC_L5TTPC_STDP/simulations/196654-200262/10Hz_30ms/prefire_simulation_config.json
 2026-02-27 20:46:02,143: cvode was activated outside of Simulation, this might make it impossible to load templates with stochastic channels
 2026-02-27 20:46:03,898: cvode was activated outside of Simulation, this might make it impossible to load templates with stochastic channels
 2026-02-27 20:46:08,815: Simulation finished in: 00:04:10
 2026-02-27 20:46:08,865: Data writing finished
/cvmfs/soft.computecanada.ca/easybuild/software/2023/x86-64-v3/MPI/gcc12/openmpi4/hdf5-mpi/1.14.2/lib/python3.11/site-packages/h5py/__init__.py:36: UserWarning: h5py is running against HDF5 1.14.4 when it was built against 1.14.2, this may cause problems
  _warn(("h5py is running against HDF5 {0} when it was built against {1}, "
 2026-02-27 20:46:10,668: Simulation finished in: 00:04:11
 2026-02-27 20:46:10,720: Data writing finished
/cvmfs/soft.computecanada.ca/easybuild/software/2023/x86-64-v3/MPI/gcc12/openmpi4/hdf5-mpi/1.14.2/lib/python3.11/site-packages/h5py/__init__.py:36: UserWarning: h5py is running against HDF5 1.14.4 when it was built against 1.14.2, this may cause problems
  _warn(("h5py is running against HDF5 {0} when it was built against {1}, "
 2026-02-27 20:46:23,250: Loading simulation from /lustre06/project/6077694/dhuruva/plastyfire/refitting_results/fitting/n100/seed19091997/L5TTPC_L5TTPC_STDP/simulations/196734-181209/10Hz_50ms/prefire_simulation_config.json
 2026-02-27 20:46:25,016: Loading simulation from /lustre06/project/6077694/dhuruva/plastyfire/refitting_results/fitting/n100/seed19091997/L5TTPC_L5TTPC_STDP/simulations/196734-181209/10Hz_5ms/prefire_simulation_config.json
 2026-02-27 20:47:55,891: cvode was activated outside of Simulation, this might make it impossible to load templates with stochastic channels
 2026-02-27 20:48:02,577: Simulation finished in: 00:06:03
 2026-02-27 20:48:02,624: Data writing finished
/cvmfs/soft.computecanada.ca/easybuild/software/2023/x86-64-v3/MPI/gcc12/openmpi4/hdf5-mpi/1.14.2/lib/python3.11/site-packages/h5py/__init__.py:36: UserWarning: h5py is running against HDF5 1.14.4 when it was built against 1.14.2, this may cause problems
  _warn(("h5py is running against HDF5 {0} when it was built against {1}, "
 2026-02-27 20:48:17,286: Loading simulation from /lustre06/project/6077694/dhuruva/plastyfire/refitting_results/fitting/n100/seed19091997/L5TTPC_L5TTPC_STDP/simulations/196734-181209/10Hz_-10ms/prefire_simulation_config.json
 2026-02-27 20:48:30,887: cvode was activated outside of Simulation, this might make it impossible to load templates with stochastic channels
 2026-02-27 20:48:37,475: Simulation finished in: 00:06:38
 2026-02-27 20:48:37,530: Data writing finished
/cvmfs/soft.computecanada.ca/easybuild/software/2023/x86-64-v3/MPI/gcc12/openmpi4/hdf5-mpi/1.14.2/lib/python3.11/site-packages/h5py/__init__.py:36: UserWarning: h5py is running against HDF5 1.14.4 when it was built against 1.14.2, this may cause problems
  _warn(("h5py is running against HDF5 {0} when it was built against {1}, "
 2026-02-27 20:48:52,215: Loading simulation from /lustre06/project/6077694/dhuruva/plastyfire/refitting_results/fitting/n100/seed19091997/L5TTPC_L5TTPC_STDP/simulations/196734-181209/10Hz_-30ms/prefire_simulation_config.json
 2026-02-27 20:50:09,184: cvode was activated outside of Simulation, this might make it impossible to load templates with stochastic channels
 2026-02-27 20:50:15,920: Simulation finished in: 00:04:03
 2026-02-27 20:50:15,966: Data writing finished
/cvmfs/soft.computecanada.ca/easybuild/software/2023/x86-64-v3/MPI/gcc12/openmpi4/hdf5-mpi/1.14.2/lib/python3.11/site-packages/h5py/__init__.py:36: UserWarning: h5py is running against HDF5 1.14.4 when it was built against 1.14.2, this may cause problems
  _warn(("h5py is running against HDF5 {0} when it was built against {1}, "
 2026-02-27 20:50:20,134: cvode was activated outside of Simulation, this might make it impossible to load templates with stochastic channels
 2026-02-27 20:50:26,898: Simulation finished in: 00:04:16
 2026-02-27 20:50:26,950: Data writing finished
/cvmfs/soft.computecanada.ca/easybuild/software/2023/x86-64-v3/MPI/gcc12/openmpi4/hdf5-mpi/1.14.2/lib/python3.11/site-packages/h5py/__init__.py:36: UserWarning: h5py is running against HDF5 1.14.4 when it was built against 1.14.2, this may cause problems
  _warn(("h5py is running against HDF5 {0} when it was built against {1}, "
 2026-02-27 20:50:30,404: Loading simulation from /lustre06/project/6077694/dhuruva/plastyfire/refitting_results/fitting/n100/seed19091997/L5TTPC_L5TTPC_STDP/simulations/196734-181209/10Hz_-50ms/prefire_simulation_config.json
 2026-02-27 20:50:42,403: Loading simulation from /lustre06/project/6077694/dhuruva/plastyfire/refitting_results/fitting/n100/seed19091997/L5TTPC_L5TTPC_STDP/simulations/196748-180959/10Hz_-50ms/prefire_simulation_config.json
 2026-02-27 20:52:06,255: cvode was activated outside of Simulation, this might make it impossible to load templates with stochastic channels
 2026-02-27 20:52:12,937: Simulation finished in: 00:04:08
 2026-02-27 20:52:13,008: Data writing finished
 2026-02-27 20:52:46,137: cvode was activated outside of Simulation, this might make it impossible to load templates with stochastic channels
 2026-02-27 20:52:52,885: Simulation finished in: 00:04:13
 2026-02-27 20:52:52,964: Data writing finished
 2026-02-27 20:54:26,299: cvode was activated outside of Simulation, this might make it impossible to load templates with stochastic channels
 2026-02-27 20:54:32,952: Simulation finished in: 00:04:15
 2026-02-27 20:54:33,015: Data writing finished
 2026-02-27 20:55:48,166: cvode was activated outside of Simulation, this might make it impossible to load templates with stochastic channels
 2026-02-27 20:55:54,852: Simulation finished in: 00:05:26
 2026-02-27 20:55:54,899: Data writing finished
