/cvmfs/soft.computecanada.ca/easybuild/software/2023/x86-64-v3/MPI/gcc12/openmpi4/hdf5-mpi/1.14.2/lib/python3.11/site-packages/h5py/__init__.py:36: UserWarning: h5py is running against HDF5 1.14.4 when it was built against 1.14.2, this may cause problems
  _warn(("h5py is running against HDF5 {0} when it was built against {1}, "
/cvmfs/soft.computecanada.ca/easybuild/software/2023/x86-64-v3/MPI/gcc12/openmpi4/hdf5-mpi/1.14.2/lib/python3.11/site-packages/h5py/__init__.py:36: UserWarning: h5py is running against HDF5 1.14.4 when it was built against 1.14.2, this may cause problems
  _warn(("h5py is running against HDF5 {0} when it was built against {1}, "
/cvmfs/soft.computecanada.ca/easybuild/software/2023/x86-64-v3/MPI/gcc12/openmpi4/hdf5-mpi/1.14.2/lib/python3.11/site-packages/h5py/__init__.py:36: UserWarning: h5py is running against HDF5 1.14.4 when it was built against 1.14.2, this may cause problems
  _warn(("h5py is running against HDF5 {0} when it was built against {1}, "
/cvmfs/soft.computecanada.ca/easybuild/software/2023/x86-64-v3/MPI/gcc12/openmpi4/hdf5-mpi/1.14.2/lib/python3.11/site-packages/h5py/__init__.py:36: UserWarning: h5py is running against HDF5 1.14.4 when it was built against 1.14.2, this may cause problems
  _warn(("h5py is running against HDF5 {0} when it was built against {1}, "
 2026-02-27 20:09:00,449: Loading simulation from /lustre06/project/6077694/dhuruva/plastyfire/refitting_results/fitting/n100/seed19091997/L5TTPC_L5TTPC_STDP/simulations/186407-182154/10Hz_-10ms/prefire_simulation_config.json
 2026-02-27 20:09:00,499: Loading simulation from /lustre06/project/6077694/dhuruva/plastyfire/refitting_results/fitting/n100/seed19091997/L5TTPC_L5TTPC_STDP/simulations/186407-182154/10Hz_-30ms/prefire_simulation_config.json
 2026-02-27 20:09:00,505: Loading simulation from /lustre06/project/6077694/dhuruva/plastyfire/refitting_results/fitting/n100/seed19091997/L5TTPC_L5TTPC_STDP/simulations/186407-182154/10Hz_50ms/prefire_simulation_config.json
 2026-02-27 20:09:00,778: Loading simulation from /lustre06/project/6077694/dhuruva/plastyfire/refitting_results/fitting/n100/seed19091997/L5TTPC_L5TTPC_STDP/simulations/186810-208210/10Hz_-30ms/prefire_simulation_config.json
 2026-02-27 20:12:59,123: cvode was activated outside of Simulation, this might make it impossible to load templates with stochastic channels
 2026-02-27 20:13:06,084: Simulation finished in: 00:04:21
 2026-02-27 20:13:06,139: Data writing finished
/cvmfs/soft.computecanada.ca/easybuild/software/2023/x86-64-v3/MPI/gcc12/openmpi4/hdf5-mpi/1.14.2/lib/python3.11/site-packages/h5py/__init__.py:36: UserWarning: h5py is running against HDF5 1.14.4 when it was built against 1.14.2, this may cause problems
  _warn(("h5py is running against HDF5 {0} when it was built against {1}, "
 2026-02-27 20:13:24,216: Loading simulation from /lustre06/project/6077694/dhuruva/plastyfire/refitting_results/fitting/n100/seed19091997/L5TTPC_L5TTPC_STDP/simulations/186810-208210/10Hz_50ms/prefire_simulation_config.json
 2026-02-27 20:16:00,589: cvode was activated outside of Simulation, this might make it impossible to load templates with stochastic channels
 2026-02-27 20:16:06,461: cvode was activated outside of Simulation, this might make it impossible to load templates with stochastic channels
 2026-02-27 20:16:07,612: Simulation finished in: 00:07:23
 2026-02-27 20:16:07,730: Data writing finished
/cvmfs/soft.computecanada.ca/easybuild/software/2023/x86-64-v3/MPI/gcc12/openmpi4/hdf5-mpi/1.14.2/lib/python3.11/site-packages/h5py/__init__.py:36: UserWarning: h5py is running against HDF5 1.14.4 when it was built against 1.14.2, this may cause problems
  _warn(("h5py is running against HDF5 {0} when it was built against {1}, "
 2026-02-27 20:16:13,490: Simulation finished in: 00:07:29
 2026-02-27 20:16:13,614: Data writing finished
/cvmfs/soft.computecanada.ca/easybuild/software/2023/x86-64-v3/MPI/gcc12/openmpi4/hdf5-mpi/1.14.2/lib/python3.11/site-packages/h5py/__init__.py:36: UserWarning: h5py is running against HDF5 1.14.4 when it was built against 1.14.2, this may cause problems
  _warn(("h5py is running against HDF5 {0} when it was built against {1}, "
 2026-02-27 20:16:19,222: cvode was activated outside of Simulation, this might make it impossible to load templates with stochastic channels
 2026-02-27 20:16:25,439: Loading simulation from /lustre06/project/6077694/dhuruva/plastyfire/refitting_results/fitting/n100/seed19091997/L5TTPC_L5TTPC_STDP/simulations/186810-208210/10Hz_-10ms/prefire_simulation_config.json
 2026-02-27 20:16:26,269: Simulation finished in: 00:07:41
 2026-02-27 20:16:26,402: Data writing finished
/cvmfs/soft.computecanada.ca/easybuild/software/2023/x86-64-v3/MPI/gcc12/openmpi4/hdf5-mpi/1.14.2/lib/python3.11/site-packages/h5py/__init__.py:36: UserWarning: h5py is running against HDF5 1.14.4 when it was built against 1.14.2, this may cause problems
  _warn(("h5py is running against HDF5 {0} when it was built against {1}, "
 2026-02-27 20:16:31,311: Loading simulation from /lustre06/project/6077694/dhuruva/plastyfire/refitting_results/fitting/n100/seed19091997/L5TTPC_L5TTPC_STDP/simulations/186810-208210/10Hz_5ms/prefire_simulation_config.json
 2026-02-27 20:16:44,444: Loading simulation from /lustre06/project/6077694/dhuruva/plastyfire/refitting_results/fitting/n100/seed19091997/L5TTPC_L5TTPC_STDP/simulations/186810-208210/10Hz_-50ms/prefire_simulation_config.json
 2026-02-27 20:17:22,590: cvode was activated outside of Simulation, this might make it impossible to load templates with stochastic channels
 2026-02-27 20:17:29,214: Simulation finished in: 00:04:21
 2026-02-27 20:17:29,269: Data writing finished
/cvmfs/soft.computecanada.ca/easybuild/software/2023/x86-64-v3/MPI/gcc12/openmpi4/hdf5-mpi/1.14.2/lib/python3.11/site-packages/h5py/__init__.py:36: UserWarning: h5py is running against HDF5 1.14.4 when it was built against 1.14.2, this may cause problems
  _warn(("h5py is running against HDF5 {0} when it was built against {1}, "
 2026-02-27 20:17:47,332: Loading simulation from /lustre06/project/6077694/dhuruva/plastyfire/refitting_results/fitting/n100/seed19091997/L5TTPC_L5TTPC_STDP/simulations/186810-208210/10Hz_10ms/prefire_simulation_config.json
 2026-02-27 20:20:14,362: cvode was activated outside of Simulation, this might make it impossible to load templates with stochastic channels
 2026-02-27 20:20:18,601: cvode was activated outside of Simulation, this might make it impossible to load templates with stochastic channels
 2026-02-27 20:20:21,121: Simulation finished in: 00:04:05
 2026-02-27 20:20:21,198: Data writing finished
/cvmfs/soft.computecanada.ca/easybuild/software/2023/x86-64-v3/MPI/gcc12/openmpi4/hdf5-mpi/1.14.2/lib/python3.11/site-packages/h5py/__init__.py:36: UserWarning: h5py is running against HDF5 1.14.4 when it was built against 1.14.2, this may cause problems
  _warn(("h5py is running against HDF5 {0} when it was built against {1}, "
 2026-02-27 20:20:25,561: Simulation finished in: 00:04:15
 2026-02-27 20:20:25,616: Data writing finished
 2026-02-27 20:20:39,020: Loading simulation from /lustre06/project/6077694/dhuruva/plastyfire/refitting_results/fitting/n100/seed19091997/L5TTPC_L5TTPC_STDP/simulations/186810-208210/10Hz_30ms/prefire_simulation_config.json
 2026-02-27 20:20:43,230: cvode was activated outside of Simulation, this might make it impossible to load templates with stochastic channels
 2026-02-27 20:20:50,122: Simulation finished in: 00:04:21
 2026-02-27 20:20:50,201: Data writing finished
 2026-02-27 20:21:37,490: cvode was activated outside of Simulation, this might make it impossible to load templates with stochastic channels
 2026-02-27 20:21:44,224: Simulation finished in: 00:04:12
 2026-02-27 20:21:44,278: Data writing finished
 2026-02-27 20:24:29,953: cvode was activated outside of Simulation, this might make it impossible to load templates with stochastic channels
 2026-02-27 20:24:36,619: Simulation finished in: 00:04:13
 2026-02-27 20:24:36,674: Data writing finished
