Processing: /home/dhuruva/projects/ctb-emuller/dhuruva/plastyfire/refitting_results/fitting/n100/seed19091997/L5TTPC_L5TTPC_STDP/simulations/184709-196154/10Hz_10ms
Processing: /home/dhuruva/projects/ctb-emuller/dhuruva/plastyfire/refitting_results/fitting/n100/seed19091997/L5TTPC_L5TTPC_STDP/simulations/184709-196154/10Hz_-10ms
Processing: /home/dhuruva/projects/ctb-emuller/dhuruva/plastyfire/refitting_results/fitting/n100/seed19091997/L5TTPC_L5TTPC_STDP/simulations/184709-196154/10Hz_-30ms
Processing: /home/dhuruva/projects/ctb-emuller/dhuruva/plastyfire/refitting_results/fitting/n100/seed19091997/L5TTPC_L5TTPC_STDP/simulations/184709-196154/10Hz_-50ms
Presynaptic mapping of length 5 created
Presynaptic mapping of length 5 created
Presynaptic mapping of length 5 created
Presynaptic mapping of length 5 created
Presynaptic mapping of length 5 created
Completed: 184709-196154/10Hz_-30ms
Processing: /home/dhuruva/projects/ctb-emuller/dhuruva/plastyfire/refitting_results/fitting/n100/seed19091997/L5TTPC_L5TTPC_STDP/simulations/185337-193957/10Hz_10ms
Presynaptic mapping of length 5 created
Completed: 184709-196154/10Hz_-10ms
Processing: /home/dhuruva/projects/ctb-emuller/dhuruva/plastyfire/refitting_results/fitting/n100/seed19091997/L5TTPC_L5TTPC_STDP/simulations/185337-193957/10Hz_30ms
Presynaptic mapping of length 5 created
Completed: 184709-196154/10Hz_10ms
Processing: /home/dhuruva/projects/ctb-emuller/dhuruva/plastyfire/refitting_results/fitting/n100/seed19091997/L5TTPC_L5TTPC_STDP/simulations/185337-193957/10Hz_50ms
Presynaptic mapping of length 5 created
Completed: 184709-196154/10Hz_-50ms
Processing: /home/dhuruva/projects/ctb-emuller/dhuruva/plastyfire/refitting_results/fitting/n100/seed19091997/L5TTPC_L5TTPC_STDP/simulations/185337-193957/10Hz_-50ms
Presynaptic mapping of length 4 created
Presynaptic mapping of length 4 created
Presynaptic mapping of length 4 created
Completed: 185337-193957/10Hz_10ms
Processing: /home/dhuruva/projects/ctb-emuller/dhuruva/plastyfire/refitting_results/fitting/n100/seed19091997/L5TTPC_L5TTPC_STDP/simulations/185337-193957/10Hz_-30ms
Presynaptic mapping of length 4 created
Completed: 185337-193957/10Hz_30ms
Processing: /home/dhuruva/projects/ctb-emuller/dhuruva/plastyfire/refitting_results/fitting/n100/seed19091997/L5TTPC_L5TTPC_STDP/simulations/185337-193957/10Hz_5ms
Presynaptic mapping of length 4 created
Completed: 185337-193957/10Hz_-50ms
Presynaptic mapping of length 4 created
Completed: 185337-193957/10Hz_50ms
Presynaptic mapping of length 4 created
Presynaptic mapping of length 4 created
Completed: 185337-193957/10Hz_5ms
Presynaptic mapping of length 4 created
Completed: 185337-193957/10Hz_-30ms
Batch 15 completed
