Processing: /home/dhuruva/projects/ctb-emuller/dhuruva/plastyfire/refitting_results/fitting/n100/seed19091997/L5TTPC_L5TTPC_STDP/simulations/185875-206473/10Hz_-50ms
Processing: /home/dhuruva/projects/ctb-emuller/dhuruva/plastyfire/refitting_results/fitting/n100/seed19091997/L5TTPC_L5TTPC_STDP/simulations/185875-206473/10Hz_-10ms
Processing: /home/dhuruva/projects/ctb-emuller/dhuruva/plastyfire/refitting_results/fitting/n100/seed19091997/L5TTPC_L5TTPC_STDP/simulations/185875-206473/10Hz_50ms
Processing: /home/dhuruva/projects/ctb-emuller/dhuruva/plastyfire/refitting_results/fitting/n100/seed19091997/L5TTPC_L5TTPC_STDP/simulations/185875-206473/10Hz_-30ms
Presynaptic mapping of length 23 created
Presynaptic mapping of length 23 created
Presynaptic mapping of length 23 created
Presynaptic mapping of length 23 created
Failed: 185875-206473/10Hz_-50ms
Processing: /home/dhuruva/projects/ctb-emuller/dhuruva/plastyfire/refitting_results/fitting/n100/seed19091997/L5TTPC_L5TTPC_STDP/simulations/185875-206473/10Hz_5ms
Presynaptic mapping of length 23 created
Presynaptic mapping of length 23 created
Completed: 185875-206473/10Hz_-10ms
Processing: /home/dhuruva/projects/ctb-emuller/dhuruva/plastyfire/refitting_results/fitting/n100/seed19091997/L5TTPC_L5TTPC_STDP/simulations/186117-200624/10Hz_-10ms
Presynaptic mapping of length 23 created
Completed: 185875-206473/10Hz_-30ms
Processing: /home/dhuruva/projects/ctb-emuller/dhuruva/plastyfire/refitting_results/fitting/n100/seed19091997/L5TTPC_L5TTPC_STDP/simulations/186117-200624/10Hz_-30ms
Presynaptic mapping of length 6 created
Failed: 185875-206473/10Hz_50ms
Processing: /home/dhuruva/projects/ctb-emuller/dhuruva/plastyfire/refitting_results/fitting/n100/seed19091997/L5TTPC_L5TTPC_STDP/simulations/186117-200624/10Hz_50ms
Presynaptic mapping of length 6 created
Completed: 186117-200624/10Hz_-10ms
Processing: /home/dhuruva/projects/ctb-emuller/dhuruva/plastyfire/refitting_results/fitting/n100/seed19091997/L5TTPC_L5TTPC_STDP/simulations/186117-200624/10Hz_10ms
Presynaptic mapping of length 6 created
Completed: 186117-200624/10Hz_-30ms
Processing: /home/dhuruva/projects/ctb-emuller/dhuruva/plastyfire/refitting_results/fitting/n100/seed19091997/L5TTPC_L5TTPC_STDP/simulations/186117-200624/10Hz_5ms
Presynaptic mapping of length 6 created
Presynaptic mapping of length 23 created
Completed: 185875-206473/10Hz_5ms
Presynaptic mapping of length 6 created
Completed: 186117-200624/10Hz_50ms
Presynaptic mapping of length 6 created
Completed: 186117-200624/10Hz_10ms
Presynaptic mapping of length 6 created
Completed: 186117-200624/10Hz_5ms
Batch 17 completed
