Processing: /home/dhuruva/projects/ctb-emuller/dhuruva/plastyfire/refitting_results/fitting/n100/seed19091997/L5TTPC_L5TTPC_STDP/simulations/190525-205438/10Hz_-30ms
Processing: /home/dhuruva/projects/ctb-emuller/dhuruva/plastyfire/refitting_results/fitting/n100/seed19091997/L5TTPC_L5TTPC_STDP/simulations/190525-205438/10Hz_50ms
Processing: /home/dhuruva/projects/ctb-emuller/dhuruva/plastyfire/refitting_results/fitting/n100/seed19091997/L5TTPC_L5TTPC_STDP/simulations/190525-205438/10Hz_5ms
Processing: /home/dhuruva/projects/ctb-emuller/dhuruva/plastyfire/refitting_results/fitting/n100/seed19091997/L5TTPC_L5TTPC_STDP/simulations/190525-205438/10Hz_-10ms
Presynaptic mapping of length 5 created
Presynaptic mapping of length 5 created
Presynaptic mapping of length 5 created
Completed: 190525-205438/10Hz_50ms
Processing: /home/dhuruva/projects/ctb-emuller/dhuruva/plastyfire/refitting_results/fitting/n100/seed19091997/L5TTPC_L5TTPC_STDP/simulations/190541-188497/10Hz_50ms
Presynaptic mapping of length 16 created
Presynaptic mapping of length 5 created
Completed: 190525-205438/10Hz_5ms
Processing: /home/dhuruva/projects/ctb-emuller/dhuruva/plastyfire/refitting_results/fitting/n100/seed19091997/L5TTPC_L5TTPC_STDP/simulations/190541-188497/10Hz_10ms
Presynaptic mapping of length 16 created
Presynaptic mapping of length 5 created
Completed: 190525-205438/10Hz_-10ms
Processing: /home/dhuruva/projects/ctb-emuller/dhuruva/plastyfire/refitting_results/fitting/n100/seed19091997/L5TTPC_L5TTPC_STDP/simulations/190541-188497/10Hz_30ms
Presynaptic mapping of length 5 created
Completed: 190525-205438/10Hz_-30ms
Processing: /home/dhuruva/projects/ctb-emuller/dhuruva/plastyfire/refitting_results/fitting/n100/seed19091997/L5TTPC_L5TTPC_STDP/simulations/190541-188497/10Hz_-50ms
Presynaptic mapping of length 16 created
Presynaptic mapping of length 16 created
Completed: 190541-188497/10Hz_50ms
Processing: /home/dhuruva/projects/ctb-emuller/dhuruva/plastyfire/refitting_results/fitting/n100/seed19091997/L5TTPC_L5TTPC_STDP/simulations/190541-188497/10Hz_-30ms
Presynaptic mapping of length 16 created
Completed: 190541-188497/10Hz_10ms
Processing: /home/dhuruva/projects/ctb-emuller/dhuruva/plastyfire/refitting_results/fitting/n100/seed19091997/L5TTPC_L5TTPC_STDP/simulations/190541-188497/10Hz_-10ms
Presynaptic mapping of length 16 created
Completed: 190541-188497/10Hz_30ms
Presynaptic mapping of length 16 created
Completed: 190541-188497/10Hz_-50ms
Presynaptic mapping of length 16 created
Completed: 190541-188497/10Hz_-30ms
Presynaptic mapping of length 16 created
Completed: 190541-188497/10Hz_-10ms
Batch 29 completed
