/cvmfs/soft.computecanada.ca/easybuild/software/2023/x86-64-v3/MPI/gcc12/openmpi4/hdf5-mpi/1.14.2/lib/python3.11/site-packages/h5py/__init__.py:36: UserWarning: h5py is running against HDF5 1.14.4 when it was built against 1.14.2, this may cause problems
  _warn(("h5py is running against HDF5 {0} when it was built against {1}, "
/cvmfs/soft.computecanada.ca/easybuild/software/2023/x86-64-v3/MPI/gcc12/openmpi4/hdf5-mpi/1.14.2/lib/python3.11/site-packages/h5py/__init__.py:36: UserWarning: h5py is running against HDF5 1.14.4 when it was built against 1.14.2, this may cause problems
  _warn(("h5py is running against HDF5 {0} when it was built against {1}, "
/cvmfs/soft.computecanada.ca/easybuild/software/2023/x86-64-v3/MPI/gcc12/openmpi4/hdf5-mpi/1.14.2/lib/python3.11/site-packages/h5py/__init__.py:36: UserWarning: h5py is running against HDF5 1.14.4 when it was built against 1.14.2, this may cause problems
  _warn(("h5py is running against HDF5 {0} when it was built against {1}, "
/cvmfs/soft.computecanada.ca/easybuild/software/2023/x86-64-v3/MPI/gcc12/openmpi4/hdf5-mpi/1.14.2/lib/python3.11/site-packages/h5py/__init__.py:36: UserWarning: h5py is running against HDF5 1.14.4 when it was built against 1.14.2, this may cause problems
  _warn(("h5py is running against HDF5 {0} when it was built against {1}, "
 2026-02-27 20:45:39,038: Loading simulation from /lustre06/project/6077694/dhuruva/plastyfire/refitting_results/fitting/n100/seed19091997/L5TTPC_L5TTPC_STDP/simulations/200132-185914/10Hz_-30ms/prefire_simulation_config.json
 2026-02-27 20:45:39,039: Loading simulation from /lustre06/project/6077694/dhuruva/plastyfire/refitting_results/fitting/n100/seed19091997/L5TTPC_L5TTPC_STDP/simulations/200132-185914/10Hz_10ms/prefire_simulation_config.json
 2026-02-27 20:45:39,040: Loading simulation from /lustre06/project/6077694/dhuruva/plastyfire/refitting_results/fitting/n100/seed19091997/L5TTPC_L5TTPC_STDP/simulations/200132-185914/10Hz_30ms/prefire_simulation_config.json
 2026-02-27 20:45:39,113: Loading simulation from /lustre06/project/6077694/dhuruva/plastyfire/refitting_results/fitting/n100/seed19091997/L5TTPC_L5TTPC_STDP/simulations/200132-185914/10Hz_50ms/prefire_simulation_config.json
 2026-02-27 20:49:31,070: cvode was activated outside of Simulation, this might make it impossible to load templates with stochastic channels
 2026-02-27 20:49:34,079: cvode was activated outside of Simulation, this might make it impossible to load templates with stochastic channels
 2026-02-27 20:49:35,668: cvode was activated outside of Simulation, this might make it impossible to load templates with stochastic channels
 2026-02-27 20:49:37,728: Simulation finished in: 00:04:15
 2026-02-27 20:49:37,779: Data writing finished
/cvmfs/soft.computecanada.ca/easybuild/software/2023/x86-64-v3/MPI/gcc12/openmpi4/hdf5-mpi/1.14.2/lib/python3.11/site-packages/h5py/__init__.py:36: UserWarning: h5py is running against HDF5 1.14.4 when it was built against 1.14.2, this may cause problems
  _warn(("h5py is running against HDF5 {0} when it was built against {1}, "
 2026-02-27 20:49:40,799: Simulation finished in: 00:04:18
 2026-02-27 20:49:40,924: Data writing finished
/cvmfs/soft.computecanada.ca/easybuild/software/2023/x86-64-v3/MPI/gcc12/openmpi4/hdf5-mpi/1.14.2/lib/python3.11/site-packages/h5py/__init__.py:36: UserWarning: h5py is running against HDF5 1.14.4 when it was built against 1.14.2, this may cause problems
  _warn(("h5py is running against HDF5 {0} when it was built against {1}, "
 2026-02-27 20:49:42,284: cvode was activated outside of Simulation, this might make it impossible to load templates with stochastic channels
 2026-02-27 20:49:42,441: Simulation finished in: 00:04:20
 2026-02-27 20:49:42,496: Data writing finished
/cvmfs/soft.computecanada.ca/easybuild/software/2023/x86-64-v3/MPI/gcc12/openmpi4/hdf5-mpi/1.14.2/lib/python3.11/site-packages/h5py/__init__.py:36: UserWarning: h5py is running against HDF5 1.14.4 when it was built against 1.14.2, this may cause problems
  _warn(("h5py is running against HDF5 {0} when it was built against {1}, "
 2026-02-27 20:49:48,994: Simulation finished in: 00:04:26
 2026-02-27 20:49:49,082: Data writing finished
/cvmfs/soft.computecanada.ca/easybuild/software/2023/x86-64-v3/MPI/gcc12/openmpi4/hdf5-mpi/1.14.2/lib/python3.11/site-packages/h5py/__init__.py:36: UserWarning: h5py is running against HDF5 1.14.4 when it was built against 1.14.2, this may cause problems
  _warn(("h5py is running against HDF5 {0} when it was built against {1}, "
 2026-02-27 20:49:55,262: Loading simulation from /lustre06/project/6077694/dhuruva/plastyfire/refitting_results/fitting/n100/seed19091997/L5TTPC_L5TTPC_STDP/simulations/200132-185914/10Hz_-50ms/prefire_simulation_config.json
 2026-02-27 20:49:58,321: Loading simulation from /lustre06/project/6077694/dhuruva/plastyfire/refitting_results/fitting/n100/seed19091997/L5TTPC_L5TTPC_STDP/simulations/200132-185914/10Hz_5ms/prefire_simulation_config.json
 2026-02-27 20:50:05,698: Loading simulation from /lustre06/project/6077694/dhuruva/plastyfire/refitting_results/fitting/n100/seed19091997/L5TTPC_L5TTPC_STDP/simulations/200462-204393/10Hz_5ms/prefire_simulation_config.json
 2026-02-27 20:50:12,633: Loading simulation from /lustre06/project/6077694/dhuruva/plastyfire/refitting_results/fitting/n100/seed19091997/L5TTPC_L5TTPC_STDP/simulations/200462-204393/10Hz_10ms/prefire_simulation_config.json
 2026-02-27 20:53:45,155: cvode was activated outside of Simulation, this might make it impossible to load templates with stochastic channels
 2026-02-27 20:53:51,987: Simulation finished in: 00:04:09
 2026-02-27 20:53:52,293: Data writing finished
 2026-02-27 20:53:52,545: cvode was activated outside of Simulation, this might make it impossible to load templates with stochastic channels
/cvmfs/soft.computecanada.ca/easybuild/software/2023/x86-64-v3/MPI/gcc12/openmpi4/hdf5-mpi/1.14.2/lib/python3.11/site-packages/h5py/__init__.py:36: UserWarning: h5py is running against HDF5 1.14.4 when it was built against 1.14.2, this may cause problems
  _warn(("h5py is running against HDF5 {0} when it was built against {1}, "
 2026-02-27 20:53:59,389: Simulation finished in: 00:04:19
 2026-02-27 20:53:59,441: Data writing finished
/cvmfs/soft.computecanada.ca/easybuild/software/2023/x86-64-v3/MPI/gcc12/openmpi4/hdf5-mpi/1.14.2/lib/python3.11/site-packages/h5py/__init__.py:36: UserWarning: h5py is running against HDF5 1.14.4 when it was built against 1.14.2, this may cause problems
  _warn(("h5py is running against HDF5 {0} when it was built against {1}, "
 2026-02-27 20:54:15,753: Loading simulation from /lustre06/project/6077694/dhuruva/plastyfire/refitting_results/fitting/n100/seed19091997/L5TTPC_L5TTPC_STDP/simulations/200462-204393/10Hz_-30ms/prefire_simulation_config.json
 2026-02-27 20:54:23,613: Loading simulation from /lustre06/project/6077694/dhuruva/plastyfire/refitting_results/fitting/n100/seed19091997/L5TTPC_L5TTPC_STDP/simulations/200462-204393/10Hz_-10ms/prefire_simulation_config.json
 2026-02-27 20:58:28,676: cvode was activated outside of Simulation, this might make it impossible to load templates with stochastic channels
 2026-02-27 20:58:35,410: Simulation finished in: 00:08:50
 2026-02-27 20:58:35,491: Data writing finished
 2026-02-27 20:58:39,738: cvode was activated outside of Simulation, this might make it impossible to load templates with stochastic channels
 2026-02-27 20:58:46,457: Simulation finished in: 00:08:55
 2026-02-27 20:58:46,522: Data writing finished
 2026-02-27 21:07:29,843: cvode was activated outside of Simulation, this might make it impossible to load templates with stochastic channels
 2026-02-27 21:07:36,995: Simulation finished in: 00:13:35
 2026-02-27 21:07:37,147: Data writing finished
 2026-02-27 21:08:49,267: cvode was activated outside of Simulation, this might make it impossible to load templates with stochastic channels
 2026-02-27 21:08:56,497: Simulation finished in: 00:15:02
 2026-02-27 21:08:56,674: Data writing finished
