Processing: /home/dhuruva/projects/ctb-emuller/dhuruva/plastyfire/refitting_results/fitting/n100/seed19091997/L5TTPC_L5TTPC_STDP/simulations/192816-200992/10Hz_-50ms
Processing: /home/dhuruva/projects/ctb-emuller/dhuruva/plastyfire/refitting_results/fitting/n100/seed19091997/L5TTPC_L5TTPC_STDP/simulations/192816-200992/10Hz_10ms
Processing: /home/dhuruva/projects/ctb-emuller/dhuruva/plastyfire/refitting_results/fitting/n100/seed19091997/L5TTPC_L5TTPC_STDP/simulations/193467-199529/10Hz_5ms
Processing: /home/dhuruva/projects/ctb-emuller/dhuruva/plastyfire/refitting_results/fitting/n100/seed19091997/L5TTPC_L5TTPC_STDP/simulations/193467-199529/10Hz_-10ms
Presynaptic mapping of length 6 created
Presynaptic mapping of length 5 created
Presynaptic mapping of length 5 created
Completed: 193467-199529/10Hz_5ms
Processing: /home/dhuruva/projects/ctb-emuller/dhuruva/plastyfire/refitting_results/fitting/n100/seed19091997/L5TTPC_L5TTPC_STDP/simulations/193467-199529/10Hz_-30ms
Presynaptic mapping of length 5 created
Completed: 193467-199529/10Hz_-10ms
Processing: /home/dhuruva/projects/ctb-emuller/dhuruva/plastyfire/refitting_results/fitting/n100/seed19091997/L5TTPC_L5TTPC_STDP/simulations/193467-199529/10Hz_50ms
Presynaptic mapping of length 6 created
Completed: 192816-200992/10Hz_10ms
Processing: /home/dhuruva/projects/ctb-emuller/dhuruva/plastyfire/refitting_results/fitting/n100/seed19091997/L5TTPC_L5TTPC_STDP/simulations/193467-199529/10Hz_10ms
Presynaptic mapping of length 6 created
Completed: 192816-200992/10Hz_-50ms
Processing: /home/dhuruva/projects/ctb-emuller/dhuruva/plastyfire/refitting_results/fitting/n100/seed19091997/L5TTPC_L5TTPC_STDP/simulations/193467-199529/10Hz_-50ms
Presynaptic mapping of length 5 created
Presynaptic mapping of length 5 created
Completed: 193467-199529/10Hz_-30ms
Processing: /home/dhuruva/projects/ctb-emuller/dhuruva/plastyfire/refitting_results/fitting/n100/seed19091997/L5TTPC_L5TTPC_STDP/simulations/193467-199529/10Hz_30ms
Presynaptic mapping of length 5 created
Completed: 193467-199529/10Hz_50ms
Processing: /home/dhuruva/projects/ctb-emuller/dhuruva/plastyfire/refitting_results/fitting/n100/seed19091997/L5TTPC_L5TTPC_STDP/simulations/193481-196243/10Hz_10ms
Presynaptic mapping of length 5 created
Completed: 193467-199529/10Hz_10ms
Presynaptic mapping of length 5 created
Completed: 193467-199529/10Hz_-50ms
Presynaptic mapping of length 5 created
Completed: 193467-199529/10Hz_30ms
Presynaptic mapping of length 30 created
Completed: 193481-196243/10Hz_10ms
Batch 32 completed
