/cvmfs/soft.computecanada.ca/easybuild/software/2023/x86-64-v3/MPI/gcc12/openmpi4/hdf5-mpi/1.14.2/lib/python3.11/site-packages/h5py/__init__.py:36: UserWarning: h5py is running against HDF5 1.14.4 when it was built against 1.14.2, this may cause problems
  _warn(("h5py is running against HDF5 {0} when it was built against {1}, "
/cvmfs/soft.computecanada.ca/easybuild/software/2023/x86-64-v3/MPI/gcc12/openmpi4/hdf5-mpi/1.14.2/lib/python3.11/site-packages/h5py/__init__.py:36: UserWarning: h5py is running against HDF5 1.14.4 when it was built against 1.14.2, this may cause problems
  _warn(("h5py is running against HDF5 {0} when it was built against {1}, "
/cvmfs/soft.computecanada.ca/easybuild/software/2023/x86-64-v3/MPI/gcc12/openmpi4/hdf5-mpi/1.14.2/lib/python3.11/site-packages/h5py/__init__.py:36: UserWarning: h5py is running against HDF5 1.14.4 when it was built against 1.14.2, this may cause problems
  _warn(("h5py is running against HDF5 {0} when it was built against {1}, "
/cvmfs/soft.computecanada.ca/easybuild/software/2023/x86-64-v3/MPI/gcc12/openmpi4/hdf5-mpi/1.14.2/lib/python3.11/site-packages/h5py/__init__.py:36: UserWarning: h5py is running against HDF5 1.14.4 when it was built against 1.14.2, this may cause problems
  _warn(("h5py is running against HDF5 {0} when it was built against {1}, "
multiprocessing.pool.RemoteTraceback: 
"""
Traceback (most recent call last):
  File "/cvmfs/soft.computecanada.ca/easybuild/software/2023/x86-64-v3/Compiler/gcccore/python/3.11.5/lib/python3.11/multiprocessing/pool.py", line 125, in worker
    result = (True, func(*args, **kwds))
                    ^^^^^^^^^^^^^^^^^^^
  File "/lustre06/project/6077694/dhuruva/plastyfire/plastyfire/simulator.py", line 185, in _c_pre_finder_process
    _set_global_params(fit_params)
  File "/lustre06/project/6077694/dhuruva/plastyfire/plastyfire/simulator.py", line 131, in _set_global_params
    setattr(bluecellulab.neuron.h, param_name, param_val)
LookupError: 'enable_CICR_GluSynapse' is not a defined hoc variable name.
"""

The above exception was the direct cause of the following exception:

Traceback (most recent call last):
  File "/home/dhuruva/projects/ctb-emuller/dhuruva/plastyfire/plastyfire/pairrunner.py", line 67, in <module>
    results = sim.runconnectedpair(workdir, fit_params=fit_params, fastforward=args.fastforward, recipe_path=args.recipe_path)
              ^^^^^^^^^^^^^^^^^^^^^^^^^^^^^^^^^^^^^^^^^^^^^^^^^^^^^^^^^^^^^^^^^^^^^^^^^^^^^^^^^^^^^^^^^^^^^^^^^^^^^^^^^^^^^^^^
  File "/lustre06/project/6077694/dhuruva/plastyfire/plastyfire/simulator.py", line 632, in runconnectedpair
    c_pre = c_pre_finder(sim_config, baseline_params, syn_extra_params, pre_gid, post_gid,
            ^^^^^^^^^^^^^^^^^^^^^^^^^^^^^^^^^^^^^^^^^^^^^^^^^^^^^^^^^^^^^^^^^^^^^^^^^^^^^^
  File "/lustre06/project/6077694/dhuruva/plastyfire/plastyfire/simulator.py", line 226, in c_pre_finder
    results = pool.apply(_c_pre_finder_process, [sim_config, fit_params, syn_extra_params, pre_gid, post_gid,
              ^^^^^^^^^^^^^^^^^^^^^^^^^^^^^^^^^^^^^^^^^^^^^^^^^^^^^^^^^^^^^^^^^^^^^^^^^^^^^^^^^^^^^^^^^^^^^^^
  File "/cvmfs/soft.computecanada.ca/easybuild/software/2023/x86-64-v3/Compiler/gcccore/python/3.11.5/lib/python3.11/multiprocessing/pool.py", line 360, in apply
    return self.apply_async(func, args, kwds).get()
           ^^^^^^^^^^^^^^^^^^^^^^^^^^^^^^^^^^^^^^^^
  File "/cvmfs/soft.computecanada.ca/easybuild/software/2023/x86-64-v3/Compiler/gcccore/python/3.11.5/lib/python3.11/multiprocessing/pool.py", line 774, in get
    raise self._value
LookupError: 'enable_CICR_GluSynapse' is not a defined hoc variable name.
multiprocessing.pool.RemoteTraceback: 
"""
Traceback (most recent call last):
  File "/cvmfs/soft.computecanada.ca/easybuild/software/2023/x86-64-v3/Compiler/gcccore/python/3.11.5/lib/python3.11/multiprocessing/pool.py", line 125, in worker
    result = (True, func(*args, **kwds))
                    ^^^^^^^^^^^^^^^^^^^
  File "/lustre06/project/6077694/dhuruva/plastyfire/plastyfire/simulator.py", line 185, in _c_pre_finder_process
    _set_global_params(fit_params)
  File "/lustre06/project/6077694/dhuruva/plastyfire/plastyfire/simulator.py", line 131, in _set_global_params
    setattr(bluecellulab.neuron.h, param_name, param_val)
LookupError: 'enable_CICR_GluSynapse' is not a defined hoc variable name.
"""

The above exception was the direct cause of the following exception:

Traceback (most recent call last):
  File "/home/dhuruva/projects/ctb-emuller/dhuruva/plastyfire/plastyfire/pairrunner.py", line 67, in <module>
    results = sim.runconnectedpair(workdir, fit_params=fit_params, fastforward=args.fastforward, recipe_path=args.recipe_path)
              ^^^^^^^^^^^^^^^^^^^^^^^^^^^^^^^^^^^^^^^^^^^^^^^^^^^^^^^^^^^^^^^^^^^^^^^^^^^^^^^^^^^^^^^^^^^^^^^^^^^^^^^^^^^^^^^^
  File "/lustre06/project/6077694/dhuruva/plastyfire/plastyfire/simulator.py", line 632, in runconnectedpair
    c_pre = c_pre_finder(sim_config, baseline_params, syn_extra_params, pre_gid, post_gid,
            ^^^^^^^^^^^^^^^^^^^^^^^^^^^^^^^^^^^^^^^^^^^^^^^^^^^^^^^^^^^^^^^^^^^^^^^^^^^^^^
  File "/lustre06/project/6077694/dhuruva/plastyfire/plastyfire/simulator.py", line 226, in c_pre_finder
    results = pool.apply(_c_pre_finder_process, [sim_config, fit_params, syn_extra_params, pre_gid, post_gid,
              ^^^^^^^^^^^^^^^^^^^^^^^^^^^^^^^^^^^^^^^^^^^^^^^^^^^^^^^^^^^^^^^^^^^^^^^^^^^^^^^^^^^^^^^^^^^^^^^
  File "/cvmfs/soft.computecanada.ca/easybuild/software/2023/x86-64-v3/Compiler/gcccore/python/3.11.5/lib/python3.11/multiprocessing/pool.py", line 360, in apply
    return self.apply_async(func, args, kwds).get()
           ^^^^^^^^^^^^^^^^^^^^^^^^^^^^^^^^^^^^^^^^
  File "/cvmfs/soft.computecanada.ca/easybuild/software/2023/x86-64-v3/Compiler/gcccore/python/3.11.5/lib/python3.11/multiprocessing/pool.py", line 774, in get
    raise self._value
LookupError: 'enable_CICR_GluSynapse' is not a defined hoc variable name.
multiprocessing.pool.RemoteTraceback: 
"""
Traceback (most recent call last):
  File "/cvmfs/soft.computecanada.ca/easybuild/software/2023/x86-64-v3/Compiler/gcccore/python/3.11.5/lib/python3.11/multiprocessing/pool.py", line 125, in worker
    result = (True, func(*args, **kwds))
                    ^^^^^^^^^^^^^^^^^^^
  File "/lustre06/project/6077694/dhuruva/plastyfire/plastyfire/simulator.py", line 185, in _c_pre_finder_process
    _set_global_params(fit_params)
  File "/lustre06/project/6077694/dhuruva/plastyfire/plastyfire/simulator.py", line 131, in _set_global_params
    setattr(bluecellulab.neuron.h, param_name, param_val)
LookupError: 'enable_CICR_GluSynapse' is not a defined hoc variable name.
"""

The above exception was the direct cause of the following exception:

Traceback (most recent call last):
  File "/home/dhuruva/projects/ctb-emuller/dhuruva/plastyfire/plastyfire/pairrunner.py", line 67, in <module>
    results = sim.runconnectedpair(workdir, fit_params=fit_params, fastforward=args.fastforward, recipe_path=args.recipe_path)
              ^^^^^^^^^^^^^^^^^^^^^^^^^^^^^^^^^^^^^^^^^^^^^^^^^^^^^^^^^^^^^^^^^^^^^^^^^^^^^^^^^^^^^^^^^^^^^^^^^^^^^^^^^^^^^^^^
  File "/lustre06/project/6077694/dhuruva/plastyfire/plastyfire/simulator.py", line 632, in runconnectedpair
    c_pre = c_pre_finder(sim_config, baseline_params, syn_extra_params, pre_gid, post_gid,
            ^^^^^^^^^^^^^^^^^^^^^^^^^^^^^^^^^^^^^^^^^^^^^^^^^^^^^^^^^^^^^^^^^^^^^^^^^^^^^^
  File "/lustre06/project/6077694/dhuruva/plastyfire/plastyfire/simulator.py", line 226, in c_pre_finder
    results = pool.apply(_c_pre_finder_process, [sim_config, fit_params, syn_extra_params, pre_gid, post_gid,
              ^^^^^^^^^^^^^^^^^^^^^^^^^^^^^^^^^^^^^^^^^^^^^^^^^^^^^^^^^^^^^^^^^^^^^^^^^^^^^^^^^^^^^^^^^^^^^^^
  File "/cvmfs/soft.computecanada.ca/easybuild/software/2023/x86-64-v3/Compiler/gcccore/python/3.11.5/lib/python3.11/multiprocessing/pool.py", line 360, in apply
    return self.apply_async(func, args, kwds).get()
           ^^^^^^^^^^^^^^^^^^^^^^^^^^^^^^^^^^^^^^^^
  File "/cvmfs/soft.computecanada.ca/easybuild/software/2023/x86-64-v3/Compiler/gcccore/python/3.11.5/lib/python3.11/multiprocessing/pool.py", line 774, in get
    raise self._value
LookupError: 'enable_CICR_GluSynapse' is not a defined hoc variable name.
/cvmfs/soft.computecanada.ca/easybuild/software/2023/x86-64-v3/MPI/gcc12/openmpi4/hdf5-mpi/1.14.2/lib/python3.11/site-packages/h5py/__init__.py:36: UserWarning: h5py is running against HDF5 1.14.4 when it was built against 1.14.2, this may cause problems
  _warn(("h5py is running against HDF5 {0} when it was built against {1}, "
multiprocessing.pool.RemoteTraceback: 
"""
Traceback (most recent call last):
  File "/cvmfs/soft.computecanada.ca/easybuild/software/2023/x86-64-v3/Compiler/gcccore/python/3.11.5/lib/python3.11/multiprocessing/pool.py", line 125, in worker
    result = (True, func(*args, **kwds))
                    ^^^^^^^^^^^^^^^^^^^
  File "/lustre06/project/6077694/dhuruva/plastyfire/plastyfire/simulator.py", line 185, in _c_pre_finder_process
    _set_global_params(fit_params)
  File "/lustre06/project/6077694/dhuruva/plastyfire/plastyfire/simulator.py", line 131, in _set_global_params
    setattr(bluecellulab.neuron.h, param_name, param_val)
LookupError: 'enable_CICR_GluSynapse' is not a defined hoc variable name.
"""

The above exception was the direct cause of the following exception:

Traceback (most recent call last):
  File "/home/dhuruva/projects/ctb-emuller/dhuruva/plastyfire/plastyfire/pairrunner.py", line 67, in <module>
    results = sim.runconnectedpair(workdir, fit_params=fit_params, fastforward=args.fastforward, recipe_path=args.recipe_path)
              ^^^^^^^^^^^^^^^^^^^^^^^^^^^^^^^^^^^^^^^^^^^^^^^^^^^^^^^^^^^^^^^^^^^^^^^^^^^^^^^^^^^^^^^^^^^^^^^^^^^^^^^^^^^^^^^^
  File "/lustre06/project/6077694/dhuruva/plastyfire/plastyfire/simulator.py", line 632, in runconnectedpair
    c_pre = c_pre_finder(sim_config, baseline_params, syn_extra_params, pre_gid, post_gid,
            ^^^^^^^^^^^^^^^^^^^^^^^^^^^^^^^^^^^^^^^^^^^^^^^^^^^^^^^^^^^^^^^^^^^^^^^^^^^^^^
  File "/lustre06/project/6077694/dhuruva/plastyfire/plastyfire/simulator.py", line 226, in c_pre_finder
    results = pool.apply(_c_pre_finder_process, [sim_config, fit_params, syn_extra_params, pre_gid, post_gid,
              ^^^^^^^^^^^^^^^^^^^^^^^^^^^^^^^^^^^^^^^^^^^^^^^^^^^^^^^^^^^^^^^^^^^^^^^^^^^^^^^^^^^^^^^^^^^^^^^
  File "/cvmfs/soft.computecanada.ca/easybuild/software/2023/x86-64-v3/Compiler/gcccore/python/3.11.5/lib/python3.11/multiprocessing/pool.py", line 360, in apply
    return self.apply_async(func, args, kwds).get()
           ^^^^^^^^^^^^^^^^^^^^^^^^^^^^^^^^^^^^^^^^
  File "/cvmfs/soft.computecanada.ca/easybuild/software/2023/x86-64-v3/Compiler/gcccore/python/3.11.5/lib/python3.11/multiprocessing/pool.py", line 774, in get
    raise self._value
LookupError: 'enable_CICR_GluSynapse' is not a defined hoc variable name.
/cvmfs/soft.computecanada.ca/easybuild/software/2023/x86-64-v3/MPI/gcc12/openmpi4/hdf5-mpi/1.14.2/lib/python3.11/site-packages/h5py/__init__.py:36: UserWarning: h5py is running against HDF5 1.14.4 when it was built against 1.14.2, this may cause problems
  _warn(("h5py is running against HDF5 {0} when it was built against {1}, "
/cvmfs/soft.computecanada.ca/easybuild/software/2023/x86-64-v3/MPI/gcc12/openmpi4/hdf5-mpi/1.14.2/lib/python3.11/site-packages/h5py/__init__.py:36: UserWarning: h5py is running against HDF5 1.14.4 when it was built against 1.14.2, this may cause problems
  _warn(("h5py is running against HDF5 {0} when it was built against {1}, "
/cvmfs/soft.computecanada.ca/easybuild/software/2023/x86-64-v3/MPI/gcc12/openmpi4/hdf5-mpi/1.14.2/lib/python3.11/site-packages/h5py/__init__.py:36: UserWarning: h5py is running against HDF5 1.14.4 when it was built against 1.14.2, this may cause problems
  _warn(("h5py is running against HDF5 {0} when it was built against {1}, "
multiprocessing.pool.RemoteTraceback: 
"""
Traceback (most recent call last):
  File "/cvmfs/soft.computecanada.ca/easybuild/software/2023/x86-64-v3/Compiler/gcccore/python/3.11.5/lib/python3.11/multiprocessing/pool.py", line 125, in worker
    result = (True, func(*args, **kwds))
                    ^^^^^^^^^^^^^^^^^^^
  File "/lustre06/project/6077694/dhuruva/plastyfire/plastyfire/simulator.py", line 185, in _c_pre_finder_process
    _set_global_params(fit_params)
  File "/lustre06/project/6077694/dhuruva/plastyfire/plastyfire/simulator.py", line 131, in _set_global_params
    setattr(bluecellulab.neuron.h, param_name, param_val)
LookupError: 'enable_CICR_GluSynapse' is not a defined hoc variable name.
"""

The above exception was the direct cause of the following exception:

Traceback (most recent call last):
  File "/home/dhuruva/projects/ctb-emuller/dhuruva/plastyfire/plastyfire/pairrunner.py", line 67, in <module>
    results = sim.runconnectedpair(workdir, fit_params=fit_params, fastforward=args.fastforward, recipe_path=args.recipe_path)
              ^^^^^^^^^^^^^^^^^^^^^^^^^^^^^^^^^^^^^^^^^^^^^^^^^^^^^^^^^^^^^^^^^^^^^^^^^^^^^^^^^^^^^^^^^^^^^^^^^^^^^^^^^^^^^^^^
  File "/lustre06/project/6077694/dhuruva/plastyfire/plastyfire/simulator.py", line 632, in runconnectedpair
    c_pre = c_pre_finder(sim_config, baseline_params, syn_extra_params, pre_gid, post_gid,
            ^^^^^^^^^^^^^^^^^^^^^^^^^^^^^^^^^^^^^^^^^^^^^^^^^^^^^^^^^^^^^^^^^^^^^^^^^^^^^^
  File "/lustre06/project/6077694/dhuruva/plastyfire/plastyfire/simulator.py", line 226, in c_pre_finder
    results = pool.apply(_c_pre_finder_process, [sim_config, fit_params, syn_extra_params, pre_gid, post_gid,
              ^^^^^^^^^^^^^^^^^^^^^^^^^^^^^^^^^^^^^^^^^^^^^^^^^^^^^^^^^^^^^^^^^^^^^^^^^^^^^^^^^^^^^^^^^^^^^^^
  File "/cvmfs/soft.computecanada.ca/easybuild/software/2023/x86-64-v3/Compiler/gcccore/python/3.11.5/lib/python3.11/multiprocessing/pool.py", line 360, in apply
    return self.apply_async(func, args, kwds).get()
           ^^^^^^^^^^^^^^^^^^^^^^^^^^^^^^^^^^^^^^^^
  File "/cvmfs/soft.computecanada.ca/easybuild/software/2023/x86-64-v3/Compiler/gcccore/python/3.11.5/lib/python3.11/multiprocessing/pool.py", line 774, in get
    raise self._value
LookupError: 'enable_CICR_GluSynapse' is not a defined hoc variable name.
multiprocessing.pool.RemoteTraceback: 
"""
Traceback (most recent call last):
  File "/cvmfs/soft.computecanada.ca/easybuild/software/2023/x86-64-v3/Compiler/gcccore/python/3.11.5/lib/python3.11/multiprocessing/pool.py", line 125, in worker
    result = (True, func(*args, **kwds))
                    ^^^^^^^^^^^^^^^^^^^
  File "/lustre06/project/6077694/dhuruva/plastyfire/plastyfire/simulator.py", line 185, in _c_pre_finder_process
    _set_global_params(fit_params)
  File "/lustre06/project/6077694/dhuruva/plastyfire/plastyfire/simulator.py", line 131, in _set_global_params
    setattr(bluecellulab.neuron.h, param_name, param_val)
LookupError: 'enable_CICR_GluSynapse' is not a defined hoc variable name.
"""

The above exception was the direct cause of the following exception:

Traceback (most recent call last):
  File "/home/dhuruva/projects/ctb-emuller/dhuruva/plastyfire/plastyfire/pairrunner.py", line 67, in <module>
    results = sim.runconnectedpair(workdir, fit_params=fit_params, fastforward=args.fastforward, recipe_path=args.recipe_path)
              ^^^^^^^^^^^^^^^^^^^^^^^^^^^^^^^^^^^^^^^^^^^^^^^^^^^^^^^^^^^^^^^^^^^^^^^^^^^^^^^^^^^^^^^^^^^^^^^^^^^^^^^^^^^^^^^^
  File "/lustre06/project/6077694/dhuruva/plastyfire/plastyfire/simulator.py", line 632, in runconnectedpair
    c_pre = c_pre_finder(sim_config, baseline_params, syn_extra_params, pre_gid, post_gid,
            ^^^^^^^^^^^^^^^^^^^^^^^^^^^^^^^^^^^^^^^^^^^^^^^^^^^^^^^^^^^^^^^^^^^^^^^^^^^^^^
  File "/lustre06/project/6077694/dhuruva/plastyfire/plastyfire/simulator.py", line 226, in c_pre_finder
    results = pool.apply(_c_pre_finder_process, [sim_config, fit_params, syn_extra_params, pre_gid, post_gid,
              ^^^^^^^^^^^^^^^^^^^^^^^^^^^^^^^^^^^^^^^^^^^^^^^^^^^^^^^^^^^^^^^^^^^^^^^^^^^^^^^^^^^^^^^^^^^^^^^
  File "/cvmfs/soft.computecanada.ca/easybuild/software/2023/x86-64-v3/Compiler/gcccore/python/3.11.5/lib/python3.11/multiprocessing/pool.py", line 360, in apply
    return self.apply_async(func, args, kwds).get()
           ^^^^^^^^^^^^^^^^^^^^^^^^^^^^^^^^^^^^^^^^
  File "/cvmfs/soft.computecanada.ca/easybuild/software/2023/x86-64-v3/Compiler/gcccore/python/3.11.5/lib/python3.11/multiprocessing/pool.py", line 774, in get
    raise self._value
LookupError: 'enable_CICR_GluSynapse' is not a defined hoc variable name.
multiprocessing.pool.RemoteTraceback: 
"""
Traceback (most recent call last):
  File "/cvmfs/soft.computecanada.ca/easybuild/software/2023/x86-64-v3/Compiler/gcccore/python/3.11.5/lib/python3.11/multiprocessing/pool.py", line 125, in worker
    result = (True, func(*args, **kwds))
                    ^^^^^^^^^^^^^^^^^^^
  File "/lustre06/project/6077694/dhuruva/plastyfire/plastyfire/simulator.py", line 185, in _c_pre_finder_process
    _set_global_params(fit_params)
  File "/lustre06/project/6077694/dhuruva/plastyfire/plastyfire/simulator.py", line 131, in _set_global_params
    setattr(bluecellulab.neuron.h, param_name, param_val)
LookupError: 'enable_CICR_GluSynapse' is not a defined hoc variable name.
"""

The above exception was the direct cause of the following exception:

Traceback (most recent call last):
  File "/home/dhuruva/projects/ctb-emuller/dhuruva/plastyfire/plastyfire/pairrunner.py", line 67, in <module>
    results = sim.runconnectedpair(workdir, fit_params=fit_params, fastforward=args.fastforward, recipe_path=args.recipe_path)
              ^^^^^^^^^^^^^^^^^^^^^^^^^^^^^^^^^^^^^^^^^^^^^^^^^^^^^^^^^^^^^^^^^^^^^^^^^^^^^^^^^^^^^^^^^^^^^^^^^^^^^^^^^^^^^^^^
  File "/lustre06/project/6077694/dhuruva/plastyfire/plastyfire/simulator.py", line 632, in runconnectedpair
    c_pre = c_pre_finder(sim_config, baseline_params, syn_extra_params, pre_gid, post_gid,
            ^^^^^^^^^^^^^^^^^^^^^^^^^^^^^^^^^^^^^^^^^^^^^^^^^^^^^^^^^^^^^^^^^^^^^^^^^^^^^^
  File "/lustre06/project/6077694/dhuruva/plastyfire/plastyfire/simulator.py", line 226, in c_pre_finder
    results = pool.apply(_c_pre_finder_process, [sim_config, fit_params, syn_extra_params, pre_gid, post_gid,
              ^^^^^^^^^^^^^^^^^^^^^^^^^^^^^^^^^^^^^^^^^^^^^^^^^^^^^^^^^^^^^^^^^^^^^^^^^^^^^^^^^^^^^^^^^^^^^^^
  File "/cvmfs/soft.computecanada.ca/easybuild/software/2023/x86-64-v3/Compiler/gcccore/python/3.11.5/lib/python3.11/multiprocessing/pool.py", line 360, in apply
    return self.apply_async(func, args, kwds).get()
           ^^^^^^^^^^^^^^^^^^^^^^^^^^^^^^^^^^^^^^^^
  File "/cvmfs/soft.computecanada.ca/easybuild/software/2023/x86-64-v3/Compiler/gcccore/python/3.11.5/lib/python3.11/multiprocessing/pool.py", line 774, in get
    raise self._value
LookupError: 'enable_CICR_GluSynapse' is not a defined hoc variable name.
/cvmfs/soft.computecanada.ca/easybuild/software/2023/x86-64-v3/MPI/gcc12/openmpi4/hdf5-mpi/1.14.2/lib/python3.11/site-packages/h5py/__init__.py:36: UserWarning: h5py is running against HDF5 1.14.4 when it was built against 1.14.2, this may cause problems
  _warn(("h5py is running against HDF5 {0} when it was built against {1}, "
multiprocessing.pool.RemoteTraceback: 
"""
Traceback (most recent call last):
  File "/cvmfs/soft.computecanada.ca/easybuild/software/2023/x86-64-v3/Compiler/gcccore/python/3.11.5/lib/python3.11/multiprocessing/pool.py", line 125, in worker
    result = (True, func(*args, **kwds))
                    ^^^^^^^^^^^^^^^^^^^
  File "/lustre06/project/6077694/dhuruva/plastyfire/plastyfire/simulator.py", line 185, in _c_pre_finder_process
    _set_global_params(fit_params)
  File "/lustre06/project/6077694/dhuruva/plastyfire/plastyfire/simulator.py", line 131, in _set_global_params
    setattr(bluecellulab.neuron.h, param_name, param_val)
LookupError: 'enable_CICR_GluSynapse' is not a defined hoc variable name.
"""

The above exception was the direct cause of the following exception:

Traceback (most recent call last):
  File "/home/dhuruva/projects/ctb-emuller/dhuruva/plastyfire/plastyfire/pairrunner.py", line 67, in <module>
    results = sim.runconnectedpair(workdir, fit_params=fit_params, fastforward=args.fastforward, recipe_path=args.recipe_path)
              ^^^^^^^^^^^^^^^^^^^^^^^^^^^^^^^^^^^^^^^^^^^^^^^^^^^^^^^^^^^^^^^^^^^^^^^^^^^^^^^^^^^^^^^^^^^^^^^^^^^^^^^^^^^^^^^^
  File "/lustre06/project/6077694/dhuruva/plastyfire/plastyfire/simulator.py", line 632, in runconnectedpair
    c_pre = c_pre_finder(sim_config, baseline_params, syn_extra_params, pre_gid, post_gid,
            ^^^^^^^^^^^^^^^^^^^^^^^^^^^^^^^^^^^^^^^^^^^^^^^^^^^^^^^^^^^^^^^^^^^^^^^^^^^^^^
  File "/lustre06/project/6077694/dhuruva/plastyfire/plastyfire/simulator.py", line 226, in c_pre_finder
    results = pool.apply(_c_pre_finder_process, [sim_config, fit_params, syn_extra_params, pre_gid, post_gid,
              ^^^^^^^^^^^^^^^^^^^^^^^^^^^^^^^^^^^^^^^^^^^^^^^^^^^^^^^^^^^^^^^^^^^^^^^^^^^^^^^^^^^^^^^^^^^^^^^
  File "/cvmfs/soft.computecanada.ca/easybuild/software/2023/x86-64-v3/Compiler/gcccore/python/3.11.5/lib/python3.11/multiprocessing/pool.py", line 360, in apply
    return self.apply_async(func, args, kwds).get()
           ^^^^^^^^^^^^^^^^^^^^^^^^^^^^^^^^^^^^^^^^
  File "/cvmfs/soft.computecanada.ca/easybuild/software/2023/x86-64-v3/Compiler/gcccore/python/3.11.5/lib/python3.11/multiprocessing/pool.py", line 774, in get
    raise self._value
LookupError: 'enable_CICR_GluSynapse' is not a defined hoc variable name.
/cvmfs/soft.computecanada.ca/easybuild/software/2023/x86-64-v3/MPI/gcc12/openmpi4/hdf5-mpi/1.14.2/lib/python3.11/site-packages/h5py/__init__.py:36: UserWarning: h5py is running against HDF5 1.14.4 when it was built against 1.14.2, this may cause problems
  _warn(("h5py is running against HDF5 {0} when it was built against {1}, "
multiprocessing.pool.RemoteTraceback: 
"""
Traceback (most recent call last):
  File "/cvmfs/soft.computecanada.ca/easybuild/software/2023/x86-64-v3/Compiler/gcccore/python/3.11.5/lib/python3.11/multiprocessing/pool.py", line 125, in worker
    result = (True, func(*args, **kwds))
                    ^^^^^^^^^^^^^^^^^^^
  File "/lustre06/project/6077694/dhuruva/plastyfire/plastyfire/simulator.py", line 185, in _c_pre_finder_process
    _set_global_params(fit_params)
  File "/lustre06/project/6077694/dhuruva/plastyfire/plastyfire/simulator.py", line 131, in _set_global_params
    setattr(bluecellulab.neuron.h, param_name, param_val)
LookupError: 'enable_CICR_GluSynapse' is not a defined hoc variable name.
"""

The above exception was the direct cause of the following exception:

Traceback (most recent call last):
  File "/home/dhuruva/projects/ctb-emuller/dhuruva/plastyfire/plastyfire/pairrunner.py", line 67, in <module>
    results = sim.runconnectedpair(workdir, fit_params=fit_params, fastforward=args.fastforward, recipe_path=args.recipe_path)
              ^^^^^^^^^^^^^^^^^^^^^^^^^^^^^^^^^^^^^^^^^^^^^^^^^^^^^^^^^^^^^^^^^^^^^^^^^^^^^^^^^^^^^^^^^^^^^^^^^^^^^^^^^^^^^^^^
  File "/lustre06/project/6077694/dhuruva/plastyfire/plastyfire/simulator.py", line 632, in runconnectedpair
    c_pre = c_pre_finder(sim_config, baseline_params, syn_extra_params, pre_gid, post_gid,
            ^^^^^^^^^^^^^^^^^^^^^^^^^^^^^^^^^^^^^^^^^^^^^^^^^^^^^^^^^^^^^^^^^^^^^^^^^^^^^^
  File "/lustre06/project/6077694/dhuruva/plastyfire/plastyfire/simulator.py", line 226, in c_pre_finder
    results = pool.apply(_c_pre_finder_process, [sim_config, fit_params, syn_extra_params, pre_gid, post_gid,
              ^^^^^^^^^^^^^^^^^^^^^^^^^^^^^^^^^^^^^^^^^^^^^^^^^^^^^^^^^^^^^^^^^^^^^^^^^^^^^^^^^^^^^^^^^^^^^^^
  File "/cvmfs/soft.computecanada.ca/easybuild/software/2023/x86-64-v3/Compiler/gcccore/python/3.11.5/lib/python3.11/multiprocessing/pool.py", line 360, in apply
    return self.apply_async(func, args, kwds).get()
           ^^^^^^^^^^^^^^^^^^^^^^^^^^^^^^^^^^^^^^^^
  File "/cvmfs/soft.computecanada.ca/easybuild/software/2023/x86-64-v3/Compiler/gcccore/python/3.11.5/lib/python3.11/multiprocessing/pool.py", line 774, in get
    raise self._value
LookupError: 'enable_CICR_GluSynapse' is not a defined hoc variable name.
multiprocessing.pool.RemoteTraceback: 
"""
Traceback (most recent call last):
  File "/cvmfs/soft.computecanada.ca/easybuild/software/2023/x86-64-v3/Compiler/gcccore/python/3.11.5/lib/python3.11/multiprocessing/pool.py", line 125, in worker
    result = (True, func(*args, **kwds))
                    ^^^^^^^^^^^^^^^^^^^
  File "/lustre06/project/6077694/dhuruva/plastyfire/plastyfire/simulator.py", line 185, in _c_pre_finder_process
    _set_global_params(fit_params)
  File "/lustre06/project/6077694/dhuruva/plastyfire/plastyfire/simulator.py", line 131, in _set_global_params
    setattr(bluecellulab.neuron.h, param_name, param_val)
LookupError: 'enable_CICR_GluSynapse' is not a defined hoc variable name.
"""

The above exception was the direct cause of the following exception:

Traceback (most recent call last):
  File "/home/dhuruva/projects/ctb-emuller/dhuruva/plastyfire/plastyfire/pairrunner.py", line 67, in <module>
    results = sim.runconnectedpair(workdir, fit_params=fit_params, fastforward=args.fastforward, recipe_path=args.recipe_path)
              ^^^^^^^^^^^^^^^^^^^^^^^^^^^^^^^^^^^^^^^^^^^^^^^^^^^^^^^^^^^^^^^^^^^^^^^^^^^^^^^^^^^^^^^^^^^^^^^^^^^^^^^^^^^^^^^^
  File "/lustre06/project/6077694/dhuruva/plastyfire/plastyfire/simulator.py", line 632, in runconnectedpair
    c_pre = c_pre_finder(sim_config, baseline_params, syn_extra_params, pre_gid, post_gid,
            ^^^^^^^^^^^^^^^^^^^^^^^^^^^^^^^^^^^^^^^^^^^^^^^^^^^^^^^^^^^^^^^^^^^^^^^^^^^^^^
  File "/lustre06/project/6077694/dhuruva/plastyfire/plastyfire/simulator.py", line 226, in c_pre_finder
    results = pool.apply(_c_pre_finder_process, [sim_config, fit_params, syn_extra_params, pre_gid, post_gid,
              ^^^^^^^^^^^^^^^^^^^^^^^^^^^^^^^^^^^^^^^^^^^^^^^^^^^^^^^^^^^^^^^^^^^^^^^^^^^^^^^^^^^^^^^^^^^^^^^
  File "/cvmfs/soft.computecanada.ca/easybuild/software/2023/x86-64-v3/Compiler/gcccore/python/3.11.5/lib/python3.11/multiprocessing/pool.py", line 360, in apply
    return self.apply_async(func, args, kwds).get()
           ^^^^^^^^^^^^^^^^^^^^^^^^^^^^^^^^^^^^^^^^
  File "/cvmfs/soft.computecanada.ca/easybuild/software/2023/x86-64-v3/Compiler/gcccore/python/3.11.5/lib/python3.11/multiprocessing/pool.py", line 774, in get
    raise self._value
LookupError: 'enable_CICR_GluSynapse' is not a defined hoc variable name.
