Processing: /home/dhuruva/projects/ctb-emuller/dhuruva/plastyfire/refitting_results/fitting/n100/seed19091997/L5TTPC_L5TTPC_STDP/simulations/199599-194835/10Hz_50ms
Processing: /home/dhuruva/projects/ctb-emuller/dhuruva/plastyfire/refitting_results/fitting/n100/seed19091997/L5TTPC_L5TTPC_STDP/simulations/199599-194835/10Hz_-30ms
Processing: /home/dhuruva/projects/ctb-emuller/dhuruva/plastyfire/refitting_results/fitting/n100/seed19091997/L5TTPC_L5TTPC_STDP/simulations/199599-194835/10Hz_10ms
Processing: /home/dhuruva/projects/ctb-emuller/dhuruva/plastyfire/refitting_results/fitting/n100/seed19091997/L5TTPC_L5TTPC_STDP/simulations/199599-194835/10Hz_-50ms
Presynaptic mapping of length 9 created
Presynaptic mapping of length 9 created
Presynaptic mapping of length 9 created
Presynaptic mapping of length 9 created
Completed: 199599-194835/10Hz_-30ms
Processing: /home/dhuruva/projects/ctb-emuller/dhuruva/plastyfire/refitting_results/fitting/n100/seed19091997/L5TTPC_L5TTPC_STDP/simulations/199599-194835/10Hz_30ms
Presynaptic mapping of length 9 created
Completed: 199599-194835/10Hz_50ms
Processing: /home/dhuruva/projects/ctb-emuller/dhuruva/plastyfire/refitting_results/fitting/n100/seed19091997/L5TTPC_L5TTPC_STDP/simulations/199879-192945/10Hz_-50ms
Presynaptic mapping of length 9 created
Completed: 199599-194835/10Hz_10ms
Processing: /home/dhuruva/projects/ctb-emuller/dhuruva/plastyfire/refitting_results/fitting/n100/seed19091997/L5TTPC_L5TTPC_STDP/simulations/199879-192945/10Hz_-10ms
Presynaptic mapping of length 9 created
Presynaptic mapping of length 9 created
Presynaptic mapping of length 9 created
Completed: 199599-194835/10Hz_-50ms
Processing: /home/dhuruva/projects/ctb-emuller/dhuruva/plastyfire/refitting_results/fitting/n100/seed19091997/L5TTPC_L5TTPC_STDP/simulations/199879-192945/10Hz_-30ms
Presynaptic mapping of length 11 created
Presynaptic mapping of length 11 created
Completed: 199879-192945/10Hz_-10ms
Processing: /home/dhuruva/projects/ctb-emuller/dhuruva/plastyfire/refitting_results/fitting/n100/seed19091997/L5TTPC_L5TTPC_STDP/simulations/199879-192945/10Hz_50ms
Presynaptic mapping of length 9 created
Completed: 199599-194835/10Hz_30ms
Processing: /home/dhuruva/projects/ctb-emuller/dhuruva/plastyfire/refitting_results/fitting/n100/seed19091997/L5TTPC_L5TTPC_STDP/simulations/199879-192945/10Hz_10ms
Presynaptic mapping of length 11 created
Completed: 199879-192945/10Hz_-50ms
Presynaptic mapping of length 11 created
Completed: 199879-192945/10Hz_-30ms
Presynaptic mapping of length 11 created
Completed: 199879-192945/10Hz_50ms
Presynaptic mapping of length 11 created
Completed: 199879-192945/10Hz_10ms
Batch 45 completed
