/cvmfs/soft.computecanada.ca/easybuild/software/2023/x86-64-v3/MPI/gcc12/openmpi4/hdf5-mpi/1.14.2/lib/python3.11/site-packages/h5py/__init__.py:36: UserWarning: h5py is running against HDF5 1.14.4 when it was built against 1.14.2, this may cause problems
  _warn(("h5py is running against HDF5 {0} when it was built against {1}, "
/cvmfs/soft.computecanada.ca/easybuild/software/2023/x86-64-v3/MPI/gcc12/openmpi4/hdf5-mpi/1.14.2/lib/python3.11/site-packages/h5py/__init__.py:36: UserWarning: h5py is running against HDF5 1.14.4 when it was built against 1.14.2, this may cause problems
  _warn(("h5py is running against HDF5 {0} when it was built against {1}, "
/cvmfs/soft.computecanada.ca/easybuild/software/2023/x86-64-v3/MPI/gcc12/openmpi4/hdf5-mpi/1.14.2/lib/python3.11/site-packages/h5py/__init__.py:36: UserWarning: h5py is running against HDF5 1.14.4 when it was built against 1.14.2, this may cause problems
  _warn(("h5py is running against HDF5 {0} when it was built against {1}, "
/cvmfs/soft.computecanada.ca/easybuild/software/2023/x86-64-v3/MPI/gcc12/openmpi4/hdf5-mpi/1.14.2/lib/python3.11/site-packages/h5py/__init__.py:36: UserWarning: h5py is running against HDF5 1.14.4 when it was built against 1.14.2, this may cause problems
  _warn(("h5py is running against HDF5 {0} when it was built against {1}, "
 2026-02-27 20:52:05,341: Loading simulation from /lustre06/project/6077694/dhuruva/plastyfire/refitting_results/fitting/n100/seed19091997/L5TTPC_L5TTPC_STDP/simulations/206930-184305/10Hz_-30ms/prefire_simulation_config.json
 2026-02-27 20:52:06,127: Loading simulation from /lustre06/project/6077694/dhuruva/plastyfire/refitting_results/fitting/n100/seed19091997/L5TTPC_L5TTPC_STDP/simulations/206314-189443/10Hz_5ms/prefire_simulation_config.json
 2026-02-27 20:52:06,260: Loading simulation from /lustre06/project/6077694/dhuruva/plastyfire/refitting_results/fitting/n100/seed19091997/L5TTPC_L5TTPC_STDP/simulations/206314-189443/10Hz_-30ms/prefire_simulation_config.json
 2026-02-27 20:52:06,430: Loading simulation from /lustre06/project/6077694/dhuruva/plastyfire/refitting_results/fitting/n100/seed19091997/L5TTPC_L5TTPC_STDP/simulations/206314-189443/10Hz_50ms/prefire_simulation_config.json
 2026-02-27 20:56:41,559: cvode was activated outside of Simulation, this might make it impossible to load templates with stochastic channels
 2026-02-27 20:56:48,354: Simulation finished in: 00:04:56
 2026-02-27 20:56:48,429: Data writing finished
/cvmfs/soft.computecanada.ca/easybuild/software/2023/x86-64-v3/MPI/gcc12/openmpi4/hdf5-mpi/1.14.2/lib/python3.11/site-packages/h5py/__init__.py:36: UserWarning: h5py is running against HDF5 1.14.4 when it was built against 1.14.2, this may cause problems
  _warn(("h5py is running against HDF5 {0} when it was built against {1}, "
 2026-02-27 20:57:03,174: Loading simulation from /lustre06/project/6077694/dhuruva/plastyfire/refitting_results/fitting/n100/seed19091997/L5TTPC_L5TTPC_STDP/simulations/206930-184305/10Hz_50ms/prefire_simulation_config.json
 2026-02-27 20:57:07,560: cvode was activated outside of Simulation, this might make it impossible to load templates with stochastic channels
 2026-02-27 20:57:11,591: cvode was activated outside of Simulation, this might make it impossible to load templates with stochastic channels
 2026-02-27 20:57:14,507: Simulation finished in: 00:05:22
 2026-02-27 20:57:14,629: Data writing finished
/cvmfs/soft.computecanada.ca/easybuild/software/2023/x86-64-v3/MPI/gcc12/openmpi4/hdf5-mpi/1.14.2/lib/python3.11/site-packages/h5py/__init__.py:36: UserWarning: h5py is running against HDF5 1.14.4 when it was built against 1.14.2, this may cause problems
  _warn(("h5py is running against HDF5 {0} when it was built against {1}, "
 2026-02-27 20:57:16,944: cvode was activated outside of Simulation, this might make it impossible to load templates with stochastic channels
 2026-02-27 20:57:18,568: Simulation finished in: 00:05:26
 2026-02-27 20:57:18,693: Data writing finished
/cvmfs/soft.computecanada.ca/easybuild/software/2023/x86-64-v3/MPI/gcc12/openmpi4/hdf5-mpi/1.14.2/lib/python3.11/site-packages/h5py/__init__.py:36: UserWarning: h5py is running against HDF5 1.14.4 when it was built against 1.14.2, this may cause problems
  _warn(("h5py is running against HDF5 {0} when it was built against {1}, "
 2026-02-27 20:57:23,860: Simulation finished in: 00:05:32
 2026-02-27 20:57:23,994: Data writing finished
/cvmfs/soft.computecanada.ca/easybuild/software/2023/x86-64-v3/MPI/gcc12/openmpi4/hdf5-mpi/1.14.2/lib/python3.11/site-packages/h5py/__init__.py:36: UserWarning: h5py is running against HDF5 1.14.4 when it was built against 1.14.2, this may cause problems
  _warn(("h5py is running against HDF5 {0} when it was built against {1}, "
 2026-02-27 20:57:29,782: Loading simulation from /lustre06/project/6077694/dhuruva/plastyfire/refitting_results/fitting/n100/seed19091997/L5TTPC_L5TTPC_STDP/simulations/206930-184305/10Hz_-10ms/prefire_simulation_config.json
 2026-02-27 20:57:33,690: Loading simulation from /lustre06/project/6077694/dhuruva/plastyfire/refitting_results/fitting/n100/seed19091997/L5TTPC_L5TTPC_STDP/simulations/206930-184305/10Hz_-50ms/prefire_simulation_config.json
 2026-02-27 20:57:38,770: Loading simulation from /lustre06/project/6077694/dhuruva/plastyfire/refitting_results/fitting/n100/seed19091997/L5TTPC_L5TTPC_STDP/simulations/206930-184305/10Hz_30ms/prefire_simulation_config.json
 2026-02-27 21:01:36,808: cvode was activated outside of Simulation, this might make it impossible to load templates with stochastic channels
 2026-02-27 21:01:43,577: Simulation finished in: 00:04:53
 2026-02-27 21:01:43,626: Data writing finished
/cvmfs/soft.computecanada.ca/easybuild/software/2023/x86-64-v3/MPI/gcc12/openmpi4/hdf5-mpi/1.14.2/lib/python3.11/site-packages/h5py/__init__.py:36: UserWarning: h5py is running against HDF5 1.14.4 when it was built against 1.14.2, this may cause problems
  _warn(("h5py is running against HDF5 {0} when it was built against {1}, "
 2026-02-27 21:01:56,920: cvode was activated outside of Simulation, this might make it impossible to load templates with stochastic channels
 2026-02-27 21:01:58,815: Loading simulation from /lustre06/project/6077694/dhuruva/plastyfire/refitting_results/fitting/n100/seed19091997/L5TTPC_L5TTPC_STDP/simulations/206930-184305/10Hz_5ms/prefire_simulation_config.json
 2026-02-27 21:02:03,631: Simulation finished in: 00:04:47
 2026-02-27 21:02:03,679: Data writing finished
/cvmfs/soft.computecanada.ca/easybuild/software/2023/x86-64-v3/MPI/gcc12/openmpi4/hdf5-mpi/1.14.2/lib/python3.11/site-packages/h5py/__init__.py:36: UserWarning: h5py is running against HDF5 1.14.4 when it was built against 1.14.2, this may cause problems
  _warn(("h5py is running against HDF5 {0} when it was built against {1}, "
 2026-02-27 21:02:09,805: cvode was activated outside of Simulation, this might make it impossible to load templates with stochastic channels
 2026-02-27 21:02:14,001: cvode was activated outside of Simulation, this might make it impossible to load templates with stochastic channels
 2026-02-27 21:02:16,545: Simulation finished in: 00:04:55
 2026-02-27 21:02:16,597: Data writing finished
 2026-02-27 21:02:18,696: Loading simulation from /lustre06/project/6077694/dhuruva/plastyfire/refitting_results/fitting/n100/seed19091997/L5TTPC_L5TTPC_STDP/simulations/206930-184305/10Hz_10ms/prefire_simulation_config.json
 2026-02-27 21:02:20,817: Simulation finished in: 00:04:54
 2026-02-27 21:02:20,866: Data writing finished
 2026-02-27 21:06:23,863: cvode was activated outside of Simulation, this might make it impossible to load templates with stochastic channels
 2026-02-27 21:06:30,717: Simulation finished in: 00:04:45
 2026-02-27 21:06:30,792: Data writing finished
 2026-02-27 21:06:48,836: cvode was activated outside of Simulation, this might make it impossible to load templates with stochastic channels
 2026-02-27 21:06:55,574: Simulation finished in: 00:04:49
 2026-02-27 21:06:55,622: Data writing finished
