Processing: /home/dhuruva/projects/ctb-emuller/dhuruva/plastyfire/refitting_results/fitting/n100/seed19091997/L5TTPC_L5TTPC_STDP/simulations/207836-184831/10Hz_-30ms
Processing: /home/dhuruva/projects/ctb-emuller/dhuruva/plastyfire/refitting_results/fitting/n100/seed19091997/L5TTPC_L5TTPC_STDP/simulations/208093-203811/10Hz_50ms
Processing: /home/dhuruva/projects/ctb-emuller/dhuruva/plastyfire/refitting_results/fitting/n100/seed19091997/L5TTPC_L5TTPC_STDP/simulations/208093-203811/10Hz_10ms
Processing: /home/dhuruva/projects/ctb-emuller/dhuruva/plastyfire/refitting_results/fitting/n100/seed19091997/L5TTPC_L5TTPC_STDP/simulations/208093-203811/10Hz_5ms
Presynaptic mapping of length 6 created
Presynaptic mapping of length 6 created
Completed: 208093-203811/10Hz_5ms
Processing: /home/dhuruva/projects/ctb-emuller/dhuruva/plastyfire/refitting_results/fitting/n100/seed19091997/L5TTPC_L5TTPC_STDP/simulations/208093-203811/10Hz_30ms
Presynaptic mapping of length 4 created
Completed: 207836-184831/10Hz_-30ms
Processing: /home/dhuruva/projects/ctb-emuller/dhuruva/plastyfire/refitting_results/fitting/n100/seed19091997/L5TTPC_L5TTPC_STDP/simulations/208093-203811/10Hz_-50ms
Presynaptic mapping of length 6 created
Completed: 208093-203811/10Hz_50ms
Processing: /home/dhuruva/projects/ctb-emuller/dhuruva/plastyfire/refitting_results/fitting/n100/seed19091997/L5TTPC_L5TTPC_STDP/simulations/208093-203811/10Hz_-10ms
Presynaptic mapping of length 6 created
Presynaptic mapping of length 6 created
Presynaptic mapping of length 6 created
Presynaptic mapping of length 6 created
Completed: 208093-203811/10Hz_10ms
Processing: /home/dhuruva/projects/ctb-emuller/dhuruva/plastyfire/refitting_results/fitting/n100/seed19091997/L5TTPC_L5TTPC_STDP/simulations/208093-203811/10Hz_-30ms
Presynaptic mapping of length 6 created
Presynaptic mapping of length 6 created
Completed: 208093-203811/10Hz_-10ms
Processing: /home/dhuruva/projects/ctb-emuller/dhuruva/plastyfire/refitting_results/fitting/n100/seed19091997/L5TTPC_L5TTPC_STDP/simulations/208904-200676/10Hz_50ms
Presynaptic mapping of length 6 created
Completed: 208093-203811/10Hz_-30ms
Processing: /home/dhuruva/projects/ctb-emuller/dhuruva/plastyfire/refitting_results/fitting/n100/seed19091997/L5TTPC_L5TTPC_STDP/simulations/208904-200676/10Hz_30ms
Presynaptic mapping of length 6 created
Completed: 208093-203811/10Hz_30ms
Presynaptic mapping of length 6 created
Completed: 208093-203811/10Hz_-50ms
Presynaptic mapping of length 11 created
Completed: 208904-200676/10Hz_30ms
Presynaptic mapping of length 11 created
Completed: 208904-200676/10Hz_50ms
Batch 65 completed
