/cvmfs/soft.computecanada.ca/easybuild/software/2023/x86-64-v3/MPI/gcc12/openmpi4/hdf5-mpi/1.14.2/lib/python3.11/site-packages/h5py/__init__.py:36: UserWarning: h5py is running against HDF5 1.14.4 when it was built against 1.14.2, this may cause problems
  _warn(("h5py is running against HDF5 {0} when it was built against {1}, "
/cvmfs/soft.computecanada.ca/easybuild/software/2023/x86-64-v3/MPI/gcc12/openmpi4/hdf5-mpi/1.14.2/lib/python3.11/site-packages/h5py/__init__.py:36: UserWarning: h5py is running against HDF5 1.14.4 when it was built against 1.14.2, this may cause problems
  _warn(("h5py is running against HDF5 {0} when it was built against {1}, "
/cvmfs/soft.computecanada.ca/easybuild/software/2023/x86-64-v3/MPI/gcc12/openmpi4/hdf5-mpi/1.14.2/lib/python3.11/site-packages/h5py/__init__.py:36: UserWarning: h5py is running against HDF5 1.14.4 when it was built against 1.14.2, this may cause problems
  _warn(("h5py is running against HDF5 {0} when it was built against {1}, "
/cvmfs/soft.computecanada.ca/easybuild/software/2023/x86-64-v3/MPI/gcc12/openmpi4/hdf5-mpi/1.14.2/lib/python3.11/site-packages/h5py/__init__.py:36: UserWarning: h5py is running against HDF5 1.14.4 when it was built against 1.14.2, this may cause problems
  _warn(("h5py is running against HDF5 {0} when it was built against {1}, "
 2026-02-27 20:42:16,919: Loading simulation from /lustre06/project/6077694/dhuruva/plastyfire/refitting_results/fitting/n100/seed19091997/L5TTPC_L5TTPC_STDP/simulations/191341-181892/10Hz_-30ms/prefire_simulation_config.json
 2026-02-27 20:42:16,961: Loading simulation from /lustre06/project/6077694/dhuruva/plastyfire/refitting_results/fitting/n100/seed19091997/L5TTPC_L5TTPC_STDP/simulations/191341-181892/10Hz_30ms/prefire_simulation_config.json
 2026-02-27 20:42:18,015: Loading simulation from /lustre06/project/6077694/dhuruva/plastyfire/refitting_results/fitting/n100/seed19091997/L5TTPC_L5TTPC_STDP/simulations/191341-181892/10Hz_5ms/prefire_simulation_config.json
 2026-02-27 20:42:18,236: Loading simulation from /lustre06/project/6077694/dhuruva/plastyfire/refitting_results/fitting/n100/seed19091997/L5TTPC_L5TTPC_STDP/simulations/190541-188497/10Hz_5ms/prefire_simulation_config.json
 2026-02-27 20:45:23,742: cvode was activated outside of Simulation, this might make it impossible to load templates with stochastic channels
 2026-02-27 20:45:30,543: cvode was activated outside of Simulation, this might make it impossible to load templates with stochastic channels
 2026-02-27 20:45:30,611: Simulation finished in: 00:03:29
 2026-02-27 20:45:31,213: Data writing finished
/cvmfs/soft.computecanada.ca/easybuild/software/2023/x86-64-v3/MPI/gcc12/openmpi4/hdf5-mpi/1.14.2/lib/python3.11/site-packages/h5py/__init__.py:36: UserWarning: h5py is running against HDF5 1.14.4 when it was built against 1.14.2, this may cause problems
  _warn(("h5py is running against HDF5 {0} when it was built against {1}, "
 2026-02-27 20:45:33,669: cvode was activated outside of Simulation, this might make it impossible to load templates with stochastic channels
 2026-02-27 20:45:37,125: Simulation finished in: 00:03:35
 2026-02-27 20:45:37,277: Data writing finished
/cvmfs/soft.computecanada.ca/easybuild/software/2023/x86-64-v3/MPI/gcc12/openmpi4/hdf5-mpi/1.14.2/lib/python3.11/site-packages/h5py/__init__.py:36: UserWarning: h5py is running against HDF5 1.14.4 when it was built against 1.14.2, this may cause problems
  _warn(("h5py is running against HDF5 {0} when it was built against {1}, "
 2026-02-27 20:45:40,312: Simulation finished in: 00:03:39
 2026-02-27 20:45:41,032: Data writing finished
/cvmfs/soft.computecanada.ca/easybuild/software/2023/x86-64-v3/MPI/gcc12/openmpi4/hdf5-mpi/1.14.2/lib/python3.11/site-packages/h5py/__init__.py:36: UserWarning: h5py is running against HDF5 1.14.4 when it was built against 1.14.2, this may cause problems
  _warn(("h5py is running against HDF5 {0} when it was built against {1}, "
 2026-02-27 20:45:52,330: Loading simulation from /lustre06/project/6077694/dhuruva/plastyfire/refitting_results/fitting/n100/seed19091997/L5TTPC_L5TTPC_STDP/simulations/191341-181892/10Hz_10ms/prefire_simulation_config.json
 2026-02-27 20:45:55,431: Loading simulation from /lustre06/project/6077694/dhuruva/plastyfire/refitting_results/fitting/n100/seed19091997/L5TTPC_L5TTPC_STDP/simulations/191341-181892/10Hz_-10ms/prefire_simulation_config.json
 2026-02-27 20:45:59,632: Loading simulation from /lustre06/project/6077694/dhuruva/plastyfire/refitting_results/fitting/n100/seed19091997/L5TTPC_L5TTPC_STDP/simulations/191341-181892/10Hz_-50ms/prefire_simulation_config.json
 2026-02-27 20:48:02,562: cvode was activated outside of Simulation, this might make it impossible to load templates with stochastic channels
 2026-02-27 20:48:10,594: Simulation finished in: 00:06:09
 2026-02-27 20:48:10,811: Data writing finished
/cvmfs/soft.computecanada.ca/easybuild/software/2023/x86-64-v3/MPI/gcc12/openmpi4/hdf5-mpi/1.14.2/lib/python3.11/site-packages/h5py/__init__.py:36: UserWarning: h5py is running against HDF5 1.14.4 when it was built against 1.14.2, this may cause problems
  _warn(("h5py is running against HDF5 {0} when it was built against {1}, "
 2026-02-27 20:48:29,958: Loading simulation from /lustre06/project/6077694/dhuruva/plastyfire/refitting_results/fitting/n100/seed19091997/L5TTPC_L5TTPC_STDP/simulations/191341-181892/10Hz_50ms/prefire_simulation_config.json
 2026-02-27 20:48:57,025: cvode was activated outside of Simulation, this might make it impossible to load templates with stochastic channels
 2026-02-27 20:49:02,586: cvode was activated outside of Simulation, this might make it impossible to load templates with stochastic channels
 2026-02-27 20:49:03,796: Simulation finished in: 00:03:28
 2026-02-27 20:49:03,842: Data writing finished
/cvmfs/soft.computecanada.ca/easybuild/software/2023/x86-64-v3/MPI/gcc12/openmpi4/hdf5-mpi/1.14.2/lib/python3.11/site-packages/h5py/__init__.py:36: UserWarning: h5py is running against HDF5 1.14.4 when it was built against 1.14.2, this may cause problems
  _warn(("h5py is running against HDF5 {0} when it was built against {1}, "
 2026-02-27 20:49:09,264: Simulation finished in: 00:03:28
 2026-02-27 20:49:09,331: Data writing finished
/cvmfs/soft.computecanada.ca/easybuild/software/2023/x86-64-v3/MPI/gcc12/openmpi4/hdf5-mpi/1.14.2/lib/python3.11/site-packages/h5py/__init__.py:36: UserWarning: h5py is running against HDF5 1.14.4 when it was built against 1.14.2, this may cause problems
  _warn(("h5py is running against HDF5 {0} when it was built against {1}, "
 2026-02-27 20:49:17,930: cvode was activated outside of Simulation, this might make it impossible to load templates with stochastic channels
 2026-02-27 20:49:25,041: Simulation finished in: 00:03:40
 2026-02-27 20:49:25,130: Data writing finished
 2026-02-27 20:49:25,664: Loading simulation from /lustre06/project/6077694/dhuruva/plastyfire/refitting_results/fitting/n100/seed19091997/L5TTPC_L5TTPC_STDP/simulations/191917-186517/10Hz_-30ms/prefire_simulation_config.json
 2026-02-27 20:49:29,605: Loading simulation from /lustre06/project/6077694/dhuruva/plastyfire/refitting_results/fitting/n100/seed19091997/L5TTPC_L5TTPC_STDP/simulations/191917-186517/10Hz_10ms/prefire_simulation_config.json
 2026-02-27 20:51:34,072: cvode was activated outside of Simulation, this might make it impossible to load templates with stochastic channels
 2026-02-27 20:51:40,836: Simulation finished in: 00:03:25
 2026-02-27 20:51:40,982: Data writing finished
 2026-02-27 20:53:28,935: cvode was activated outside of Simulation, this might make it impossible to load templates with stochastic channels
 2026-02-27 20:53:35,621: Simulation finished in: 00:04:22
 2026-02-27 20:53:36,094: Data writing finished
 2026-02-27 20:53:36,474: cvode was activated outside of Simulation, this might make it impossible to load templates with stochastic channels
 2026-02-27 20:53:43,176: Simulation finished in: 00:04:34
 2026-02-27 20:53:43,357: Data writing finished
