/cvmfs/soft.computecanada.ca/easybuild/software/2023/x86-64-v3/MPI/gcc12/openmpi4/hdf5-mpi/1.14.2/lib/python3.11/site-packages/h5py/__init__.py:36: UserWarning: h5py is running against HDF5 1.14.4 when it was built against 1.14.2, this may cause problems
  _warn(("h5py is running against HDF5 {0} when it was built against {1}, "
/cvmfs/soft.computecanada.ca/easybuild/software/2023/x86-64-v3/MPI/gcc12/openmpi4/hdf5-mpi/1.14.2/lib/python3.11/site-packages/h5py/__init__.py:36: UserWarning: h5py is running against HDF5 1.14.4 when it was built against 1.14.2, this may cause problems
  _warn(("h5py is running against HDF5 {0} when it was built against {1}, "
/cvmfs/soft.computecanada.ca/easybuild/software/2023/x86-64-v3/MPI/gcc12/openmpi4/hdf5-mpi/1.14.2/lib/python3.11/site-packages/h5py/__init__.py:36: UserWarning: h5py is running against HDF5 1.14.4 when it was built against 1.14.2, this may cause problems
  _warn(("h5py is running against HDF5 {0} when it was built against {1}, "
/cvmfs/soft.computecanada.ca/easybuild/software/2023/x86-64-v3/MPI/gcc12/openmpi4/hdf5-mpi/1.14.2/lib/python3.11/site-packages/h5py/__init__.py:36: UserWarning: h5py is running against HDF5 1.14.4 when it was built against 1.14.2, this may cause problems
  _warn(("h5py is running against HDF5 {0} when it was built against {1}, "
 2026-02-27 20:52:06,519: Loading simulation from /lustre06/project/6077694/dhuruva/plastyfire/refitting_results/fitting/n100/seed19091997/L5TTPC_L5TTPC_STDP/simulations/207475-192618/10Hz_5ms/prefire_simulation_config.json
 2026-02-27 20:52:06,561: Loading simulation from /lustre06/project/6077694/dhuruva/plastyfire/refitting_results/fitting/n100/seed19091997/L5TTPC_L5TTPC_STDP/simulations/207475-192618/10Hz_50ms/prefire_simulation_config.json
 2026-02-27 20:52:06,690: Loading simulation from /lustre06/project/6077694/dhuruva/plastyfire/refitting_results/fitting/n100/seed19091997/L5TTPC_L5TTPC_STDP/simulations/207475-192618/10Hz_30ms/prefire_simulation_config.json
 2026-02-27 20:52:06,690: Loading simulation from /lustre06/project/6077694/dhuruva/plastyfire/refitting_results/fitting/n100/seed19091997/L5TTPC_L5TTPC_STDP/simulations/207475-192618/10Hz_10ms/prefire_simulation_config.json
 2026-02-27 20:56:21,683: cvode was activated outside of Simulation, this might make it impossible to load templates with stochastic channels
 2026-02-27 20:56:25,936: cvode was activated outside of Simulation, this might make it impossible to load templates with stochastic channels
 2026-02-27 20:56:28,524: Simulation finished in: 00:04:36
 2026-02-27 20:56:28,569: Data writing finished
/cvmfs/soft.computecanada.ca/easybuild/software/2023/x86-64-v3/MPI/gcc12/openmpi4/hdf5-mpi/1.14.2/lib/python3.11/site-packages/h5py/__init__.py:36: UserWarning: h5py is running against HDF5 1.14.4 when it was built against 1.14.2, this may cause problems
  _warn(("h5py is running against HDF5 {0} when it was built against {1}, "
 2026-02-27 20:56:31,530: cvode was activated outside of Simulation, this might make it impossible to load templates with stochastic channels
 2026-02-27 20:56:31,697: cvode was activated outside of Simulation, this might make it impossible to load templates with stochastic channels
 2026-02-27 20:56:32,549: Simulation finished in: 00:04:40
 2026-02-27 20:56:32,600: Data writing finished
/cvmfs/soft.computecanada.ca/easybuild/software/2023/x86-64-v3/MPI/gcc12/openmpi4/hdf5-mpi/1.14.2/lib/python3.11/site-packages/h5py/__init__.py:36: UserWarning: h5py is running against HDF5 1.14.4 when it was built against 1.14.2, this may cause problems
  _warn(("h5py is running against HDF5 {0} when it was built against {1}, "
 2026-02-27 20:56:38,234: Simulation finished in: 00:04:46
 2026-02-27 20:56:38,288: Data writing finished
 2026-02-27 20:56:38,443: Simulation finished in: 00:04:46
 2026-02-27 20:56:38,497: Data writing finished
/cvmfs/soft.computecanada.ca/easybuild/software/2023/x86-64-v3/MPI/gcc12/openmpi4/hdf5-mpi/1.14.2/lib/python3.11/site-packages/h5py/__init__.py:36: UserWarning: h5py is running against HDF5 1.14.4 when it was built against 1.14.2, this may cause problems
  _warn(("h5py is running against HDF5 {0} when it was built against {1}, "
/cvmfs/soft.computecanada.ca/easybuild/software/2023/x86-64-v3/MPI/gcc12/openmpi4/hdf5-mpi/1.14.2/lib/python3.11/site-packages/h5py/__init__.py:36: UserWarning: h5py is running against HDF5 1.14.4 when it was built against 1.14.2, this may cause problems
  _warn(("h5py is running against HDF5 {0} when it was built against {1}, "
 2026-02-27 20:56:43,131: Loading simulation from /lustre06/project/6077694/dhuruva/plastyfire/refitting_results/fitting/n100/seed19091997/L5TTPC_L5TTPC_STDP/simulations/207836-184831/10Hz_50ms/prefire_simulation_config.json
 2026-02-27 20:56:46,914: Loading simulation from /lustre06/project/6077694/dhuruva/plastyfire/refitting_results/fitting/n100/seed19091997/L5TTPC_L5TTPC_STDP/simulations/207836-184831/10Hz_5ms/prefire_simulation_config.json
 2026-02-27 20:56:52,976: Loading simulation from /lustre06/project/6077694/dhuruva/plastyfire/refitting_results/fitting/n100/seed19091997/L5TTPC_L5TTPC_STDP/simulations/207836-184831/10Hz_30ms/prefire_simulation_config.json
 2026-02-27 20:56:53,028: Loading simulation from /lustre06/project/6077694/dhuruva/plastyfire/refitting_results/fitting/n100/seed19091997/L5TTPC_L5TTPC_STDP/simulations/207836-184831/10Hz_10ms/prefire_simulation_config.json
 2026-02-27 20:59:59,564: cvode was activated outside of Simulation, this might make it impossible to load templates with stochastic channels
 2026-02-27 21:00:03,601: cvode was activated outside of Simulation, this might make it impossible to load templates with stochastic channels
 2026-02-27 21:00:06,399: Simulation finished in: 00:03:35
 2026-02-27 21:00:06,437: Data writing finished
/cvmfs/soft.computecanada.ca/easybuild/software/2023/x86-64-v3/MPI/gcc12/openmpi4/hdf5-mpi/1.14.2/lib/python3.11/site-packages/h5py/__init__.py:36: UserWarning: h5py is running against HDF5 1.14.4 when it was built against 1.14.2, this may cause problems
  _warn(("h5py is running against HDF5 {0} when it was built against {1}, "
 2026-02-27 21:00:09,237: cvode was activated outside of Simulation, this might make it impossible to load templates with stochastic channels
 2026-02-27 21:00:10,280: Simulation finished in: 00:03:35
 2026-02-27 21:00:10,317: Data writing finished
 2026-02-27 21:00:10,853: cvode was activated outside of Simulation, this might make it impossible to load templates with stochastic channels
/cvmfs/soft.computecanada.ca/easybuild/software/2023/x86-64-v3/MPI/gcc12/openmpi4/hdf5-mpi/1.14.2/lib/python3.11/site-packages/h5py/__init__.py:36: UserWarning: h5py is running against HDF5 1.14.4 when it was built against 1.14.2, this may cause problems
  _warn(("h5py is running against HDF5 {0} when it was built against {1}, "
 2026-02-27 21:00:15,930: Simulation finished in: 00:03:35
 2026-02-27 21:00:15,988: Data writing finished
 2026-02-27 21:00:17,452: Simulation finished in: 00:03:37
 2026-02-27 21:00:17,495: Data writing finished
 2026-02-27 21:00:21,051: Loading simulation from /lustre06/project/6077694/dhuruva/plastyfire/refitting_results/fitting/n100/seed19091997/L5TTPC_L5TTPC_STDP/simulations/207836-184831/10Hz_-50ms/prefire_simulation_config.json
 2026-02-27 21:00:24,655: Loading simulation from /lustre06/project/6077694/dhuruva/plastyfire/refitting_results/fitting/n100/seed19091997/L5TTPC_L5TTPC_STDP/simulations/207836-184831/10Hz_-10ms/prefire_simulation_config.json
 2026-02-27 21:03:38,351: cvode was activated outside of Simulation, this might make it impossible to load templates with stochastic channels
 2026-02-27 21:03:38,761: cvode was activated outside of Simulation, this might make it impossible to load templates with stochastic channels
 2026-02-27 21:03:45,130: Simulation finished in: 00:03:32
 2026-02-27 21:03:45,171: Data writing finished
 2026-02-27 21:03:45,622: Simulation finished in: 00:03:37
 2026-02-27 21:03:45,672: Data writing finished
