/cvmfs/soft.computecanada.ca/easybuild/software/2023/x86-64-v3/MPI/gcc12/openmpi4/hdf5-mpi/1.14.2/lib/python3.11/site-packages/h5py/__init__.py:36: UserWarning: h5py is running against HDF5 1.14.4 when it was built against 1.14.2, this may cause problems
  _warn(("h5py is running against HDF5 {0} when it was built against {1}, "
/cvmfs/soft.computecanada.ca/easybuild/software/2023/x86-64-v3/MPI/gcc12/openmpi4/hdf5-mpi/1.14.2/lib/python3.11/site-packages/h5py/__init__.py:36: UserWarning: h5py is running against HDF5 1.14.4 when it was built against 1.14.2, this may cause problems
  _warn(("h5py is running against HDF5 {0} when it was built against {1}, "
/cvmfs/soft.computecanada.ca/easybuild/software/2023/x86-64-v3/MPI/gcc12/openmpi4/hdf5-mpi/1.14.2/lib/python3.11/site-packages/h5py/__init__.py:36: UserWarning: h5py is running against HDF5 1.14.4 when it was built against 1.14.2, this may cause problems
  _warn(("h5py is running against HDF5 {0} when it was built against {1}, "
/cvmfs/soft.computecanada.ca/easybuild/software/2023/x86-64-v3/MPI/gcc12/openmpi4/hdf5-mpi/1.14.2/lib/python3.11/site-packages/h5py/__init__.py:36: UserWarning: h5py is running against HDF5 1.14.4 when it was built against 1.14.2, this may cause problems
  _warn(("h5py is running against HDF5 {0} when it was built against {1}, "
 2026-02-27 20:08:59,852: Loading simulation from /lustre06/project/6077694/dhuruva/plastyfire/refitting_results/fitting/n100/seed19091997/L5TTPC_L5TTPC_STDP/simulations/187212-192870/10Hz_10ms/prefire_simulation_config.json
 2026-02-27 20:08:59,897: Loading simulation from /lustre06/project/6077694/dhuruva/plastyfire/refitting_results/fitting/n100/seed19091997/L5TTPC_L5TTPC_STDP/simulations/187212-192870/10Hz_-10ms/prefire_simulation_config.json
 2026-02-27 20:08:59,952: Loading simulation from /lustre06/project/6077694/dhuruva/plastyfire/refitting_results/fitting/n100/seed19091997/L5TTPC_L5TTPC_STDP/simulations/187212-192870/10Hz_30ms/prefire_simulation_config.json
 2026-02-27 20:09:00,000: Loading simulation from /lustre06/project/6077694/dhuruva/plastyfire/refitting_results/fitting/n100/seed19091997/L5TTPC_L5TTPC_STDP/simulations/187212-192870/10Hz_-30ms/prefire_simulation_config.json
 2026-02-27 20:13:59,942: cvode was activated outside of Simulation, this might make it impossible to load templates with stochastic channels
 2026-02-27 20:14:04,189: cvode was activated outside of Simulation, this might make it impossible to load templates with stochastic channels
 2026-02-27 20:14:06,379: cvode was activated outside of Simulation, this might make it impossible to load templates with stochastic channels
 2026-02-27 20:14:06,868: Simulation finished in: 00:05:22
 2026-02-27 20:14:06,913: Data writing finished
/cvmfs/soft.computecanada.ca/easybuild/software/2023/x86-64-v3/MPI/gcc12/openmpi4/hdf5-mpi/1.14.2/lib/python3.11/site-packages/h5py/__init__.py:36: UserWarning: h5py is running against HDF5 1.14.4 when it was built against 1.14.2, this may cause problems
  _warn(("h5py is running against HDF5 {0} when it was built against {1}, "
 2026-02-27 20:14:10,971: Simulation finished in: 00:05:26
 2026-02-27 20:14:11,018: Data writing finished
/cvmfs/soft.computecanada.ca/easybuild/software/2023/x86-64-v3/MPI/gcc12/openmpi4/hdf5-mpi/1.14.2/lib/python3.11/site-packages/h5py/__init__.py:36: UserWarning: h5py is running against HDF5 1.14.4 when it was built against 1.14.2, this may cause problems
  _warn(("h5py is running against HDF5 {0} when it was built against {1}, "
 2026-02-27 20:14:13,389: Simulation finished in: 00:05:29
 2026-02-27 20:14:13,452: Data writing finished
/cvmfs/soft.computecanada.ca/easybuild/software/2023/x86-64-v3/MPI/gcc12/openmpi4/hdf5-mpi/1.14.2/lib/python3.11/site-packages/h5py/__init__.py:36: UserWarning: h5py is running against HDF5 1.14.4 when it was built against 1.14.2, this may cause problems
  _warn(("h5py is running against HDF5 {0} when it was built against {1}, "
 2026-02-27 20:14:23,126: Loading simulation from /lustre06/project/6077694/dhuruva/plastyfire/refitting_results/fitting/n100/seed19091997/L5TTPC_L5TTPC_STDP/simulations/187212-192870/10Hz_50ms/prefire_simulation_config.json
 2026-02-27 20:14:27,067: Loading simulation from /lustre06/project/6077694/dhuruva/plastyfire/refitting_results/fitting/n100/seed19091997/L5TTPC_L5TTPC_STDP/simulations/187212-192870/10Hz_-50ms/prefire_simulation_config.json
 2026-02-27 20:14:29,533: Loading simulation from /lustre06/project/6077694/dhuruva/plastyfire/refitting_results/fitting/n100/seed19091997/L5TTPC_L5TTPC_STDP/simulations/187212-192870/10Hz_5ms/prefire_simulation_config.json
 2026-02-27 20:17:24,729: cvode was activated outside of Simulation, this might make it impossible to load templates with stochastic channels
 2026-02-27 20:17:31,747: Simulation finished in: 00:08:47
 2026-02-27 20:17:31,844: Data writing finished
/cvmfs/soft.computecanada.ca/easybuild/software/2023/x86-64-v3/MPI/gcc12/openmpi4/hdf5-mpi/1.14.2/lib/python3.11/site-packages/h5py/__init__.py:36: UserWarning: h5py is running against HDF5 1.14.4 when it was built against 1.14.2, this may cause problems
  _warn(("h5py is running against HDF5 {0} when it was built against {1}, "
 2026-02-27 20:17:47,280: Loading simulation from /lustre06/project/6077694/dhuruva/plastyfire/refitting_results/fitting/n100/seed19091997/L5TTPC_L5TTPC_STDP/simulations/187417-207485/10Hz_5ms/prefire_simulation_config.json
 2026-02-27 20:22:44,803: cvode was activated outside of Simulation, this might make it impossible to load templates with stochastic channels
 2026-02-27 20:22:52,022: Simulation finished in: 00:05:18
 2026-02-27 20:22:52,211: Data writing finished
/cvmfs/soft.computecanada.ca/easybuild/software/2023/x86-64-v3/MPI/gcc12/openmpi4/hdf5-mpi/1.14.2/lib/python3.11/site-packages/h5py/__init__.py:36: UserWarning: h5py is running against HDF5 1.14.4 when it was built against 1.14.2, this may cause problems
  _warn(("h5py is running against HDF5 {0} when it was built against {1}, "
 2026-02-27 20:23:05,883: cvode was activated outside of Simulation, this might make it impossible to load templates with stochastic channels
 2026-02-27 20:23:07,054: Loading simulation from /lustre06/project/6077694/dhuruva/plastyfire/refitting_results/fitting/n100/seed19091997/L5TTPC_L5TTPC_STDP/simulations/187417-207485/10Hz_-10ms/prefire_simulation_config.json
 2026-02-27 20:23:12,904: Simulation finished in: 00:09:03
 2026-02-27 20:23:13,005: Data writing finished
/cvmfs/soft.computecanada.ca/easybuild/software/2023/x86-64-v3/MPI/gcc12/openmpi4/hdf5-mpi/1.14.2/lib/python3.11/site-packages/h5py/__init__.py:36: UserWarning: h5py is running against HDF5 1.14.4 when it was built against 1.14.2, this may cause problems
  _warn(("h5py is running against HDF5 {0} when it was built against {1}, "
 2026-02-27 20:23:27,770: Loading simulation from /lustre06/project/6077694/dhuruva/plastyfire/refitting_results/fitting/n100/seed19091997/L5TTPC_L5TTPC_STDP/simulations/187417-207485/10Hz_-30ms/prefire_simulation_config.json
 2026-02-27 20:23:37,040: cvode was activated outside of Simulation, this might make it impossible to load templates with stochastic channels
 2026-02-27 20:23:44,021: Simulation finished in: 00:09:28
 2026-02-27 20:23:44,135: Data writing finished
 2026-02-27 20:24:14,515: cvode was activated outside of Simulation, this might make it impossible to load templates with stochastic channels
 2026-02-27 20:24:21,507: Simulation finished in: 00:10:08
 2026-02-27 20:24:21,625: Data writing finished
 2026-02-27 20:26:19,766: cvode was activated outside of Simulation, this might make it impossible to load templates with stochastic channels
 2026-02-27 20:26:26,614: Simulation finished in: 00:03:32
 2026-02-27 20:26:26,702: Data writing finished
 2026-02-27 20:26:42,227: cvode was activated outside of Simulation, this might make it impossible to load templates with stochastic channels
 2026-02-27 20:26:49,048: Simulation finished in: 00:03:34
 2026-02-27 20:26:49,138: Data writing finished
