/cvmfs/soft.computecanada.ca/easybuild/software/2023/x86-64-v3/MPI/gcc12/openmpi4/hdf5-mpi/1.14.2/lib/python3.11/site-packages/h5py/__init__.py:36: UserWarning: h5py is running against HDF5 1.14.4 when it was built against 1.14.2, this may cause problems
  _warn(("h5py is running against HDF5 {0} when it was built against {1}, "
/cvmfs/soft.computecanada.ca/easybuild/software/2023/x86-64-v3/MPI/gcc12/openmpi4/hdf5-mpi/1.14.2/lib/python3.11/site-packages/h5py/__init__.py:36: UserWarning: h5py is running against HDF5 1.14.4 when it was built against 1.14.2, this may cause problems
  _warn(("h5py is running against HDF5 {0} when it was built against {1}, "
/cvmfs/soft.computecanada.ca/easybuild/software/2023/x86-64-v3/MPI/gcc12/openmpi4/hdf5-mpi/1.14.2/lib/python3.11/site-packages/h5py/__init__.py:36: UserWarning: h5py is running against HDF5 1.14.4 when it was built against 1.14.2, this may cause problems
  _warn(("h5py is running against HDF5 {0} when it was built against {1}, "
/cvmfs/soft.computecanada.ca/easybuild/software/2023/x86-64-v3/MPI/gcc12/openmpi4/hdf5-mpi/1.14.2/lib/python3.11/site-packages/h5py/__init__.py:36: UserWarning: h5py is running against HDF5 1.14.4 when it was built against 1.14.2, this may cause problems
  _warn(("h5py is running against HDF5 {0} when it was built against {1}, "
 2026-02-27 20:02:37,522: Loading simulation from /lustre06/project/6077694/dhuruva/plastyfire/refitting_results/fitting/n100/seed19091997/L5TTPC_L5TTPC_STDP/simulations/180723-207048/10Hz_50ms/prefire_simulation_config.json
 2026-02-27 20:02:37,608: Loading simulation from /lustre06/project/6077694/dhuruva/plastyfire/refitting_results/fitting/n100/seed19091997/L5TTPC_L5TTPC_STDP/simulations/180723-207048/10Hz_10ms/prefire_simulation_config.json
 2026-02-27 20:02:37,709: Loading simulation from /lustre06/project/6077694/dhuruva/plastyfire/refitting_results/fitting/n100/seed19091997/L5TTPC_L5TTPC_STDP/simulations/180723-207048/10Hz_-50ms/prefire_simulation_config.json
 2026-02-27 20:02:37,800: Loading simulation from /lustre06/project/6077694/dhuruva/plastyfire/refitting_results/fitting/n100/seed19091997/L5TTPC_L5TTPC_STDP/simulations/180723-207048/10Hz_30ms/prefire_simulation_config.json
 2026-02-27 20:07:02,412: cvode was activated outside of Simulation, this might make it impossible to load templates with stochastic channels
 2026-02-27 20:07:05,566: cvode was activated outside of Simulation, this might make it impossible to load templates with stochastic channels
 2026-02-27 20:07:06,810: cvode was activated outside of Simulation, this might make it impossible to load templates with stochastic channels
 2026-02-27 20:07:09,222: Simulation finished in: 00:04:47
 2026-02-27 20:07:09,320: Data writing finished
/cvmfs/soft.computecanada.ca/easybuild/software/2023/x86-64-v3/MPI/gcc12/openmpi4/hdf5-mpi/1.14.2/lib/python3.11/site-packages/h5py/__init__.py:36: UserWarning: h5py is running against HDF5 1.14.4 when it was built against 1.14.2, this may cause problems
  _warn(("h5py is running against HDF5 {0} when it was built against {1}, "
 2026-02-27 20:07:12,608: Simulation finished in: 00:04:50
 2026-02-27 20:07:12,709: Data writing finished
 2026-02-27 20:07:13,719: Simulation finished in: 00:04:52
 2026-02-27 20:07:13,828: Data writing finished
/cvmfs/soft.computecanada.ca/easybuild/software/2023/x86-64-v3/MPI/gcc12/openmpi4/hdf5-mpi/1.14.2/lib/python3.11/site-packages/h5py/__init__.py:36: UserWarning: h5py is running against HDF5 1.14.4 when it was built against 1.14.2, this may cause problems
  _warn(("h5py is running against HDF5 {0} when it was built against {1}, "
/cvmfs/soft.computecanada.ca/easybuild/software/2023/x86-64-v3/MPI/gcc12/openmpi4/hdf5-mpi/1.14.2/lib/python3.11/site-packages/h5py/__init__.py:36: UserWarning: h5py is running against HDF5 1.14.4 when it was built against 1.14.2, this may cause problems
  _warn(("h5py is running against HDF5 {0} when it was built against {1}, "
 2026-02-27 20:07:15,839: cvode was activated outside of Simulation, this might make it impossible to load templates with stochastic channels
 2026-02-27 20:07:23,082: Simulation finished in: 00:05:01
 2026-02-27 20:07:23,201: Data writing finished
/cvmfs/soft.computecanada.ca/easybuild/software/2023/x86-64-v3/MPI/gcc12/openmpi4/hdf5-mpi/1.14.2/lib/python3.11/site-packages/h5py/__init__.py:36: UserWarning: h5py is running against HDF5 1.14.4 when it was built against 1.14.2, this may cause problems
  _warn(("h5py is running against HDF5 {0} when it was built against {1}, "
 2026-02-27 20:07:25,061: Loading simulation from /lustre06/project/6077694/dhuruva/plastyfire/refitting_results/fitting/n100/seed19091997/L5TTPC_L5TTPC_STDP/simulations/180723-207048/10Hz_5ms/prefire_simulation_config.json
 2026-02-27 20:07:32,029: Loading simulation from /lustre06/project/6077694/dhuruva/plastyfire/refitting_results/fitting/n100/seed19091997/L5TTPC_L5TTPC_STDP/simulations/180815-206160/10Hz_5ms/prefire_simulation_config.json
 2026-02-27 20:07:32,302: Loading simulation from /lustre06/project/6077694/dhuruva/plastyfire/refitting_results/fitting/n100/seed19091997/L5TTPC_L5TTPC_STDP/simulations/180815-206160/10Hz_50ms/prefire_simulation_config.json
 2026-02-27 20:07:41,735: Loading simulation from /lustre06/project/6077694/dhuruva/plastyfire/refitting_results/fitting/n100/seed19091997/L5TTPC_L5TTPC_STDP/simulations/180815-206160/10Hz_-10ms/prefire_simulation_config.json
 2026-02-27 20:11:44,207: cvode was activated outside of Simulation, this might make it impossible to load templates with stochastic channels
 2026-02-27 20:11:51,265: Simulation finished in: 00:04:39
 2026-02-27 20:11:51,366: Data writing finished
/cvmfs/soft.computecanada.ca/easybuild/software/2023/x86-64-v3/MPI/gcc12/openmpi4/hdf5-mpi/1.14.2/lib/python3.11/site-packages/h5py/__init__.py:36: UserWarning: h5py is running against HDF5 1.14.4 when it was built against 1.14.2, this may cause problems
  _warn(("h5py is running against HDF5 {0} when it was built against {1}, "
 2026-02-27 20:12:09,341: Loading simulation from /lustre06/project/6077694/dhuruva/plastyfire/refitting_results/fitting/n100/seed19091997/L5TTPC_L5TTPC_STDP/simulations/180815-206160/10Hz_-30ms/prefire_simulation_config.json
 2026-02-27 20:16:14,502: cvode was activated outside of Simulation, this might make it impossible to load templates with stochastic channels
 2026-02-27 20:16:18,714: cvode was activated outside of Simulation, this might make it impossible to load templates with stochastic channels
 2026-02-27 20:16:22,026: Simulation finished in: 00:09:06
 2026-02-27 20:16:22,466: Data writing finished
/cvmfs/soft.computecanada.ca/easybuild/software/2023/x86-64-v3/MPI/gcc12/openmpi4/hdf5-mpi/1.14.2/lib/python3.11/site-packages/h5py/__init__.py:36: UserWarning: h5py is running against HDF5 1.14.4 when it was built against 1.14.2, this may cause problems
  _warn(("h5py is running against HDF5 {0} when it was built against {1}, "
 2026-02-27 20:16:26,089: Simulation finished in: 00:09:11
 2026-02-27 20:16:26,343: Data writing finished
 2026-02-27 20:16:42,165: Loading simulation from /lustre06/project/6077694/dhuruva/plastyfire/refitting_results/fitting/n100/seed19091997/L5TTPC_L5TTPC_STDP/simulations/180815-206160/10Hz_30ms/prefire_simulation_config.json
 2026-02-27 20:19:47,324: cvode was activated outside of Simulation, this might make it impossible to load templates with stochastic channels
 2026-02-27 20:19:54,544: Simulation finished in: 00:08:01
 2026-02-27 20:19:54,740: Data writing finished
 2026-02-27 20:22:35,774: cvode was activated outside of Simulation, this might make it impossible to load templates with stochastic channels
 2026-02-27 20:22:44,040: Simulation finished in: 00:15:18
 2026-02-27 20:22:44,586: Data writing finished
 2026-02-27 20:30:23,979: cvode was activated outside of Simulation, this might make it impossible to load templates with stochastic channels
 2026-02-27 20:30:31,887: Simulation finished in: 00:14:06
 2026-02-27 20:30:32,453: Data writing finished
