/cvmfs/soft.computecanada.ca/easybuild/software/2023/x86-64-v3/MPI/gcc12/openmpi4/hdf5-mpi/1.14.2/lib/python3.11/site-packages/h5py/__init__.py:36: UserWarning: h5py is running against HDF5 1.14.4 when it was built against 1.14.2, this may cause problems
  _warn(("h5py is running against HDF5 {0} when it was built against {1}, "
/cvmfs/soft.computecanada.ca/easybuild/software/2023/x86-64-v3/MPI/gcc12/openmpi4/hdf5-mpi/1.14.2/lib/python3.11/site-packages/h5py/__init__.py:36: UserWarning: h5py is running against HDF5 1.14.4 when it was built against 1.14.2, this may cause problems
  _warn(("h5py is running against HDF5 {0} when it was built against {1}, "
/cvmfs/soft.computecanada.ca/easybuild/software/2023/x86-64-v3/MPI/gcc12/openmpi4/hdf5-mpi/1.14.2/lib/python3.11/site-packages/h5py/__init__.py:36: UserWarning: h5py is running against HDF5 1.14.4 when it was built against 1.14.2, this may cause problems
  _warn(("h5py is running against HDF5 {0} when it was built against {1}, "
/cvmfs/soft.computecanada.ca/easybuild/software/2023/x86-64-v3/MPI/gcc12/openmpi4/hdf5-mpi/1.14.2/lib/python3.11/site-packages/h5py/__init__.py:36: UserWarning: h5py is running against HDF5 1.14.4 when it was built against 1.14.2, this may cause problems
  _warn(("h5py is running against HDF5 {0} when it was built against {1}, "
 2026-02-27 20:05:50,138: Loading simulation from /lustre06/project/6077694/dhuruva/plastyfire/refitting_results/fitting/n100/seed19091997/L5TTPC_L5TTPC_STDP/simulations/182581-208651/10Hz_10ms/prefire_simulation_config.json
 2026-02-27 20:05:50,194: Loading simulation from /lustre06/project/6077694/dhuruva/plastyfire/refitting_results/fitting/n100/seed19091997/L5TTPC_L5TTPC_STDP/simulations/182581-208651/10Hz_-10ms/prefire_simulation_config.json
 2026-02-27 20:05:50,239: Loading simulation from /lustre06/project/6077694/dhuruva/plastyfire/refitting_results/fitting/n100/seed19091997/L5TTPC_L5TTPC_STDP/simulations/182581-208651/10Hz_30ms/prefire_simulation_config.json
 2026-02-27 20:05:52,713: Loading simulation from /lustre06/project/6077694/dhuruva/plastyfire/refitting_results/fitting/n100/seed19091997/L5TTPC_L5TTPC_STDP/simulations/182581-208651/10Hz_-30ms/prefire_simulation_config.json
 2026-02-27 20:10:25,630: cvode was activated outside of Simulation, this might make it impossible to load templates with stochastic channels
 2026-02-27 20:10:33,019: Simulation finished in: 00:05:00
 2026-02-27 20:10:33,064: Data writing finished
/cvmfs/soft.computecanada.ca/easybuild/software/2023/x86-64-v3/MPI/gcc12/openmpi4/hdf5-mpi/1.14.2/lib/python3.11/site-packages/h5py/__init__.py:36: UserWarning: h5py is running against HDF5 1.14.4 when it was built against 1.14.2, this may cause problems
  _warn(("h5py is running against HDF5 {0} when it was built against {1}, "
 2026-02-27 20:10:34,460: cvode was activated outside of Simulation, this might make it impossible to load templates with stochastic channels
 2026-02-27 20:10:35,993: cvode was activated outside of Simulation, this might make it impossible to load templates with stochastic channels
 2026-02-27 20:10:41,990: Simulation finished in: 00:05:09
 2026-02-27 20:10:42,037: Data writing finished
 2026-02-27 20:10:42,978: Simulation finished in: 00:05:10
 2026-02-27 20:10:43,028: Data writing finished
/cvmfs/soft.computecanada.ca/easybuild/software/2023/x86-64-v3/MPI/gcc12/openmpi4/hdf5-mpi/1.14.2/lib/python3.11/site-packages/h5py/__init__.py:36: UserWarning: h5py is running against HDF5 1.14.4 when it was built against 1.14.2, this may cause problems
  _warn(("h5py is running against HDF5 {0} when it was built against {1}, "
/cvmfs/soft.computecanada.ca/easybuild/software/2023/x86-64-v3/MPI/gcc12/openmpi4/hdf5-mpi/1.14.2/lib/python3.11/site-packages/h5py/__init__.py:36: UserWarning: h5py is running against HDF5 1.14.4 when it was built against 1.14.2, this may cause problems
  _warn(("h5py is running against HDF5 {0} when it was built against {1}, "
 2026-02-27 20:10:49,442: cvode was activated outside of Simulation, this might make it impossible to load templates with stochastic channels
 2026-02-27 20:10:52,183: Loading simulation from /lustre06/project/6077694/dhuruva/plastyfire/refitting_results/fitting/n100/seed19091997/L5TTPC_L5TTPC_STDP/simulations/182581-208651/10Hz_-50ms/prefire_simulation_config.json
 2026-02-27 20:10:56,694: Simulation finished in: 00:05:24
 2026-02-27 20:10:56,746: Data writing finished
/cvmfs/soft.computecanada.ca/easybuild/software/2023/x86-64-v3/MPI/gcc12/openmpi4/hdf5-mpi/1.14.2/lib/python3.11/site-packages/h5py/__init__.py:36: UserWarning: h5py is running against HDF5 1.14.4 when it was built against 1.14.2, this may cause problems
  _warn(("h5py is running against HDF5 {0} when it was built against {1}, "
 2026-02-27 20:10:59,608: Loading simulation from /lustre06/project/6077694/dhuruva/plastyfire/refitting_results/fitting/n100/seed19091997/L5TTPC_L5TTPC_STDP/simulations/182967-198780/10Hz_-10ms/prefire_simulation_config.json
 2026-02-27 20:10:59,615: Loading simulation from /lustre06/project/6077694/dhuruva/plastyfire/refitting_results/fitting/n100/seed19091997/L5TTPC_L5TTPC_STDP/simulations/182967-198780/10Hz_30ms/prefire_simulation_config.json
 2026-02-27 20:11:13,952: Loading simulation from /lustre06/project/6077694/dhuruva/plastyfire/refitting_results/fitting/n100/seed19091997/L5TTPC_L5TTPC_STDP/simulations/182967-198780/10Hz_10ms/prefire_simulation_config.json
 2026-02-27 20:15:31,662: cvode was activated outside of Simulation, this might make it impossible to load templates with stochastic channels
 2026-02-27 20:15:35,350: cvode was activated outside of Simulation, this might make it impossible to load templates with stochastic channels
 2026-02-27 20:15:38,843: Simulation finished in: 00:04:53
 2026-02-27 20:15:38,950: Data writing finished
/cvmfs/soft.computecanada.ca/easybuild/software/2023/x86-64-v3/MPI/gcc12/openmpi4/hdf5-mpi/1.14.2/lib/python3.11/site-packages/h5py/__init__.py:36: UserWarning: h5py is running against HDF5 1.14.4 when it was built against 1.14.2, this may cause problems
  _warn(("h5py is running against HDF5 {0} when it was built against {1}, "
 2026-02-27 20:15:42,812: Simulation finished in: 00:04:58
 2026-02-27 20:15:42,905: Data writing finished
/cvmfs/soft.computecanada.ca/easybuild/software/2023/x86-64-v3/MPI/gcc12/openmpi4/hdf5-mpi/1.14.2/lib/python3.11/site-packages/h5py/__init__.py:36: UserWarning: h5py is running against HDF5 1.14.4 when it was built against 1.14.2, this may cause problems
  _warn(("h5py is running against HDF5 {0} when it was built against {1}, "
 2026-02-27 20:15:45,472: cvode was activated outside of Simulation, this might make it impossible to load templates with stochastic channels
 2026-02-27 20:15:52,986: Simulation finished in: 00:04:53
 2026-02-27 20:15:53,069: Data writing finished
 2026-02-27 20:15:55,754: Loading simulation from /lustre06/project/6077694/dhuruva/plastyfire/refitting_results/fitting/n100/seed19091997/L5TTPC_L5TTPC_STDP/simulations/182967-198780/10Hz_-30ms/prefire_simulation_config.json
 2026-02-27 20:15:59,925: Loading simulation from /lustre06/project/6077694/dhuruva/plastyfire/refitting_results/fitting/n100/seed19091997/L5TTPC_L5TTPC_STDP/simulations/182967-198780/10Hz_5ms/prefire_simulation_config.json
 2026-02-27 20:18:42,306: cvode was activated outside of Simulation, this might make it impossible to load templates with stochastic channels
 2026-02-27 20:18:49,736: Simulation finished in: 00:08:14
 2026-02-27 20:18:49,832: Data writing finished
 2026-02-27 20:20:24,697: cvode was activated outside of Simulation, this might make it impossible to load templates with stochastic channels
 2026-02-27 20:20:31,978: Simulation finished in: 00:04:46
 2026-02-27 20:20:32,064: Data writing finished
 2026-02-27 20:20:37,424: cvode was activated outside of Simulation, this might make it impossible to load templates with stochastic channels
 2026-02-27 20:20:44,519: Simulation finished in: 00:05:03
 2026-02-27 20:20:44,620: Data writing finished
