/cvmfs/soft.computecanada.ca/easybuild/software/2023/x86-64-v3/MPI/gcc12/openmpi4/hdf5-mpi/1.14.2/lib/python3.11/site-packages/h5py/__init__.py:36: UserWarning: h5py is running against HDF5 1.14.4 when it was built against 1.14.2, this may cause problems
  _warn(("h5py is running against HDF5 {0} when it was built against {1}, "
/cvmfs/soft.computecanada.ca/easybuild/software/2023/x86-64-v3/MPI/gcc12/openmpi4/hdf5-mpi/1.14.2/lib/python3.11/site-packages/h5py/__init__.py:36: UserWarning: h5py is running against HDF5 1.14.4 when it was built against 1.14.2, this may cause problems
  _warn(("h5py is running against HDF5 {0} when it was built against {1}, "
/cvmfs/soft.computecanada.ca/easybuild/software/2023/x86-64-v3/MPI/gcc12/openmpi4/hdf5-mpi/1.14.2/lib/python3.11/site-packages/h5py/__init__.py:36: UserWarning: h5py is running against HDF5 1.14.4 when it was built against 1.14.2, this may cause problems
  _warn(("h5py is running against HDF5 {0} when it was built against {1}, "
/cvmfs/soft.computecanada.ca/easybuild/software/2023/x86-64-v3/MPI/gcc12/openmpi4/hdf5-mpi/1.14.2/lib/python3.11/site-packages/h5py/__init__.py:36: UserWarning: h5py is running against HDF5 1.14.4 when it was built against 1.14.2, this may cause problems
  _warn(("h5py is running against HDF5 {0} when it was built against {1}, "
 2026-02-27 20:09:00,217: Loading simulation from /lustre06/project/6077694/dhuruva/plastyfire/refitting_results/fitting/n100/seed19091997/L5TTPC_L5TTPC_STDP/simulations/190073-201891/10Hz_30ms/prefire_simulation_config.json
 2026-02-27 20:09:00,255: Loading simulation from /lustre06/project/6077694/dhuruva/plastyfire/refitting_results/fitting/n100/seed19091997/L5TTPC_L5TTPC_STDP/simulations/190073-201891/10Hz_10ms/prefire_simulation_config.json
 2026-02-27 20:09:00,255: Loading simulation from /lustre06/project/6077694/dhuruva/plastyfire/refitting_results/fitting/n100/seed19091997/L5TTPC_L5TTPC_STDP/simulations/190073-201891/10Hz_50ms/prefire_simulation_config.json
 2026-02-27 20:09:06,138: Loading simulation from /lustre06/project/6077694/dhuruva/plastyfire/refitting_results/fitting/n100/seed19091997/L5TTPC_L5TTPC_STDP/simulations/190353-181954/10Hz_30ms/prefire_simulation_config.json
 2026-02-27 20:12:37,204: cvode was activated outside of Simulation, this might make it impossible to load templates with stochastic channels
 2026-02-27 20:12:42,843: cvode was activated outside of Simulation, this might make it impossible to load templates with stochastic channels
 2026-02-27 20:12:44,145: Simulation finished in: 00:03:57
 2026-02-27 20:12:44,282: Data writing finished
/cvmfs/soft.computecanada.ca/easybuild/software/2023/x86-64-v3/MPI/gcc12/openmpi4/hdf5-mpi/1.14.2/lib/python3.11/site-packages/h5py/__init__.py:36: UserWarning: h5py is running against HDF5 1.14.4 when it was built against 1.14.2, this may cause problems
  _warn(("h5py is running against HDF5 {0} when it was built against {1}, "
 2026-02-27 20:12:49,853: Simulation finished in: 00:04:03
 2026-02-27 20:12:49,954: Data writing finished
/cvmfs/soft.computecanada.ca/easybuild/software/2023/x86-64-v3/MPI/gcc12/openmpi4/hdf5-mpi/1.14.2/lib/python3.11/site-packages/h5py/__init__.py:36: UserWarning: h5py is running against HDF5 1.14.4 when it was built against 1.14.2, this may cause problems
  _warn(("h5py is running against HDF5 {0} when it was built against {1}, "
 2026-02-27 20:13:05,615: Loading simulation from /lustre06/project/6077694/dhuruva/plastyfire/refitting_results/fitting/n100/seed19091997/L5TTPC_L5TTPC_STDP/simulations/190353-181954/10Hz_5ms/prefire_simulation_config.json
 2026-02-27 20:13:10,500: Loading simulation from /lustre06/project/6077694/dhuruva/plastyfire/refitting_results/fitting/n100/seed19091997/L5TTPC_L5TTPC_STDP/simulations/190353-181954/10Hz_-50ms/prefire_simulation_config.json
 2026-02-27 20:15:00,647: cvode was activated outside of Simulation, this might make it impossible to load templates with stochastic channels
 2026-02-27 20:15:08,383: Simulation finished in: 00:06:21
 2026-02-27 20:15:08,760: Data writing finished
/cvmfs/soft.computecanada.ca/easybuild/software/2023/x86-64-v3/MPI/gcc12/openmpi4/hdf5-mpi/1.14.2/lib/python3.11/site-packages/h5py/__init__.py:36: UserWarning: h5py is running against HDF5 1.14.4 when it was built against 1.14.2, this may cause problems
  _warn(("h5py is running against HDF5 {0} when it was built against {1}, "
 2026-02-27 20:15:29,515: Loading simulation from /lustre06/project/6077694/dhuruva/plastyfire/refitting_results/fitting/n100/seed19091997/L5TTPC_L5TTPC_STDP/simulations/190353-181954/10Hz_10ms/prefire_simulation_config.json
 2026-02-27 20:18:45,763: cvode was activated outside of Simulation, this might make it impossible to load templates with stochastic channels
 2026-02-27 20:18:48,869: cvode was activated outside of Simulation, this might make it impossible to load templates with stochastic channels
 2026-02-27 20:18:52,493: Simulation finished in: 00:06:05
 2026-02-27 20:18:52,621: Data writing finished
/cvmfs/soft.computecanada.ca/easybuild/software/2023/x86-64-v3/MPI/gcc12/openmpi4/hdf5-mpi/1.14.2/lib/python3.11/site-packages/h5py/__init__.py:36: UserWarning: h5py is running against HDF5 1.14.4 when it was built against 1.14.2, this may cause problems
  _warn(("h5py is running against HDF5 {0} when it was built against {1}, "
 2026-02-27 20:18:55,777: Simulation finished in: 00:10:09
 2026-02-27 20:18:56,055: Data writing finished
/cvmfs/soft.computecanada.ca/easybuild/software/2023/x86-64-v3/MPI/gcc12/openmpi4/hdf5-mpi/1.14.2/lib/python3.11/site-packages/h5py/__init__.py:36: UserWarning: h5py is running against HDF5 1.14.4 when it was built against 1.14.2, this may cause problems
  _warn(("h5py is running against HDF5 {0} when it was built against {1}, "
 2026-02-27 20:19:13,316: Loading simulation from /lustre06/project/6077694/dhuruva/plastyfire/refitting_results/fitting/n100/seed19091997/L5TTPC_L5TTPC_STDP/simulations/190353-181954/10Hz_50ms/prefire_simulation_config.json
 2026-02-27 20:19:16,500: Loading simulation from /lustre06/project/6077694/dhuruva/plastyfire/refitting_results/fitting/n100/seed19091997/L5TTPC_L5TTPC_STDP/simulations/190353-181954/10Hz_-10ms/prefire_simulation_config.json
 2026-02-27 20:21:21,451: cvode was activated outside of Simulation, this might make it impossible to load templates with stochastic channels
 2026-02-27 20:21:28,171: Simulation finished in: 00:06:17
 2026-02-27 20:21:28,220: Data writing finished
/cvmfs/soft.computecanada.ca/easybuild/software/2023/x86-64-v3/MPI/gcc12/openmpi4/hdf5-mpi/1.14.2/lib/python3.11/site-packages/h5py/__init__.py:36: UserWarning: h5py is running against HDF5 1.14.4 when it was built against 1.14.2, this may cause problems
  _warn(("h5py is running against HDF5 {0} when it was built against {1}, "
 2026-02-27 20:21:48,781: Loading simulation from /lustre06/project/6077694/dhuruva/plastyfire/refitting_results/fitting/n100/seed19091997/L5TTPC_L5TTPC_STDP/simulations/190353-181954/10Hz_-30ms/prefire_simulation_config.json
 2026-02-27 20:22:29,664: cvode was activated outside of Simulation, this might make it impossible to load templates with stochastic channels
 2026-02-27 20:22:36,641: Simulation finished in: 00:09:44
 2026-02-27 20:22:36,733: Data writing finished
 2026-02-27 20:25:02,633: cvode was activated outside of Simulation, this might make it impossible to load templates with stochastic channels
 2026-02-27 20:25:07,699: cvode was activated outside of Simulation, this might make it impossible to load templates with stochastic channels
 2026-02-27 20:25:09,810: Simulation finished in: 00:06:11
 2026-02-27 20:25:09,931: Data writing finished
 2026-02-27 20:25:14,684: Simulation finished in: 00:06:19
 2026-02-27 20:25:14,731: Data writing finished
 2026-02-27 20:27:37,870: cvode was activated outside of Simulation, this might make it impossible to load templates with stochastic channels
 2026-02-27 20:27:44,894: Simulation finished in: 00:06:14
 2026-02-27 20:27:44,941: Data writing finished
