Processing: /home/dhuruva/projects/ctb-emuller/dhuruva/plastyfire/refitting_results/fitting/n100/seed19091997/L5TTPC_L5TTPC_STDP/simulations/208966-196199/10Hz_50ms
Processing: /home/dhuruva/projects/ctb-emuller/dhuruva/plastyfire/refitting_results/fitting/n100/seed19091997/L5TTPC_L5TTPC_STDP/simulations/208966-196199/10Hz_5ms
Processing: /home/dhuruva/projects/ctb-emuller/dhuruva/plastyfire/refitting_results/fitting/n100/seed19091997/L5TTPC_L5TTPC_STDP/simulations/208976-188476/10Hz_-30ms
Processing: /home/dhuruva/projects/ctb-emuller/dhuruva/plastyfire/refitting_results/fitting/n100/seed19091997/L5TTPC_L5TTPC_STDP/simulations/208976-188476/10Hz_10ms
Presynaptic mapping of length 7 created
Presynaptic mapping of length 7 created
Presynaptic mapping of length 5 created
Presynaptic mapping of length 5 created
Presynaptic mapping of length 5 created
Completed: 208976-188476/10Hz_10ms
Processing: /home/dhuruva/projects/ctb-emuller/dhuruva/plastyfire/refitting_results/fitting/n100/seed19091997/L5TTPC_L5TTPC_STDP/simulations/208976-188476/10Hz_30ms
Presynaptic mapping of length 5 created
Completed: 208976-188476/10Hz_-30ms
Processing: /home/dhuruva/projects/ctb-emuller/dhuruva/plastyfire/refitting_results/fitting/n100/seed19091997/L5TTPC_L5TTPC_STDP/simulations/208976-188476/10Hz_-10ms
Presynaptic mapping of length 7 created
Completed: 208966-196199/10Hz_5ms
Processing: /home/dhuruva/projects/ctb-emuller/dhuruva/plastyfire/refitting_results/fitting/n100/seed19091997/L5TTPC_L5TTPC_STDP/simulations/208976-188476/10Hz_-50ms
Presynaptic mapping of length 7 created
Completed: 208966-196199/10Hz_50ms
Processing: /home/dhuruva/projects/ctb-emuller/dhuruva/plastyfire/refitting_results/fitting/n100/seed19091997/L5TTPC_L5TTPC_STDP/simulations/208976-188476/10Hz_50ms
Presynaptic mapping of length 5 created
Completed: 208976-188476/10Hz_-10ms
Processing: /home/dhuruva/projects/ctb-emuller/dhuruva/plastyfire/refitting_results/fitting/n100/seed19091997/L5TTPC_L5TTPC_STDP/simulations/208976-188476/10Hz_5ms
Presynaptic mapping of length 5 created
Completed: 208976-188476/10Hz_30ms
Processing: /home/dhuruva/projects/ctb-emuller/dhuruva/plastyfire/refitting_results/fitting/n100/seed19091997/L5TTPC_L5TTPC_STDP/simulations/209495-189342/10Hz_10ms
Presynaptic mapping of length 5 created
Completed: 208976-188476/10Hz_-50ms
Presynaptic mapping of length 5 created
Completed: 208976-188476/10Hz_50ms
Presynaptic mapping of length 5 created
Completed: 208976-188476/10Hz_5ms
Presynaptic mapping of length 4 created
Completed: 209495-189342/10Hz_10ms
Batch 67 completed
