Processing: /home/dhuruva/projects/ctb-emuller/dhuruva/plastyfire/refitting_results/fitting/n100/seed19091997/L5TTPC_L5TTPC_STDP/simulations/209709-184968/10Hz_10ms
Processing: /home/dhuruva/projects/ctb-emuller/dhuruva/plastyfire/refitting_results/fitting/n100/seed19091997/L5TTPC_L5TTPC_STDP/simulations/209709-184968/10Hz_5ms
Processing: /home/dhuruva/projects/ctb-emuller/dhuruva/plastyfire/refitting_results/fitting/n100/seed19091997/L5TTPC_L5TTPC_STDP/simulations/209709-184968/10Hz_30ms
Processing: /home/dhuruva/projects/ctb-emuller/dhuruva/plastyfire/refitting_results/fitting/n100/seed19091997/L5TTPC_L5TTPC_STDP/simulations/210209-180231/10Hz_10ms
Presynaptic mapping of length 10 created
Presynaptic mapping of length 7 created
Presynaptic mapping of length 10 created
Presynaptic mapping of length 10 created
Presynaptic mapping of length 10 created
Completed: 209709-184968/10Hz_10ms
Processing: /home/dhuruva/projects/ctb-emuller/dhuruva/plastyfire/refitting_results/fitting/n100/seed19091997/L5TTPC_L5TTPC_STDP/simulations/210209-180231/10Hz_30ms
Completed: 209709-184968/10Hz_5ms
Processing: /home/dhuruva/projects/ctb-emuller/dhuruva/plastyfire/refitting_results/fitting/n100/seed19091997/L5TTPC_L5TTPC_STDP/simulations/210209-180231/10Hz_50ms
Presynaptic mapping of length 10 created
Completed: 209709-184968/10Hz_30ms
Processing: /home/dhuruva/projects/ctb-emuller/dhuruva/plastyfire/refitting_results/fitting/n100/seed19091997/L5TTPC_L5TTPC_STDP/simulations/210209-180231/10Hz_5ms
Presynaptic mapping of length 7 created
Completed: 210209-180231/10Hz_10ms
Processing: /home/dhuruva/projects/ctb-emuller/dhuruva/plastyfire/refitting_results/fitting/n100/seed19091997/L5TTPC_L5TTPC_STDP/simulations/210209-180231/10Hz_-30ms
Presynaptic mapping of length 7 created
Completed: 210209-180231/10Hz_5ms
Processing: /home/dhuruva/projects/ctb-emuller/dhuruva/plastyfire/refitting_results/fitting/n100/seed19091997/L5TTPC_L5TTPC_STDP/simulations/210209-180231/10Hz_-10ms
Presynaptic mapping of length 7 created
Completed: 210209-180231/10Hz_50ms
Processing: /home/dhuruva/projects/ctb-emuller/dhuruva/plastyfire/refitting_results/fitting/n100/seed19091997/L5TTPC_L5TTPC_STDP/simulations/210209-180231/10Hz_-50ms
Presynaptic mapping of length 7 created
Presynaptic mapping of length 7 created
Completed: 210209-180231/10Hz_30ms
Presynaptic mapping of length 7 created
Presynaptic mapping of length 7 created
Completed: 210209-180231/10Hz_-30ms
Presynaptic mapping of length 7 created
Completed: 210209-180231/10Hz_-10ms
Presynaptic mapping of length 7 created
Completed: 210209-180231/10Hz_-50ms
Batch 69 completed
