/cvmfs/soft.computecanada.ca/easybuild/software/2023/x86-64-v3/MPI/gcc12/openmpi4/hdf5-mpi/1.14.2/lib/python3.11/site-packages/h5py/__init__.py:36: UserWarning: h5py is running against HDF5 1.14.4 when it was built against 1.14.2, this may cause problems
  _warn(("h5py is running against HDF5 {0} when it was built against {1}, "
/cvmfs/soft.computecanada.ca/easybuild/software/2023/x86-64-v3/MPI/gcc12/openmpi4/hdf5-mpi/1.14.2/lib/python3.11/site-packages/h5py/__init__.py:36: UserWarning: h5py is running against HDF5 1.14.4 when it was built against 1.14.2, this may cause problems
  _warn(("h5py is running against HDF5 {0} when it was built against {1}, "
/cvmfs/soft.computecanada.ca/easybuild/software/2023/x86-64-v3/MPI/gcc12/openmpi4/hdf5-mpi/1.14.2/lib/python3.11/site-packages/h5py/__init__.py:36: UserWarning: h5py is running against HDF5 1.14.4 when it was built against 1.14.2, this may cause problems
  _warn(("h5py is running against HDF5 {0} when it was built against {1}, "
/cvmfs/soft.computecanada.ca/easybuild/software/2023/x86-64-v3/MPI/gcc12/openmpi4/hdf5-mpi/1.14.2/lib/python3.11/site-packages/h5py/__init__.py:36: UserWarning: h5py is running against HDF5 1.14.4 when it was built against 1.14.2, this may cause problems
  _warn(("h5py is running against HDF5 {0} when it was built against {1}, "
 2026-02-27 20:09:01,698: Loading simulation from /lustre06/project/6077694/dhuruva/plastyfire/refitting_results/fitting/n100/seed19091997/L5TTPC_L5TTPC_STDP/simulations/190392-207670/10Hz_30ms/prefire_simulation_config.json
 2026-02-27 20:09:01,733: Loading simulation from /lustre06/project/6077694/dhuruva/plastyfire/refitting_results/fitting/n100/seed19091997/L5TTPC_L5TTPC_STDP/simulations/190392-207670/10Hz_-50ms/prefire_simulation_config.json
 2026-02-27 20:09:01,826: Loading simulation from /lustre06/project/6077694/dhuruva/plastyfire/refitting_results/fitting/n100/seed19091997/L5TTPC_L5TTPC_STDP/simulations/190392-207670/10Hz_5ms/prefire_simulation_config.json
 2026-02-27 20:09:01,881: Loading simulation from /lustre06/project/6077694/dhuruva/plastyfire/refitting_results/fitting/n100/seed19091997/L5TTPC_L5TTPC_STDP/simulations/190392-207670/10Hz_10ms/prefire_simulation_config.json
 2026-02-27 20:14:48,967: cvode was activated outside of Simulation, this might make it impossible to load templates with stochastic channels
 2026-02-27 20:14:52,446: cvode was activated outside of Simulation, this might make it impossible to load templates with stochastic channels
 2026-02-27 20:14:55,884: Simulation finished in: 00:06:10
 2026-02-27 20:14:55,996: Data writing finished
/cvmfs/soft.computecanada.ca/easybuild/software/2023/x86-64-v3/MPI/gcc12/openmpi4/hdf5-mpi/1.14.2/lib/python3.11/site-packages/h5py/__init__.py:36: UserWarning: h5py is running against HDF5 1.14.4 when it was built against 1.14.2, this may cause problems
  _warn(("h5py is running against HDF5 {0} when it was built against {1}, "
 2026-02-27 20:14:57,939: cvode was activated outside of Simulation, this might make it impossible to load templates with stochastic channels
 2026-02-27 20:14:59,154: Simulation finished in: 00:06:14
 2026-02-27 20:14:59,214: Data writing finished
/cvmfs/soft.computecanada.ca/easybuild/software/2023/x86-64-v3/MPI/gcc12/openmpi4/hdf5-mpi/1.14.2/lib/python3.11/site-packages/h5py/__init__.py:36: UserWarning: h5py is running against HDF5 1.14.4 when it was built against 1.14.2, this may cause problems
  _warn(("h5py is running against HDF5 {0} when it was built against {1}, "
 2026-02-27 20:15:03,625: cvode was activated outside of Simulation, this might make it impossible to load templates with stochastic channels
 2026-02-27 20:15:04,893: Simulation finished in: 00:06:19
 2026-02-27 20:15:04,962: Data writing finished
/cvmfs/soft.computecanada.ca/easybuild/software/2023/x86-64-v3/MPI/gcc12/openmpi4/hdf5-mpi/1.14.2/lib/python3.11/site-packages/h5py/__init__.py:36: UserWarning: h5py is running against HDF5 1.14.4 when it was built against 1.14.2, this may cause problems
  _warn(("h5py is running against HDF5 {0} when it was built against {1}, "
 2026-02-27 20:15:10,590: Simulation finished in: 00:06:25
 2026-02-27 20:15:10,650: Data writing finished
/cvmfs/soft.computecanada.ca/easybuild/software/2023/x86-64-v3/MPI/gcc12/openmpi4/hdf5-mpi/1.14.2/lib/python3.11/site-packages/h5py/__init__.py:36: UserWarning: h5py is running against HDF5 1.14.4 when it was built against 1.14.2, this may cause problems
  _warn(("h5py is running against HDF5 {0} when it was built against {1}, "
 2026-02-27 20:15:13,397: Loading simulation from /lustre06/project/6077694/dhuruva/plastyfire/refitting_results/fitting/n100/seed19091997/L5TTPC_L5TTPC_STDP/simulations/190392-207670/10Hz_50ms/prefire_simulation_config.json
 2026-02-27 20:15:15,901: Loading simulation from /lustre06/project/6077694/dhuruva/plastyfire/refitting_results/fitting/n100/seed19091997/L5TTPC_L5TTPC_STDP/simulations/190392-207670/10Hz_-30ms/prefire_simulation_config.json
 2026-02-27 20:15:22,182: Loading simulation from /lustre06/project/6077694/dhuruva/plastyfire/refitting_results/fitting/n100/seed19091997/L5TTPC_L5TTPC_STDP/simulations/190392-207670/10Hz_-10ms/prefire_simulation_config.json
 2026-02-27 20:15:26,982: Loading simulation from /lustre06/project/6077694/dhuruva/plastyfire/refitting_results/fitting/n100/seed19091997/L5TTPC_L5TTPC_STDP/simulations/190525-205438/10Hz_-50ms/prefire_simulation_config.json
 2026-02-27 20:20:43,524: cvode was activated outside of Simulation, this might make it impossible to load templates with stochastic channels
 2026-02-27 20:20:50,268: Simulation finished in: 00:05:37
 2026-02-27 20:20:50,321: Data writing finished
/cvmfs/soft.computecanada.ca/easybuild/software/2023/x86-64-v3/MPI/gcc12/openmpi4/hdf5-mpi/1.14.2/lib/python3.11/site-packages/h5py/__init__.py:36: UserWarning: h5py is running against HDF5 1.14.4 when it was built against 1.14.2, this may cause problems
  _warn(("h5py is running against HDF5 {0} when it was built against {1}, "
 2026-02-27 20:21:07,209: Loading simulation from /lustre06/project/6077694/dhuruva/plastyfire/refitting_results/fitting/n100/seed19091997/L5TTPC_L5TTPC_STDP/simulations/190525-205438/10Hz_30ms/prefire_simulation_config.json
 2026-02-27 20:24:09,794: cvode was activated outside of Simulation, this might make it impossible to load templates with stochastic channels
 2026-02-27 20:24:17,008: Simulation finished in: 00:09:15
 2026-02-27 20:24:17,138: Data writing finished
/cvmfs/soft.computecanada.ca/easybuild/software/2023/x86-64-v3/MPI/gcc12/openmpi4/hdf5-mpi/1.14.2/lib/python3.11/site-packages/h5py/__init__.py:36: UserWarning: h5py is running against HDF5 1.14.4 when it was built against 1.14.2, this may cause problems
  _warn(("h5py is running against HDF5 {0} when it was built against {1}, "
 2026-02-27 20:24:19,782: cvode was activated outside of Simulation, this might make it impossible to load templates with stochastic channels
 2026-02-27 20:24:27,070: Simulation finished in: 00:09:28
 2026-02-27 20:24:27,194: Data writing finished
 2026-02-27 20:24:33,907: Loading simulation from /lustre06/project/6077694/dhuruva/plastyfire/refitting_results/fitting/n100/seed19091997/L5TTPC_L5TTPC_STDP/simulations/190525-205438/10Hz_10ms/prefire_simulation_config.json
 2026-02-27 20:25:43,629: cvode was activated outside of Simulation, this might make it impossible to load templates with stochastic channels
 2026-02-27 20:25:50,902: Simulation finished in: 00:10:43
 2026-02-27 20:25:51,055: Data writing finished
 2026-02-27 20:29:34,666: cvode was activated outside of Simulation, this might make it impossible to load templates with stochastic channels
 2026-02-27 20:29:41,469: Simulation finished in: 00:05:21
 2026-02-27 20:29:41,520: Data writing finished
 2026-02-27 20:30:44,813: cvode was activated outside of Simulation, this might make it impossible to load templates with stochastic channels
 2026-02-27 20:30:51,910: Simulation finished in: 00:09:58
 2026-02-27 20:30:52,062: Data writing finished
