Processing: /home/dhuruva/projects/ctb-emuller/dhuruva/plastyfire/refitting_results/fitting/n100/seed19091997/L5TTPC_L5TTPC_STDP/simulations/205300-191467/10Hz_-10ms
Processing: /home/dhuruva/projects/ctb-emuller/dhuruva/plastyfire/refitting_results/fitting/n100/seed19091997/L5TTPC_L5TTPC_STDP/simulations/205300-191467/10Hz_10ms
Processing: /home/dhuruva/projects/ctb-emuller/dhuruva/plastyfire/refitting_results/fitting/n100/seed19091997/L5TTPC_L5TTPC_STDP/simulations/205300-191467/10Hz_5ms
Processing: /home/dhuruva/projects/ctb-emuller/dhuruva/plastyfire/refitting_results/fitting/n100/seed19091997/L5TTPC_L5TTPC_STDP/simulations/205300-191467/10Hz_30ms
Presynaptic mapping of length 8 created
Presynaptic mapping of length 8 created
Presynaptic mapping of length 8 created
Completed: 205300-191467/10Hz_5ms
Processing: /home/dhuruva/projects/ctb-emuller/dhuruva/plastyfire/refitting_results/fitting/n100/seed19091997/L5TTPC_L5TTPC_STDP/simulations/205300-191467/10Hz_-30ms
Presynaptic mapping of length 8 created
Completed: 205300-191467/10Hz_-10ms
Processing: /home/dhuruva/projects/ctb-emuller/dhuruva/plastyfire/refitting_results/fitting/n100/seed19091997/L5TTPC_L5TTPC_STDP/simulations/205327-192314/10Hz_5ms
Presynaptic mapping of length 8 created
Presynaptic mapping of length 8 created
Completed: 205300-191467/10Hz_10ms
Processing: /home/dhuruva/projects/ctb-emuller/dhuruva/plastyfire/refitting_results/fitting/n100/seed19091997/L5TTPC_L5TTPC_STDP/simulations/205327-192314/10Hz_-10ms
Completed: 205300-191467/10Hz_30ms
Processing: /home/dhuruva/projects/ctb-emuller/dhuruva/plastyfire/refitting_results/fitting/n100/seed19091997/L5TTPC_L5TTPC_STDP/simulations/205327-192314/10Hz_10ms
Presynaptic mapping of length 8 created
Completed: 205300-191467/10Hz_-30ms
Processing: /home/dhuruva/projects/ctb-emuller/dhuruva/plastyfire/refitting_results/fitting/n100/seed19091997/L5TTPC_L5TTPC_STDP/simulations/205327-192314/10Hz_30ms
Presynaptic mapping of length 5 created
Presynaptic mapping of length 5 created
Completed: 205327-192314/10Hz_5ms
Processing: /home/dhuruva/projects/ctb-emuller/dhuruva/plastyfire/refitting_results/fitting/n100/seed19091997/L5TTPC_L5TTPC_STDP/simulations/205327-192314/10Hz_-30ms
Presynaptic mapping of length 5 created
Completed: 205327-192314/10Hz_10ms
Presynaptic mapping of length 5 created
Completed: 205327-192314/10Hz_-10ms
Presynaptic mapping of length 5 created
Completed: 205327-192314/10Hz_30ms
Presynaptic mapping of length 5 created
Completed: 205327-192314/10Hz_-30ms
Batch 59 completed
