Processing: /home/dhuruva/projects/ctb-emuller/dhuruva/plastyfire/refitting_results/fitting/n100/seed19091997/L5TTPC_L5TTPC_STDP/simulations/193481-196243/10Hz_30ms
Processing: /home/dhuruva/projects/ctb-emuller/dhuruva/plastyfire/refitting_results/fitting/n100/seed19091997/L5TTPC_L5TTPC_STDP/simulations/193481-196243/10Hz_5ms
Processing: /home/dhuruva/projects/ctb-emuller/dhuruva/plastyfire/refitting_results/fitting/n100/seed19091997/L5TTPC_L5TTPC_STDP/simulations/193481-196243/10Hz_50ms
Processing: /home/dhuruva/projects/ctb-emuller/dhuruva/plastyfire/refitting_results/fitting/n100/seed19091997/L5TTPC_L5TTPC_STDP/simulations/193481-196243/10Hz_-10ms
Failed: 193481-196243/10Hz_30ms
Processing: /home/dhuruva/projects/ctb-emuller/dhuruva/plastyfire/refitting_results/fitting/n100/seed19091997/L5TTPC_L5TTPC_STDP/simulations/193481-196243/10Hz_-30ms
Presynaptic mapping of length 30 created
Completed: 193481-196243/10Hz_5ms
Processing: /home/dhuruva/projects/ctb-emuller/dhuruva/plastyfire/refitting_results/fitting/n100/seed19091997/L5TTPC_L5TTPC_STDP/simulations/193481-196243/10Hz_-50ms
Presynaptic mapping of length 30 created
Completed: 193481-196243/10Hz_-10ms
Processing: /home/dhuruva/projects/ctb-emuller/dhuruva/plastyfire/refitting_results/fitting/n100/seed19091997/L5TTPC_L5TTPC_STDP/simulations/193709-181631/10Hz_-30ms
Presynaptic mapping of length 9 created
Failed: 193481-196243/10Hz_50ms
Processing: /home/dhuruva/projects/ctb-emuller/dhuruva/plastyfire/refitting_results/fitting/n100/seed19091997/L5TTPC_L5TTPC_STDP/simulations/193709-181631/10Hz_-10ms
Failed: 193481-196243/10Hz_-30ms
Processing: /home/dhuruva/projects/ctb-emuller/dhuruva/plastyfire/refitting_results/fitting/n100/seed19091997/L5TTPC_L5TTPC_STDP/simulations/193709-181631/10Hz_50ms
Failed: 193481-196243/10Hz_-50ms
Processing: /home/dhuruva/projects/ctb-emuller/dhuruva/plastyfire/refitting_results/fitting/n100/seed19091997/L5TTPC_L5TTPC_STDP/simulations/193709-181631/10Hz_10ms
Presynaptic mapping of length 9 created
Completed: 193709-181631/10Hz_-30ms
Presynaptic mapping of length 9 created
Completed: 193709-181631/10Hz_-10ms
Presynaptic mapping of length 9 created
Completed: 193709-181631/10Hz_50ms
Presynaptic mapping of length 9 created
Completed: 193709-181631/10Hz_10ms
Batch 33 completed
