/cvmfs/soft.computecanada.ca/easybuild/software/2023/x86-64-v3/MPI/gcc12/openmpi4/hdf5-mpi/1.14.2/lib/python3.11/site-packages/h5py/__init__.py:36: UserWarning: h5py is running against HDF5 1.14.4 when it was built against 1.14.2, this may cause problems
  _warn(("h5py is running against HDF5 {0} when it was built against {1}, "
/cvmfs/soft.computecanada.ca/easybuild/software/2023/x86-64-v3/MPI/gcc12/openmpi4/hdf5-mpi/1.14.2/lib/python3.11/site-packages/h5py/__init__.py:36: UserWarning: h5py is running against HDF5 1.14.4 when it was built against 1.14.2, this may cause problems
  _warn(("h5py is running against HDF5 {0} when it was built against {1}, "
/cvmfs/soft.computecanada.ca/easybuild/software/2023/x86-64-v3/MPI/gcc12/openmpi4/hdf5-mpi/1.14.2/lib/python3.11/site-packages/h5py/__init__.py:36: UserWarning: h5py is running against HDF5 1.14.4 when it was built against 1.14.2, this may cause problems
  _warn(("h5py is running against HDF5 {0} when it was built against {1}, "
/cvmfs/soft.computecanada.ca/easybuild/software/2023/x86-64-v3/MPI/gcc12/openmpi4/hdf5-mpi/1.14.2/lib/python3.11/site-packages/h5py/__init__.py:36: UserWarning: h5py is running against HDF5 1.14.4 when it was built against 1.14.2, this may cause problems
  _warn(("h5py is running against HDF5 {0} when it was built against {1}, "
 2026-02-27 20:02:32,277: Loading simulation from /lustre06/project/6077694/dhuruva/plastyfire/refitting_results/fitting/n100/seed19091997/L5TTPC_L5TTPC_STDP/simulations/180815-206160/10Hz_10ms/prefire_simulation_config.json
 2026-02-27 20:02:32,292: Loading simulation from /lustre06/project/6077694/dhuruva/plastyfire/refitting_results/fitting/n100/seed19091997/L5TTPC_L5TTPC_STDP/simulations/180815-206160/10Hz_-50ms/prefire_simulation_config.json
 2026-02-27 20:02:35,752: Loading simulation from /lustre06/project/6077694/dhuruva/plastyfire/refitting_results/fitting/n100/seed19091997/L5TTPC_L5TTPC_STDP/simulations/180834-205125/10Hz_-50ms/prefire_simulation_config.json
 2026-02-27 20:02:35,817: Loading simulation from /lustre06/project/6077694/dhuruva/plastyfire/refitting_results/fitting/n100/seed19091997/L5TTPC_L5TTPC_STDP/simulations/180834-205125/10Hz_10ms/prefire_simulation_config.json
 2026-02-27 20:09:13,684: cvode was activated outside of Simulation, this might make it impossible to load templates with stochastic channels
 2026-02-27 20:09:18,103: cvode was activated outside of Simulation, this might make it impossible to load templates with stochastic channels
 2026-02-27 20:09:20,891: Simulation finished in: 00:07:04
 2026-02-27 20:09:20,935: Data writing finished
/cvmfs/soft.computecanada.ca/easybuild/software/2023/x86-64-v3/MPI/gcc12/openmpi4/hdf5-mpi/1.14.2/lib/python3.11/site-packages/h5py/__init__.py:36: UserWarning: h5py is running against HDF5 1.14.4 when it was built against 1.14.2, this may cause problems
  _warn(("h5py is running against HDF5 {0} when it was built against {1}, "
 2026-02-27 20:09:25,119: Simulation finished in: 00:07:08
 2026-02-27 20:09:25,166: Data writing finished
/cvmfs/soft.computecanada.ca/easybuild/software/2023/x86-64-v3/MPI/gcc12/openmpi4/hdf5-mpi/1.14.2/lib/python3.11/site-packages/h5py/__init__.py:36: UserWarning: h5py is running against HDF5 1.14.4 when it was built against 1.14.2, this may cause problems
  _warn(("h5py is running against HDF5 {0} when it was built against {1}, "
 2026-02-27 20:09:40,067: Loading simulation from /lustre06/project/6077694/dhuruva/plastyfire/refitting_results/fitting/n100/seed19091997/L5TTPC_L5TTPC_STDP/simulations/180834-205125/10Hz_30ms/prefire_simulation_config.json
 2026-02-27 20:09:43,897: Loading simulation from /lustre06/project/6077694/dhuruva/plastyfire/refitting_results/fitting/n100/seed19091997/L5TTPC_L5TTPC_STDP/simulations/180834-205125/10Hz_5ms/prefire_simulation_config.json
 2026-02-27 20:10:20,012: cvode was activated outside of Simulation, this might make it impossible to load templates with stochastic channels
 2026-02-27 20:10:27,883: Simulation finished in: 00:08:11
 2026-02-27 20:10:28,078: Data writing finished
/cvmfs/soft.computecanada.ca/easybuild/software/2023/x86-64-v3/MPI/gcc12/openmpi4/hdf5-mpi/1.14.2/lib/python3.11/site-packages/h5py/__init__.py:36: UserWarning: h5py is running against HDF5 1.14.4 when it was built against 1.14.2, this may cause problems
  _warn(("h5py is running against HDF5 {0} when it was built against {1}, "
 2026-02-27 20:10:47,849: Loading simulation from /lustre06/project/6077694/dhuruva/plastyfire/refitting_results/fitting/n100/seed19091997/L5TTPC_L5TTPC_STDP/simulations/180834-205125/10Hz_-30ms/prefire_simulation_config.json
 2026-02-27 20:16:01,257: cvode was activated outside of Simulation, this might make it impossible to load templates with stochastic channels
 2026-02-27 20:16:09,402: Simulation finished in: 00:13:53
 2026-02-27 20:16:09,827: cvode was activated outside of Simulation, this might make it impossible to load templates with stochastic channels
 2026-02-27 20:16:10,099: Data writing finished
/cvmfs/soft.computecanada.ca/easybuild/software/2023/x86-64-v3/MPI/gcc12/openmpi4/hdf5-mpi/1.14.2/lib/python3.11/site-packages/h5py/__init__.py:36: UserWarning: h5py is running against HDF5 1.14.4 when it was built against 1.14.2, this may cause problems
  _warn(("h5py is running against HDF5 {0} when it was built against {1}, "
 2026-02-27 20:16:17,275: Simulation finished in: 00:06:50
 2026-02-27 20:16:17,324: Data writing finished
/cvmfs/soft.computecanada.ca/easybuild/software/2023/x86-64-v3/MPI/gcc12/openmpi4/hdf5-mpi/1.14.2/lib/python3.11/site-packages/h5py/__init__.py:36: UserWarning: h5py is running against HDF5 1.14.4 when it was built against 1.14.2, this may cause problems
  _warn(("h5py is running against HDF5 {0} when it was built against {1}, "
 2026-02-27 20:16:21,156: cvode was activated outside of Simulation, this might make it impossible to load templates with stochastic channels
 2026-02-27 20:16:28,370: Simulation finished in: 00:07:05
 2026-02-27 20:16:28,434: Data writing finished
/cvmfs/soft.computecanada.ca/easybuild/software/2023/x86-64-v3/MPI/gcc12/openmpi4/hdf5-mpi/1.14.2/lib/python3.11/site-packages/h5py/__init__.py:36: UserWarning: h5py is running against HDF5 1.14.4 when it was built against 1.14.2, this may cause problems
  _warn(("h5py is running against HDF5 {0} when it was built against {1}, "
 2026-02-27 20:16:29,617: Loading simulation from /lustre06/project/6077694/dhuruva/plastyfire/refitting_results/fitting/n100/seed19091997/L5TTPC_L5TTPC_STDP/simulations/180834-205125/10Hz_-10ms/prefire_simulation_config.json
 2026-02-27 20:16:36,673: Loading simulation from /lustre06/project/6077694/dhuruva/plastyfire/refitting_results/fitting/n100/seed19091997/L5TTPC_L5TTPC_STDP/simulations/180834-205125/10Hz_50ms/prefire_simulation_config.json
 2026-02-27 20:16:44,554: Loading simulation from /lustre06/project/6077694/dhuruva/plastyfire/refitting_results/fitting/n100/seed19091997/L5TTPC_L5TTPC_STDP/simulations/181002-188173/10Hz_50ms/prefire_simulation_config.json
 2026-02-27 20:17:27,835: cvode was activated outside of Simulation, this might make it impossible to load templates with stochastic channels
 2026-02-27 20:17:34,861: Simulation finished in: 00:07:04
 2026-02-27 20:17:34,915: Data writing finished
 2026-02-27 20:21:55,091: cvode was activated outside of Simulation, this might make it impossible to load templates with stochastic channels
 2026-02-27 20:22:01,993: Simulation finished in: 00:05:31
 2026-02-27 20:22:02,075: Data writing finished
 2026-02-27 20:23:00,967: cvode was activated outside of Simulation, this might make it impossible to load templates with stochastic channels
 2026-02-27 20:23:06,794: cvode was activated outside of Simulation, this might make it impossible to load templates with stochastic channels
 2026-02-27 20:23:07,933: Simulation finished in: 00:06:55
 2026-02-27 20:23:07,981: Data writing finished
 2026-02-27 20:23:13,681: Simulation finished in: 00:06:54
 2026-02-27 20:23:13,730: Data writing finished
