Processing: /home/dhuruva/projects/ctb-emuller/dhuruva/plastyfire/refitting_results/fitting/n100/seed19091997/L5TTPC_L5TTPC_STDP/simulations/207475-192618/10Hz_50ms
Processing: /home/dhuruva/projects/ctb-emuller/dhuruva/plastyfire/refitting_results/fitting/n100/seed19091997/L5TTPC_L5TTPC_STDP/simulations/207475-192618/10Hz_10ms
Processing: /home/dhuruva/projects/ctb-emuller/dhuruva/plastyfire/refitting_results/fitting/n100/seed19091997/L5TTPC_L5TTPC_STDP/simulations/207475-192618/10Hz_5ms
Processing: /home/dhuruva/projects/ctb-emuller/dhuruva/plastyfire/refitting_results/fitting/n100/seed19091997/L5TTPC_L5TTPC_STDP/simulations/207475-192618/10Hz_30ms
Presynaptic mapping of length 5 created
Presynaptic mapping of length 5 created
Presynaptic mapping of length 5 created
Presynaptic mapping of length 5 created
Completed: 207475-192618/10Hz_5ms
Processing: /home/dhuruva/projects/ctb-emuller/dhuruva/plastyfire/refitting_results/fitting/n100/seed19091997/L5TTPC_L5TTPC_STDP/simulations/207836-184831/10Hz_50ms
Presynaptic mapping of length 5 created
Completed: 207475-192618/10Hz_10ms
Processing: /home/dhuruva/projects/ctb-emuller/dhuruva/plastyfire/refitting_results/fitting/n100/seed19091997/L5TTPC_L5TTPC_STDP/simulations/207836-184831/10Hz_5ms
Presynaptic mapping of length 5 created
Presynaptic mapping of length 5 created
Completed: 207475-192618/10Hz_50ms
Processing: /home/dhuruva/projects/ctb-emuller/dhuruva/plastyfire/refitting_results/fitting/n100/seed19091997/L5TTPC_L5TTPC_STDP/simulations/207836-184831/10Hz_30ms
Completed: 207475-192618/10Hz_30ms
Processing: /home/dhuruva/projects/ctb-emuller/dhuruva/plastyfire/refitting_results/fitting/n100/seed19091997/L5TTPC_L5TTPC_STDP/simulations/207836-184831/10Hz_10ms
Presynaptic mapping of length 4 created
Completed: 207836-184831/10Hz_50ms
Processing: /home/dhuruva/projects/ctb-emuller/dhuruva/plastyfire/refitting_results/fitting/n100/seed19091997/L5TTPC_L5TTPC_STDP/simulations/207836-184831/10Hz_-50ms
Presynaptic mapping of length 4 created
Completed: 207836-184831/10Hz_5ms
Processing: /home/dhuruva/projects/ctb-emuller/dhuruva/plastyfire/refitting_results/fitting/n100/seed19091997/L5TTPC_L5TTPC_STDP/simulations/207836-184831/10Hz_-10ms
Presynaptic mapping of length 4 created
Completed: 207836-184831/10Hz_10ms
Presynaptic mapping of length 4 created
Completed: 207836-184831/10Hz_30ms
Presynaptic mapping of length 4 created
Presynaptic mapping of length 4 created
Presynaptic mapping of length 4 created
Completed: 207836-184831/10Hz_-10ms
Completed: 207836-184831/10Hz_-50ms
Batch 64 completed
