/cvmfs/soft.computecanada.ca/easybuild/software/2023/x86-64-v3/MPI/gcc12/openmpi4/hdf5-mpi/1.14.2/lib/python3.11/site-packages/h5py/__init__.py:36: UserWarning: h5py is running against HDF5 1.14.4 when it was built against 1.14.2, this may cause problems
  _warn(("h5py is running against HDF5 {0} when it was built against {1}, "
/cvmfs/soft.computecanada.ca/easybuild/software/2023/x86-64-v3/MPI/gcc12/openmpi4/hdf5-mpi/1.14.2/lib/python3.11/site-packages/h5py/__init__.py:36: UserWarning: h5py is running against HDF5 1.14.4 when it was built against 1.14.2, this may cause problems
  _warn(("h5py is running against HDF5 {0} when it was built against {1}, "
/cvmfs/soft.computecanada.ca/easybuild/software/2023/x86-64-v3/MPI/gcc12/openmpi4/hdf5-mpi/1.14.2/lib/python3.11/site-packages/h5py/__init__.py:36: UserWarning: h5py is running against HDF5 1.14.4 when it was built against 1.14.2, this may cause problems
  _warn(("h5py is running against HDF5 {0} when it was built against {1}, "
/cvmfs/soft.computecanada.ca/easybuild/software/2023/x86-64-v3/MPI/gcc12/openmpi4/hdf5-mpi/1.14.2/lib/python3.11/site-packages/h5py/__init__.py:36: UserWarning: h5py is running against HDF5 1.14.4 when it was built against 1.14.2, this may cause problems
  _warn(("h5py is running against HDF5 {0} when it was built against {1}, "
 2026-02-27 20:52:08,545: Loading simulation from /lustre06/project/6077694/dhuruva/plastyfire/refitting_results/fitting/n100/seed19091997/L5TTPC_L5TTPC_STDP/simulations/207423-186224/10Hz_10ms/prefire_simulation_config.json
 2026-02-27 20:52:08,555: Loading simulation from /lustre06/project/6077694/dhuruva/plastyfire/refitting_results/fitting/n100/seed19091997/L5TTPC_L5TTPC_STDP/simulations/207423-186224/10Hz_50ms/prefire_simulation_config.json
 2026-02-27 20:52:08,565: Loading simulation from /lustre06/project/6077694/dhuruva/plastyfire/refitting_results/fitting/n100/seed19091997/L5TTPC_L5TTPC_STDP/simulations/207423-186224/10Hz_30ms/prefire_simulation_config.json
 2026-02-27 20:52:08,609: Loading simulation from /lustre06/project/6077694/dhuruva/plastyfire/refitting_results/fitting/n100/seed19091997/L5TTPC_L5TTPC_STDP/simulations/207423-186224/10Hz_5ms/prefire_simulation_config.json
 2026-02-27 20:55:43,654: cvode was activated outside of Simulation, this might make it impossible to load templates with stochastic channels
 2026-02-27 20:55:50,291: Simulation finished in: 00:03:58
 2026-02-27 20:55:50,328: Data writing finished
/cvmfs/soft.computecanada.ca/easybuild/software/2023/x86-64-v3/MPI/gcc12/openmpi4/hdf5-mpi/1.14.2/lib/python3.11/site-packages/h5py/__init__.py:36: UserWarning: h5py is running against HDF5 1.14.4 when it was built against 1.14.2, this may cause problems
  _warn(("h5py is running against HDF5 {0} when it was built against {1}, "
 2026-02-27 20:55:53,518: cvode was activated outside of Simulation, this might make it impossible to load templates with stochastic channels
 2026-02-27 20:55:54,826: cvode was activated outside of Simulation, this might make it impossible to load templates with stochastic channels
 2026-02-27 20:55:58,787: cvode was activated outside of Simulation, this might make it impossible to load templates with stochastic channels
 2026-02-27 20:56:00,293: Simulation finished in: 00:04:08
 2026-02-27 20:56:00,334: Data writing finished
/cvmfs/soft.computecanada.ca/easybuild/software/2023/x86-64-v3/MPI/gcc12/openmpi4/hdf5-mpi/1.14.2/lib/python3.11/site-packages/h5py/__init__.py:36: UserWarning: h5py is running against HDF5 1.14.4 when it was built against 1.14.2, this may cause problems
  _warn(("h5py is running against HDF5 {0} when it was built against {1}, "
 2026-02-27 20:56:01,687: Simulation finished in: 00:04:10
 2026-02-27 20:56:01,729: Data writing finished
/cvmfs/soft.computecanada.ca/easybuild/software/2023/x86-64-v3/MPI/gcc12/openmpi4/hdf5-mpi/1.14.2/lib/python3.11/site-packages/h5py/__init__.py:36: UserWarning: h5py is running against HDF5 1.14.4 when it was built against 1.14.2, this may cause problems
  _warn(("h5py is running against HDF5 {0} when it was built against {1}, "
 2026-02-27 20:56:05,372: Simulation finished in: 00:04:13
 2026-02-27 20:56:05,412: Data writing finished
/cvmfs/soft.computecanada.ca/easybuild/software/2023/x86-64-v3/MPI/gcc12/openmpi4/hdf5-mpi/1.14.2/lib/python3.11/site-packages/h5py/__init__.py:36: UserWarning: h5py is running against HDF5 1.14.4 when it was built against 1.14.2, this may cause problems
  _warn(("h5py is running against HDF5 {0} when it was built against {1}, "
 2026-02-27 20:56:08,290: Loading simulation from /lustre06/project/6077694/dhuruva/plastyfire/refitting_results/fitting/n100/seed19091997/L5TTPC_L5TTPC_STDP/simulations/207423-186224/10Hz_-10ms/prefire_simulation_config.json
 2026-02-27 20:56:18,173: Loading simulation from /lustre06/project/6077694/dhuruva/plastyfire/refitting_results/fitting/n100/seed19091997/L5TTPC_L5TTPC_STDP/simulations/207423-186224/10Hz_-30ms/prefire_simulation_config.json
 2026-02-27 20:56:19,400: Loading simulation from /lustre06/project/6077694/dhuruva/plastyfire/refitting_results/fitting/n100/seed19091997/L5TTPC_L5TTPC_STDP/simulations/207423-186224/10Hz_-50ms/prefire_simulation_config.json
 2026-02-27 20:56:21,527: Loading simulation from /lustre06/project/6077694/dhuruva/plastyfire/refitting_results/fitting/n100/seed19091997/L5TTPC_L5TTPC_STDP/simulations/207475-192618/10Hz_-50ms/prefire_simulation_config.json
 2026-02-27 20:59:48,640: cvode was activated outside of Simulation, this might make it impossible to load templates with stochastic channels
 2026-02-27 20:59:55,442: Simulation finished in: 00:04:03
 2026-02-27 20:59:55,484: Data writing finished
/cvmfs/soft.computecanada.ca/easybuild/software/2023/x86-64-v3/MPI/gcc12/openmpi4/hdf5-mpi/1.14.2/lib/python3.11/site-packages/h5py/__init__.py:36: UserWarning: h5py is running against HDF5 1.14.4 when it was built against 1.14.2, this may cause problems
  _warn(("h5py is running against HDF5 {0} when it was built against {1}, "
 2026-02-27 21:00:03,154: cvode was activated outside of Simulation, this might make it impossible to load templates with stochastic channels
 2026-02-27 21:00:09,575: cvode was activated outside of Simulation, this might make it impossible to load templates with stochastic channels
 2026-02-27 21:00:09,998: Simulation finished in: 00:04:07
 2026-02-27 21:00:10,072: Data writing finished
/cvmfs/soft.computecanada.ca/easybuild/software/2023/x86-64-v3/MPI/gcc12/openmpi4/hdf5-mpi/1.14.2/lib/python3.11/site-packages/h5py/__init__.py:36: UserWarning: h5py is running against HDF5 1.14.4 when it was built against 1.14.2, this may cause problems
  _warn(("h5py is running against HDF5 {0} when it was built against {1}, "
 2026-02-27 21:00:11,728: Loading simulation from /lustre06/project/6077694/dhuruva/plastyfire/refitting_results/fitting/n100/seed19091997/L5TTPC_L5TTPC_STDP/simulations/207475-192618/10Hz_-30ms/prefire_simulation_config.json
 2026-02-27 21:00:16,184: Simulation finished in: 00:04:12
 2026-02-27 21:00:16,225: Data writing finished
 2026-02-27 21:00:26,248: Loading simulation from /lustre06/project/6077694/dhuruva/plastyfire/refitting_results/fitting/n100/seed19091997/L5TTPC_L5TTPC_STDP/simulations/207475-192618/10Hz_-10ms/prefire_simulation_config.json
 2026-02-27 21:00:41,838: cvode was activated outside of Simulation, this might make it impossible to load templates with stochastic channels
 2026-02-27 21:00:48,516: Simulation finished in: 00:04:41
 2026-02-27 21:00:48,563: Data writing finished
 2026-02-27 21:04:31,243: cvode was activated outside of Simulation, this might make it impossible to load templates with stochastic channels
 2026-02-27 21:04:37,972: Simulation finished in: 00:04:40
 2026-02-27 21:04:38,046: Data writing finished
 2026-02-27 21:04:46,845: cvode was activated outside of Simulation, this might make it impossible to load templates with stochastic channels
 2026-02-27 21:04:53,488: Simulation finished in: 00:04:41
 2026-02-27 21:04:53,536: Data writing finished
