Processing: /home/dhuruva/projects/ctb-emuller/dhuruva/plastyfire/refitting_results/fitting/n100/seed19091997/L5TTPC_L5TTPC_STDP/simulations/180723-207048/10Hz_50ms
Processing: /home/dhuruva/projects/ctb-emuller/dhuruva/plastyfire/refitting_results/fitting/n100/seed19091997/L5TTPC_L5TTPC_STDP/simulations/180723-207048/10Hz_10ms
Processing: /home/dhuruva/projects/ctb-emuller/dhuruva/plastyfire/refitting_results/fitting/n100/seed19091997/L5TTPC_L5TTPC_STDP/simulations/180723-207048/10Hz_-50ms
Processing: /home/dhuruva/projects/ctb-emuller/dhuruva/plastyfire/refitting_results/fitting/n100/seed19091997/L5TTPC_L5TTPC_STDP/simulations/180723-207048/10Hz_30ms
Presynaptic mapping of length 10 created
Presynaptic mapping of length 10 created
Presynaptic mapping of length 10 created
Completed: 180723-207048/10Hz_10ms
Processing: /home/dhuruva/projects/ctb-emuller/dhuruva/plastyfire/refitting_results/fitting/n100/seed19091997/L5TTPC_L5TTPC_STDP/simulations/180723-207048/10Hz_5ms
Presynaptic mapping of length 10 created
Completed: 180723-207048/10Hz_-50ms
Processing: /home/dhuruva/projects/ctb-emuller/dhuruva/plastyfire/refitting_results/fitting/n100/seed19091997/L5TTPC_L5TTPC_STDP/simulations/180815-206160/10Hz_5ms
Presynaptic mapping of length 10 created
Completed: 180723-207048/10Hz_50ms
Processing: /home/dhuruva/projects/ctb-emuller/dhuruva/plastyfire/refitting_results/fitting/n100/seed19091997/L5TTPC_L5TTPC_STDP/simulations/180815-206160/10Hz_50ms
Presynaptic mapping of length 10 created
Presynaptic mapping of length 10 created
Completed: 180723-207048/10Hz_30ms
Processing: /home/dhuruva/projects/ctb-emuller/dhuruva/plastyfire/refitting_results/fitting/n100/seed19091997/L5TTPC_L5TTPC_STDP/simulations/180815-206160/10Hz_-10ms
Presynaptic mapping of length 14 created
Presynaptic mapping of length 14 created
Presynaptic mapping of length 10 created
Completed: 180723-207048/10Hz_5ms
Processing: /home/dhuruva/projects/ctb-emuller/dhuruva/plastyfire/refitting_results/fitting/n100/seed19091997/L5TTPC_L5TTPC_STDP/simulations/180815-206160/10Hz_-30ms
Presynaptic mapping of length 14 created
Completed: 180815-206160/10Hz_50ms
Processing: /home/dhuruva/projects/ctb-emuller/dhuruva/plastyfire/refitting_results/fitting/n100/seed19091997/L5TTPC_L5TTPC_STDP/simulations/180815-206160/10Hz_30ms
Presynaptic mapping of length 14 created
Completed: 180815-206160/10Hz_5ms
Presynaptic mapping of length 14 created
Presynaptic mapping of length 14 created
Completed: 180815-206160/10Hz_-30ms
Presynaptic mapping of length 14 created
Completed: 180815-206160/10Hz_-10ms
Presynaptic mapping of length 14 created
Completed: 180815-206160/10Hz_30ms
Batch 3 completed
