/cvmfs/soft.computecanada.ca/easybuild/software/2023/x86-64-v3/MPI/gcc12/openmpi4/hdf5-mpi/1.14.2/lib/python3.11/site-packages/h5py/__init__.py:36: UserWarning: h5py is running against HDF5 1.14.4 when it was built against 1.14.2, this may cause problems
  _warn(("h5py is running against HDF5 {0} when it was built against {1}, "
/cvmfs/soft.computecanada.ca/easybuild/software/2023/x86-64-v3/MPI/gcc12/openmpi4/hdf5-mpi/1.14.2/lib/python3.11/site-packages/h5py/__init__.py:36: UserWarning: h5py is running against HDF5 1.14.4 when it was built against 1.14.2, this may cause problems
  _warn(("h5py is running against HDF5 {0} when it was built against {1}, "
/cvmfs/soft.computecanada.ca/easybuild/software/2023/x86-64-v3/MPI/gcc12/openmpi4/hdf5-mpi/1.14.2/lib/python3.11/site-packages/h5py/__init__.py:36: UserWarning: h5py is running against HDF5 1.14.4 when it was built against 1.14.2, this may cause problems
  _warn(("h5py is running against HDF5 {0} when it was built against {1}, "
/cvmfs/soft.computecanada.ca/easybuild/software/2023/x86-64-v3/MPI/gcc12/openmpi4/hdf5-mpi/1.14.2/lib/python3.11/site-packages/h5py/__init__.py:36: UserWarning: h5py is running against HDF5 1.14.4 when it was built against 1.14.2, this may cause problems
  _warn(("h5py is running against HDF5 {0} when it was built against {1}, "
 2026-02-27 20:02:37,591: Loading simulation from /lustre06/project/6077694/dhuruva/plastyfire/refitting_results/fitting/n100/seed19091997/L5TTPC_L5TTPC_STDP/simulations/180236-203656/10Hz_50ms/prefire_simulation_config.json
 2026-02-27 20:02:37,614: Loading simulation from /lustre06/project/6077694/dhuruva/plastyfire/refitting_results/fitting/n100/seed19091997/L5TTPC_L5TTPC_STDP/simulations/180236-203656/10Hz_-10ms/prefire_simulation_config.json
 2026-02-27 20:02:37,916: Loading simulation from /lustre06/project/6077694/dhuruva/plastyfire/refitting_results/fitting/n100/seed19091997/L5TTPC_L5TTPC_STDP/simulations/180236-203656/10Hz_-30ms/prefire_simulation_config.json
 2026-02-27 20:02:38,002: Loading simulation from /lustre06/project/6077694/dhuruva/plastyfire/refitting_results/fitting/n100/seed19091997/L5TTPC_L5TTPC_STDP/simulations/180236-203656/10Hz_5ms/prefire_simulation_config.json
 2026-02-27 20:07:11,815: cvode was activated outside of Simulation, this might make it impossible to load templates with stochastic channels
 2026-02-27 20:07:19,158: Simulation finished in: 00:04:58
 2026-02-27 20:07:19,259: Data writing finished
/cvmfs/soft.computecanada.ca/easybuild/software/2023/x86-64-v3/MPI/gcc12/openmpi4/hdf5-mpi/1.14.2/lib/python3.11/site-packages/h5py/__init__.py:36: UserWarning: h5py is running against HDF5 1.14.4 when it was built against 1.14.2, this may cause problems
  _warn(("h5py is running against HDF5 {0} when it was built against {1}, "
 2026-02-27 20:07:24,542: cvode was activated outside of Simulation, this might make it impossible to load templates with stochastic channels
 2026-02-27 20:07:31,980: Simulation finished in: 00:05:11
 2026-02-27 20:07:32,070: Data writing finished
/cvmfs/soft.computecanada.ca/easybuild/software/2023/x86-64-v3/MPI/gcc12/openmpi4/hdf5-mpi/1.14.2/lib/python3.11/site-packages/h5py/__init__.py:36: UserWarning: h5py is running against HDF5 1.14.4 when it was built against 1.14.2, this may cause problems
  _warn(("h5py is running against HDF5 {0} when it was built against {1}, "
 2026-02-27 20:07:36,544: Loading simulation from /lustre06/project/6077694/dhuruva/plastyfire/refitting_results/fitting/n100/seed19091997/L5TTPC_L5TTPC_STDP/simulations/180329-189548/10Hz_-50ms/prefire_simulation_config.json
 2026-02-27 20:07:40,084: cvode was activated outside of Simulation, this might make it impossible to load templates with stochastic channels
 2026-02-27 20:07:48,366: Simulation finished in: 00:05:27
 2026-02-27 20:07:48,630: Data writing finished
 2026-02-27 20:07:49,029: Loading simulation from /lustre06/project/6077694/dhuruva/plastyfire/refitting_results/fitting/n100/seed19091997/L5TTPC_L5TTPC_STDP/simulations/180329-189548/10Hz_-10ms/prefire_simulation_config.json
/cvmfs/soft.computecanada.ca/easybuild/software/2023/x86-64-v3/MPI/gcc12/openmpi4/hdf5-mpi/1.14.2/lib/python3.11/site-packages/h5py/__init__.py:36: UserWarning: h5py is running against HDF5 1.14.4 when it was built against 1.14.2, this may cause problems
  _warn(("h5py is running against HDF5 {0} when it was built against {1}, "
 2026-02-27 20:08:06,260: Loading simulation from /lustre06/project/6077694/dhuruva/plastyfire/refitting_results/fitting/n100/seed19091997/L5TTPC_L5TTPC_STDP/simulations/180329-189548/10Hz_-30ms/prefire_simulation_config.json
 2026-02-27 20:10:03,074: cvode was activated outside of Simulation, this might make it impossible to load templates with stochastic channels
 2026-02-27 20:10:11,235: Simulation finished in: 00:07:50
 2026-02-27 20:10:11,420: Data writing finished
/cvmfs/soft.computecanada.ca/easybuild/software/2023/x86-64-v3/MPI/gcc12/openmpi4/hdf5-mpi/1.14.2/lib/python3.11/site-packages/h5py/__init__.py:36: UserWarning: h5py is running against HDF5 1.14.4 when it was built against 1.14.2, this may cause problems
  _warn(("h5py is running against HDF5 {0} when it was built against {1}, "
 2026-02-27 20:10:29,605: Loading simulation from /lustre06/project/6077694/dhuruva/plastyfire/refitting_results/fitting/n100/seed19091997/L5TTPC_L5TTPC_STDP/simulations/180329-189548/10Hz_10ms/prefire_simulation_config.json
 2026-02-27 20:12:22,435: cvode was activated outside of Simulation, this might make it impossible to load templates with stochastic channels
 2026-02-27 20:12:28,619: cvode was activated outside of Simulation, this might make it impossible to load templates with stochastic channels
 2026-02-27 20:12:29,589: Simulation finished in: 00:05:08
 2026-02-27 20:12:29,643: Data writing finished
/cvmfs/soft.computecanada.ca/easybuild/software/2023/x86-64-v3/MPI/gcc12/openmpi4/hdf5-mpi/1.14.2/lib/python3.11/site-packages/h5py/__init__.py:36: UserWarning: h5py is running against HDF5 1.14.4 when it was built against 1.14.2, this may cause problems
  _warn(("h5py is running against HDF5 {0} when it was built against {1}, "
 2026-02-27 20:12:35,907: Simulation finished in: 00:05:01
 2026-02-27 20:12:35,945: Data writing finished
/cvmfs/soft.computecanada.ca/easybuild/software/2023/x86-64-v3/MPI/gcc12/openmpi4/hdf5-mpi/1.14.2/lib/python3.11/site-packages/h5py/__init__.py:36: UserWarning: h5py is running against HDF5 1.14.4 when it was built against 1.14.2, this may cause problems
  _warn(("h5py is running against HDF5 {0} when it was built against {1}, "
 2026-02-27 20:12:47,026: Loading simulation from /lustre06/project/6077694/dhuruva/plastyfire/refitting_results/fitting/n100/seed19091997/L5TTPC_L5TTPC_STDP/simulations/180329-189548/10Hz_5ms/prefire_simulation_config.json
 2026-02-27 20:12:49,860: cvode was activated outside of Simulation, this might make it impossible to load templates with stochastic channels
 2026-02-27 20:12:52,992: Loading simulation from /lustre06/project/6077694/dhuruva/plastyfire/refitting_results/fitting/n100/seed19091997/L5TTPC_L5TTPC_STDP/simulations/180329-189548/10Hz_30ms/prefire_simulation_config.json
 2026-02-27 20:12:56,989: Simulation finished in: 00:05:06
 2026-02-27 20:12:57,046: Data writing finished
 2026-02-27 20:15:09,449: cvode was activated outside of Simulation, this might make it impossible to load templates with stochastic channels
 2026-02-27 20:15:16,391: Simulation finished in: 00:05:02
 2026-02-27 20:15:16,430: Data writing finished
 2026-02-27 20:17:09,283: cvode was activated outside of Simulation, this might make it impossible to load templates with stochastic channels
 2026-02-27 20:17:16,323: Simulation finished in: 00:04:44
 2026-02-27 20:17:16,688: Data writing finished
 2026-02-27 20:17:31,390: cvode was activated outside of Simulation, this might make it impossible to load templates with stochastic channels
 2026-02-27 20:17:38,330: Simulation finished in: 00:05:00
 2026-02-27 20:17:38,369: Data writing finished
