/cvmfs/soft.computecanada.ca/easybuild/software/2023/x86-64-v3/MPI/gcc12/openmpi4/hdf5-mpi/1.14.2/lib/python3.11/site-packages/h5py/__init__.py:36: UserWarning: h5py is running against HDF5 1.14.4 when it was built against 1.14.2, this may cause problems
  _warn(("h5py is running against HDF5 {0} when it was built against {1}, "
/cvmfs/soft.computecanada.ca/easybuild/software/2023/x86-64-v3/MPI/gcc12/openmpi4/hdf5-mpi/1.14.2/lib/python3.11/site-packages/h5py/__init__.py:36: UserWarning: h5py is running against HDF5 1.14.4 when it was built against 1.14.2, this may cause problems
  _warn(("h5py is running against HDF5 {0} when it was built against {1}, "
/cvmfs/soft.computecanada.ca/easybuild/software/2023/x86-64-v3/MPI/gcc12/openmpi4/hdf5-mpi/1.14.2/lib/python3.11/site-packages/h5py/__init__.py:36: UserWarning: h5py is running against HDF5 1.14.4 when it was built against 1.14.2, this may cause problems
  _warn(("h5py is running against HDF5 {0} when it was built against {1}, "
/cvmfs/soft.computecanada.ca/easybuild/software/2023/x86-64-v3/MPI/gcc12/openmpi4/hdf5-mpi/1.14.2/lib/python3.11/site-packages/h5py/__init__.py:36: UserWarning: h5py is running against HDF5 1.14.4 when it was built against 1.14.2, this may cause problems
  _warn(("h5py is running against HDF5 {0} when it was built against {1}, "
 2026-02-27 20:05:44,546: Loading simulation from /lustre06/project/6077694/dhuruva/plastyfire/refitting_results/fitting/n100/seed19091997/L5TTPC_L5TTPC_STDP/simulations/183423-197906/10Hz_-30ms/prefire_simulation_config.json
 2026-02-27 20:05:44,687: Loading simulation from /lustre06/project/6077694/dhuruva/plastyfire/refitting_results/fitting/n100/seed19091997/L5TTPC_L5TTPC_STDP/simulations/183423-197906/10Hz_5ms/prefire_simulation_config.json
 2026-02-27 20:05:44,813: Loading simulation from /lustre06/project/6077694/dhuruva/plastyfire/refitting_results/fitting/n100/seed19091997/L5TTPC_L5TTPC_STDP/simulations/182967-198780/10Hz_-50ms/prefire_simulation_config.json
 2026-02-27 20:05:44,898: Loading simulation from /lustre06/project/6077694/dhuruva/plastyfire/refitting_results/fitting/n100/seed19091997/L5TTPC_L5TTPC_STDP/simulations/182967-198780/10Hz_50ms/prefire_simulation_config.json
 2026-02-27 20:09:54,304: cvode was activated outside of Simulation, this might make it impossible to load templates with stochastic channels
 2026-02-27 20:09:58,798: cvode was activated outside of Simulation, this might make it impossible to load templates with stochastic channels
 2026-02-27 20:10:01,331: Simulation finished in: 00:04:31
 2026-02-27 20:10:01,437: Data writing finished
/cvmfs/soft.computecanada.ca/easybuild/software/2023/x86-64-v3/MPI/gcc12/openmpi4/hdf5-mpi/1.14.2/lib/python3.11/site-packages/h5py/__init__.py:36: UserWarning: h5py is running against HDF5 1.14.4 when it was built against 1.14.2, this may cause problems
  _warn(("h5py is running against HDF5 {0} when it was built against {1}, "
 2026-02-27 20:10:05,651: Simulation finished in: 00:04:35
 2026-02-27 20:10:05,878: Data writing finished
 2026-02-27 20:10:06,574: cvode was activated outside of Simulation, this might make it impossible to load templates with stochastic channels
/cvmfs/soft.computecanada.ca/easybuild/software/2023/x86-64-v3/MPI/gcc12/openmpi4/hdf5-mpi/1.14.2/lib/python3.11/site-packages/h5py/__init__.py:36: UserWarning: h5py is running against HDF5 1.14.4 when it was built against 1.14.2, this may cause problems
  _warn(("h5py is running against HDF5 {0} when it was built against {1}, "
 2026-02-27 20:10:13,235: Simulation finished in: 00:04:43
 2026-02-27 20:10:13,332: Data writing finished
/cvmfs/soft.computecanada.ca/easybuild/software/2023/x86-64-v3/MPI/gcc12/openmpi4/hdf5-mpi/1.14.2/lib/python3.11/site-packages/h5py/__init__.py:36: UserWarning: h5py is running against HDF5 1.14.4 when it was built against 1.14.2, this may cause problems
  _warn(("h5py is running against HDF5 {0} when it was built against {1}, "
 2026-02-27 20:10:16,758: Loading simulation from /lustre06/project/6077694/dhuruva/plastyfire/refitting_results/fitting/n100/seed19091997/L5TTPC_L5TTPC_STDP/simulations/183423-197906/10Hz_50ms/prefire_simulation_config.json
 2026-02-27 20:10:19,001: cvode was activated outside of Simulation, this might make it impossible to load templates with stochastic channels
 2026-02-27 20:10:21,195: Loading simulation from /lustre06/project/6077694/dhuruva/plastyfire/refitting_results/fitting/n100/seed19091997/L5TTPC_L5TTPC_STDP/simulations/183423-197906/10Hz_-10ms/prefire_simulation_config.json
 2026-02-27 20:10:25,875: Simulation finished in: 00:04:56
 2026-02-27 20:10:25,953: Data writing finished
/cvmfs/soft.computecanada.ca/easybuild/software/2023/x86-64-v3/MPI/gcc12/openmpi4/hdf5-mpi/1.14.2/lib/python3.11/site-packages/h5py/__init__.py:36: UserWarning: h5py is running against HDF5 1.14.4 when it was built against 1.14.2, this may cause problems
  _warn(("h5py is running against HDF5 {0} when it was built against {1}, "
 2026-02-27 20:10:29,243: Loading simulation from /lustre06/project/6077694/dhuruva/plastyfire/refitting_results/fitting/n100/seed19091997/L5TTPC_L5TTPC_STDP/simulations/183423-197906/10Hz_10ms/prefire_simulation_config.json
 2026-02-27 20:10:43,632: Loading simulation from /lustre06/project/6077694/dhuruva/plastyfire/refitting_results/fitting/n100/seed19091997/L5TTPC_L5TTPC_STDP/simulations/183423-197906/10Hz_-50ms/prefire_simulation_config.json
 2026-02-27 20:14:43,892: cvode was activated outside of Simulation, this might make it impossible to load templates with stochastic channels
 2026-02-27 20:14:48,480: cvode was activated outside of Simulation, this might make it impossible to load templates with stochastic channels
 2026-02-27 20:14:50,722: Simulation finished in: 00:04:42
 2026-02-27 20:14:50,786: Data writing finished
/cvmfs/soft.computecanada.ca/easybuild/software/2023/x86-64-v3/MPI/gcc12/openmpi4/hdf5-mpi/1.14.2/lib/python3.11/site-packages/h5py/__init__.py:36: UserWarning: h5py is running against HDF5 1.14.4 when it was built against 1.14.2, this may cause problems
  _warn(("h5py is running against HDF5 {0} when it was built against {1}, "
 2026-02-27 20:14:53,509: cvode was activated outside of Simulation, this might make it impossible to load templates with stochastic channels
 2026-02-27 20:14:55,291: Simulation finished in: 00:04:51
 2026-02-27 20:14:55,378: Data writing finished
/cvmfs/soft.computecanada.ca/easybuild/software/2023/x86-64-v3/MPI/gcc12/openmpi4/hdf5-mpi/1.14.2/lib/python3.11/site-packages/h5py/__init__.py:36: UserWarning: h5py is running against HDF5 1.14.4 when it was built against 1.14.2, this may cause problems
  _warn(("h5py is running against HDF5 {0} when it was built against {1}, "
 2026-02-27 20:15:02,168: Simulation finished in: 00:04:46
 2026-02-27 20:15:02,243: Data writing finished
 2026-02-27 20:15:06,739: Loading simulation from /lustre06/project/6077694/dhuruva/plastyfire/refitting_results/fitting/n100/seed19091997/L5TTPC_L5TTPC_STDP/simulations/183423-197906/10Hz_30ms/prefire_simulation_config.json
 2026-02-27 20:15:13,423: Loading simulation from /lustre06/project/6077694/dhuruva/plastyfire/refitting_results/fitting/n100/seed19091997/L5TTPC_L5TTPC_STDP/simulations/183796-186882/10Hz_10ms/prefire_simulation_config.json
 2026-02-27 20:15:20,159: cvode was activated outside of Simulation, this might make it impossible to load templates with stochastic channels
 2026-02-27 20:15:27,138: Simulation finished in: 00:04:59
 2026-02-27 20:15:27,214: Data writing finished
 2026-02-27 20:19:30,325: cvode was activated outside of Simulation, this might make it impossible to load templates with stochastic channels
 2026-02-27 20:19:37,213: Simulation finished in: 00:04:43
 2026-02-27 20:19:37,279: Data writing finished
 2026-02-27 20:20:12,702: cvode was activated outside of Simulation, this might make it impossible to load templates with stochastic channels
 2026-02-27 20:20:19,562: Simulation finished in: 00:05:20
 2026-02-27 20:20:19,657: Data writing finished
