/cvmfs/soft.computecanada.ca/easybuild/software/2023/x86-64-v3/MPI/gcc12/openmpi4/hdf5-mpi/1.14.2/lib/python3.11/site-packages/h5py/__init__.py:36: UserWarning: h5py is running against HDF5 1.14.4 when it was built against 1.14.2, this may cause problems
  _warn(("h5py is running against HDF5 {0} when it was built against {1}, "
/cvmfs/soft.computecanada.ca/easybuild/software/2023/x86-64-v3/MPI/gcc12/openmpi4/hdf5-mpi/1.14.2/lib/python3.11/site-packages/h5py/__init__.py:36: UserWarning: h5py is running against HDF5 1.14.4 when it was built against 1.14.2, this may cause problems
  _warn(("h5py is running against HDF5 {0} when it was built against {1}, "
/cvmfs/soft.computecanada.ca/easybuild/software/2023/x86-64-v3/MPI/gcc12/openmpi4/hdf5-mpi/1.14.2/lib/python3.11/site-packages/h5py/__init__.py:36: UserWarning: h5py is running against HDF5 1.14.4 when it was built against 1.14.2, this may cause problems
  _warn(("h5py is running against HDF5 {0} when it was built against {1}, "
/cvmfs/soft.computecanada.ca/easybuild/software/2023/x86-64-v3/MPI/gcc12/openmpi4/hdf5-mpi/1.14.2/lib/python3.11/site-packages/h5py/__init__.py:36: UserWarning: h5py is running against HDF5 1.14.4 when it was built against 1.14.2, this may cause problems
  _warn(("h5py is running against HDF5 {0} when it was built against {1}, "
 2026-02-27 20:52:05,948: Loading simulation from /lustre06/project/6077694/dhuruva/plastyfire/refitting_results/fitting/n100/seed19091997/L5TTPC_L5TTPC_STDP/simulations/205643-189193/10Hz_-10ms/prefire_simulation_config.json
 2026-02-27 20:52:06,371: Loading simulation from /lustre06/project/6077694/dhuruva/plastyfire/refitting_results/fitting/n100/seed19091997/L5TTPC_L5TTPC_STDP/simulations/205643-189193/10Hz_30ms/prefire_simulation_config.json
 2026-02-27 20:52:06,715: Loading simulation from /lustre06/project/6077694/dhuruva/plastyfire/refitting_results/fitting/n100/seed19091997/L5TTPC_L5TTPC_STDP/simulations/205643-189193/10Hz_-50ms/prefire_simulation_config.json
 2026-02-27 20:52:06,898: Loading simulation from /lustre06/project/6077694/dhuruva/plastyfire/refitting_results/fitting/n100/seed19091997/L5TTPC_L5TTPC_STDP/simulations/205643-189193/10Hz_5ms/prefire_simulation_config.json
 2026-02-27 20:57:27,683: cvode was activated outside of Simulation, this might make it impossible to load templates with stochastic channels
 2026-02-27 20:57:31,375: cvode was activated outside of Simulation, this might make it impossible to load templates with stochastic channels
 2026-02-27 20:57:34,936: Simulation finished in: 00:05:44
 2026-02-27 20:57:35,113: Data writing finished
/cvmfs/soft.computecanada.ca/easybuild/software/2023/x86-64-v3/MPI/gcc12/openmpi4/hdf5-mpi/1.14.2/lib/python3.11/site-packages/h5py/__init__.py:36: UserWarning: h5py is running against HDF5 1.14.4 when it was built against 1.14.2, this may cause problems
  _warn(("h5py is running against HDF5 {0} when it was built against {1}, "
 2026-02-27 20:57:37,518: cvode was activated outside of Simulation, this might make it impossible to load templates with stochastic channels
 2026-02-27 20:57:38,932: Simulation finished in: 00:05:48
 2026-02-27 20:57:39,216: Data writing finished
/cvmfs/soft.computecanada.ca/easybuild/software/2023/x86-64-v3/MPI/gcc12/openmpi4/hdf5-mpi/1.14.2/lib/python3.11/site-packages/h5py/__init__.py:36: UserWarning: h5py is running against HDF5 1.14.4 when it was built against 1.14.2, this may cause problems
  _warn(("h5py is running against HDF5 {0} when it was built against {1}, "
 2026-02-27 20:57:44,839: Simulation finished in: 00:05:54
 2026-02-27 20:57:44,978: Data writing finished
/cvmfs/soft.computecanada.ca/easybuild/software/2023/x86-64-v3/MPI/gcc12/openmpi4/hdf5-mpi/1.14.2/lib/python3.11/site-packages/h5py/__init__.py:36: UserWarning: h5py is running against HDF5 1.14.4 when it was built against 1.14.2, this may cause problems
  _warn(("h5py is running against HDF5 {0} when it was built against {1}, "
 2026-02-27 20:57:50,120: cvode was activated outside of Simulation, this might make it impossible to load templates with stochastic channels
 2026-02-27 20:57:52,345: Loading simulation from /lustre06/project/6077694/dhuruva/plastyfire/refitting_results/fitting/n100/seed19091997/L5TTPC_L5TTPC_STDP/simulations/205643-189193/10Hz_10ms/prefire_simulation_config.json
 2026-02-27 20:57:56,611: Loading simulation from /lustre06/project/6077694/dhuruva/plastyfire/refitting_results/fitting/n100/seed19091997/L5TTPC_L5TTPC_STDP/simulations/205643-189193/10Hz_50ms/prefire_simulation_config.json
 2026-02-27 20:57:57,746: Simulation finished in: 00:06:06
 2026-02-27 20:57:58,010: Data writing finished
/cvmfs/soft.computecanada.ca/easybuild/software/2023/x86-64-v3/MPI/gcc12/openmpi4/hdf5-mpi/1.14.2/lib/python3.11/site-packages/h5py/__init__.py:36: UserWarning: h5py is running against HDF5 1.14.4 when it was built against 1.14.2, this may cause problems
  _warn(("h5py is running against HDF5 {0} when it was built against {1}, "
 2026-02-27 20:58:03,431: Loading simulation from /lustre06/project/6077694/dhuruva/plastyfire/refitting_results/fitting/n100/seed19091997/L5TTPC_L5TTPC_STDP/simulations/206314-189443/10Hz_10ms/prefire_simulation_config.json
 2026-02-27 20:58:16,730: Loading simulation from /lustre06/project/6077694/dhuruva/plastyfire/refitting_results/fitting/n100/seed19091997/L5TTPC_L5TTPC_STDP/simulations/206314-189443/10Hz_30ms/prefire_simulation_config.json
 2026-02-27 21:02:54,130: cvode was activated outside of Simulation, this might make it impossible to load templates with stochastic channels
 2026-02-27 21:03:01,355: Simulation finished in: 00:05:23
 2026-02-27 21:03:01,542: Data writing finished
/cvmfs/soft.computecanada.ca/easybuild/software/2023/x86-64-v3/MPI/gcc12/openmpi4/hdf5-mpi/1.14.2/lib/python3.11/site-packages/h5py/__init__.py:36: UserWarning: h5py is running against HDF5 1.14.4 when it was built against 1.14.2, this may cause problems
  _warn(("h5py is running against HDF5 {0} when it was built against {1}, "
 2026-02-27 21:03:17,743: Loading simulation from /lustre06/project/6077694/dhuruva/plastyfire/refitting_results/fitting/n100/seed19091997/L5TTPC_L5TTPC_STDP/simulations/206314-189443/10Hz_-50ms/prefire_simulation_config.json
 2026-02-27 21:03:26,036: cvode was activated outside of Simulation, this might make it impossible to load templates with stochastic channels
 2026-02-27 21:03:33,663: Simulation finished in: 00:05:52
 2026-02-27 21:03:33,793: Data writing finished
/cvmfs/soft.computecanada.ca/easybuild/software/2023/x86-64-v3/MPI/gcc12/openmpi4/hdf5-mpi/1.14.2/lib/python3.11/site-packages/h5py/__init__.py:36: UserWarning: h5py is running against HDF5 1.14.4 when it was built against 1.14.2, this may cause problems
  _warn(("h5py is running against HDF5 {0} when it was built against {1}, "
 2026-02-27 21:03:36,809: cvode was activated outside of Simulation, this might make it impossible to load templates with stochastic channels
 2026-02-27 21:03:38,516: cvode was activated outside of Simulation, this might make it impossible to load templates with stochastic channels
 2026-02-27 21:03:43,925: Simulation finished in: 00:05:43
 2026-02-27 21:03:44,063: Data writing finished
 2026-02-27 21:03:46,269: Simulation finished in: 00:05:58
 2026-02-27 21:03:46,603: Data writing finished
 2026-02-27 21:03:51,613: Loading simulation from /lustre06/project/6077694/dhuruva/plastyfire/refitting_results/fitting/n100/seed19091997/L5TTPC_L5TTPC_STDP/simulations/206314-189443/10Hz_-10ms/prefire_simulation_config.json
 2026-02-27 21:08:31,494: cvode was activated outside of Simulation, this might make it impossible to load templates with stochastic channels
 2026-02-27 21:08:38,785: Simulation finished in: 00:05:34
 2026-02-27 21:08:38,963: Data writing finished
 2026-02-27 21:09:15,026: cvode was activated outside of Simulation, this might make it impossible to load templates with stochastic channels
 2026-02-27 21:09:22,481: Simulation finished in: 00:05:45
 2026-02-27 21:09:22,607: Data writing finished
