Processing: /home/dhuruva/projects/ctb-emuller/dhuruva/plastyfire/refitting_results/fitting/n100/seed19091997/L5TTPC_L5TTPC_STDP/simulations/188013-194919/10Hz_-50ms
Processing: /home/dhuruva/projects/ctb-emuller/dhuruva/plastyfire/refitting_results/fitting/n100/seed19091997/L5TTPC_L5TTPC_STDP/simulations/189027-190257/10Hz_-30ms
Processing: /home/dhuruva/projects/ctb-emuller/dhuruva/plastyfire/refitting_results/fitting/n100/seed19091997/L5TTPC_L5TTPC_STDP/simulations/189027-190257/10Hz_-10ms
Processing: /home/dhuruva/projects/ctb-emuller/dhuruva/plastyfire/refitting_results/fitting/n100/seed19091997/L5TTPC_L5TTPC_STDP/simulations/189027-190257/10Hz_50ms
Presynaptic mapping of length 10 created
Completed: 189027-190257/10Hz_-10ms
Processing: /home/dhuruva/projects/ctb-emuller/dhuruva/plastyfire/refitting_results/fitting/n100/seed19091997/L5TTPC_L5TTPC_STDP/simulations/189027-190257/10Hz_5ms
Presynaptic mapping of length 10 created
Completed: 189027-190257/10Hz_-30ms
Processing: /home/dhuruva/projects/ctb-emuller/dhuruva/plastyfire/refitting_results/fitting/n100/seed19091997/L5TTPC_L5TTPC_STDP/simulations/189027-190257/10Hz_30ms
Presynaptic mapping of length 10 created
Completed: 189027-190257/10Hz_50ms
Processing: /home/dhuruva/projects/ctb-emuller/dhuruva/plastyfire/refitting_results/fitting/n100/seed19091997/L5TTPC_L5TTPC_STDP/simulations/189027-190257/10Hz_10ms
Presynaptic mapping of length 10 created
Presynaptic mapping of length 14 created
Completed: 188013-194919/10Hz_-50ms
Processing: /home/dhuruva/projects/ctb-emuller/dhuruva/plastyfire/refitting_results/fitting/n100/seed19091997/L5TTPC_L5TTPC_STDP/simulations/189027-190257/10Hz_-50ms
Presynaptic mapping of length 10 created
Presynaptic mapping of length 10 created
Presynaptic mapping of length 10 created
Completed: 189027-190257/10Hz_5ms
Processing: /home/dhuruva/projects/ctb-emuller/dhuruva/plastyfire/refitting_results/fitting/n100/seed19091997/L5TTPC_L5TTPC_STDP/simulations/189143-193722/10Hz_-10ms
Presynaptic mapping of length 10 created
Completed: 189027-190257/10Hz_10ms
Processing: /home/dhuruva/projects/ctb-emuller/dhuruva/plastyfire/refitting_results/fitting/n100/seed19091997/L5TTPC_L5TTPC_STDP/simulations/189143-193722/10Hz_30ms
Presynaptic mapping of length 10 created
Completed: 189027-190257/10Hz_30ms
Presynaptic mapping of length 7 created
Presynaptic mapping of length 7 created
Presynaptic mapping of length 10 created
Completed: 189027-190257/10Hz_-50ms
Presynaptic mapping of length 7 created
Completed: 189143-193722/10Hz_-10ms
Presynaptic mapping of length 7 created
Completed: 189143-193722/10Hz_30ms
Batch 23 completed
