/cvmfs/soft.computecanada.ca/easybuild/software/2023/x86-64-v3/MPI/gcc12/openmpi4/hdf5-mpi/1.14.2/lib/python3.11/site-packages/h5py/__init__.py:36: UserWarning: h5py is running against HDF5 1.14.4 when it was built against 1.14.2, this may cause problems
  _warn(("h5py is running against HDF5 {0} when it was built against {1}, "
/cvmfs/soft.computecanada.ca/easybuild/software/2023/x86-64-v3/MPI/gcc12/openmpi4/hdf5-mpi/1.14.2/lib/python3.11/site-packages/h5py/__init__.py:36: UserWarning: h5py is running against HDF5 1.14.4 when it was built against 1.14.2, this may cause problems
  _warn(("h5py is running against HDF5 {0} when it was built against {1}, "
/cvmfs/soft.computecanada.ca/easybuild/software/2023/x86-64-v3/MPI/gcc12/openmpi4/hdf5-mpi/1.14.2/lib/python3.11/site-packages/h5py/__init__.py:36: UserWarning: h5py is running against HDF5 1.14.4 when it was built against 1.14.2, this may cause problems
  _warn(("h5py is running against HDF5 {0} when it was built against {1}, "
/cvmfs/soft.computecanada.ca/easybuild/software/2023/x86-64-v3/MPI/gcc12/openmpi4/hdf5-mpi/1.14.2/lib/python3.11/site-packages/h5py/__init__.py:36: UserWarning: h5py is running against HDF5 1.14.4 when it was built against 1.14.2, this may cause problems
  _warn(("h5py is running against HDF5 {0} when it was built against {1}, "
 2026-02-27 20:05:47,642: Loading simulation from /lustre06/project/6077694/dhuruva/plastyfire/refitting_results/fitting/n100/seed19091997/L5TTPC_L5TTPC_STDP/simulations/185785-189513/10Hz_50ms/prefire_simulation_config.json
 2026-02-27 20:05:47,726: Loading simulation from /lustre06/project/6077694/dhuruva/plastyfire/refitting_results/fitting/n100/seed19091997/L5TTPC_L5TTPC_STDP/simulations/185785-189513/10Hz_-50ms/prefire_simulation_config.json
 2026-02-27 20:05:47,726: Loading simulation from /lustre06/project/6077694/dhuruva/plastyfire/refitting_results/fitting/n100/seed19091997/L5TTPC_L5TTPC_STDP/simulations/185785-189513/10Hz_-10ms/prefire_simulation_config.json
 2026-02-27 20:05:49,752: Loading simulation from /lustre06/project/6077694/dhuruva/plastyfire/refitting_results/fitting/n100/seed19091997/L5TTPC_L5TTPC_STDP/simulations/185337-193957/10Hz_-10ms/prefire_simulation_config.json
 2026-02-27 20:10:11,996: cvode was activated outside of Simulation, this might make it impossible to load templates with stochastic channels
 2026-02-27 20:10:15,186: cvode was activated outside of Simulation, this might make it impossible to load templates with stochastic channels
 2026-02-27 20:10:19,015: Simulation finished in: 00:04:44
 2026-02-27 20:10:19,070: Data writing finished
/cvmfs/soft.computecanada.ca/easybuild/software/2023/x86-64-v3/MPI/gcc12/openmpi4/hdf5-mpi/1.14.2/lib/python3.11/site-packages/h5py/__init__.py:36: UserWarning: h5py is running against HDF5 1.14.4 when it was built against 1.14.2, this may cause problems
  _warn(("h5py is running against HDF5 {0} when it was built against {1}, "
 2026-02-27 20:10:22,152: Simulation finished in: 00:04:47
 2026-02-27 20:10:22,243: Data writing finished
/cvmfs/soft.computecanada.ca/easybuild/software/2023/x86-64-v3/MPI/gcc12/openmpi4/hdf5-mpi/1.14.2/lib/python3.11/site-packages/h5py/__init__.py:36: UserWarning: h5py is running against HDF5 1.14.4 when it was built against 1.14.2, this may cause problems
  _warn(("h5py is running against HDF5 {0} when it was built against {1}, "
 2026-02-27 20:10:23,407: cvode was activated outside of Simulation, this might make it impossible to load templates with stochastic channels
 2026-02-27 20:10:28,560: cvode was activated outside of Simulation, this might make it impossible to load templates with stochastic channels
 2026-02-27 20:10:30,188: Simulation finished in: 00:04:56
 2026-02-27 20:10:30,256: Data writing finished
/cvmfs/soft.computecanada.ca/easybuild/software/2023/x86-64-v3/MPI/gcc12/openmpi4/hdf5-mpi/1.14.2/lib/python3.11/site-packages/h5py/__init__.py:36: UserWarning: h5py is running against HDF5 1.14.4 when it was built against 1.14.2, this may cause problems
  _warn(("h5py is running against HDF5 {0} when it was built against {1}, "
 2026-02-27 20:10:34,418: Loading simulation from /lustre06/project/6077694/dhuruva/plastyfire/refitting_results/fitting/n100/seed19091997/L5TTPC_L5TTPC_STDP/simulations/185785-189513/10Hz_10ms/prefire_simulation_config.json
 2026-02-27 20:10:35,493: Simulation finished in: 00:05:01
 2026-02-27 20:10:35,550: Data writing finished
/cvmfs/soft.computecanada.ca/easybuild/software/2023/x86-64-v3/MPI/gcc12/openmpi4/hdf5-mpi/1.14.2/lib/python3.11/site-packages/h5py/__init__.py:36: UserWarning: h5py is running against HDF5 1.14.4 when it was built against 1.14.2, this may cause problems
  _warn(("h5py is running against HDF5 {0} when it was built against {1}, "
 2026-02-27 20:10:37,390: Loading simulation from /lustre06/project/6077694/dhuruva/plastyfire/refitting_results/fitting/n100/seed19091997/L5TTPC_L5TTPC_STDP/simulations/185785-189513/10Hz_30ms/prefire_simulation_config.json
 2026-02-27 20:10:45,349: Loading simulation from /lustre06/project/6077694/dhuruva/plastyfire/refitting_results/fitting/n100/seed19091997/L5TTPC_L5TTPC_STDP/simulations/185785-189513/10Hz_-30ms/prefire_simulation_config.json
 2026-02-27 20:10:50,548: Loading simulation from /lustre06/project/6077694/dhuruva/plastyfire/refitting_results/fitting/n100/seed19091997/L5TTPC_L5TTPC_STDP/simulations/185785-189513/10Hz_5ms/prefire_simulation_config.json
 2026-02-27 20:15:02,924: cvode was activated outside of Simulation, this might make it impossible to load templates with stochastic channels
 2026-02-27 20:15:08,929: cvode was activated outside of Simulation, this might make it impossible to load templates with stochastic channels
 2026-02-27 20:15:09,854: Simulation finished in: 00:04:48
 2026-02-27 20:15:10,026: Data writing finished
/cvmfs/soft.computecanada.ca/easybuild/software/2023/x86-64-v3/MPI/gcc12/openmpi4/hdf5-mpi/1.14.2/lib/python3.11/site-packages/h5py/__init__.py:36: UserWarning: h5py is running against HDF5 1.14.4 when it was built against 1.14.2, this may cause problems
  _warn(("h5py is running against HDF5 {0} when it was built against {1}, "
 2026-02-27 20:15:12,244: cvode was activated outside of Simulation, this might make it impossible to load templates with stochastic channels
 2026-02-27 20:15:14,949: cvode was activated outside of Simulation, this might make it impossible to load templates with stochastic channels
 2026-02-27 20:15:15,755: Simulation finished in: 00:04:51
 2026-02-27 20:15:15,837: Data writing finished
/cvmfs/soft.computecanada.ca/easybuild/software/2023/x86-64-v3/MPI/gcc12/openmpi4/hdf5-mpi/1.14.2/lib/python3.11/site-packages/h5py/__init__.py:36: UserWarning: h5py is running against HDF5 1.14.4 when it was built against 1.14.2, this may cause problems
  _warn(("h5py is running against HDF5 {0} when it was built against {1}, "
 2026-02-27 20:15:19,050: Simulation finished in: 00:04:41
 2026-02-27 20:15:20,620: Data writing finished
 2026-02-27 20:15:21,856: Simulation finished in: 00:04:49
 2026-02-27 20:15:21,910: Data writing finished
 2026-02-27 20:15:32,347: Loading simulation from /lustre06/project/6077694/dhuruva/plastyfire/refitting_results/fitting/n100/seed19091997/L5TTPC_L5TTPC_STDP/simulations/185875-206473/10Hz_30ms/prefire_simulation_config.json
 2026-02-27 20:15:32,976: Loading simulation from /lustre06/project/6077694/dhuruva/plastyfire/refitting_results/fitting/n100/seed19091997/L5TTPC_L5TTPC_STDP/simulations/185875-206473/10Hz_10ms/prefire_simulation_config.json
 2026-02-27 20:21:29,521: cvode was activated outside of Simulation, this might make it impossible to load templates with stochastic channels
 2026-02-27 20:21:37,148: Simulation finished in: 00:06:19
 2026-02-27 20:21:37,507: Data writing finished
 2026-02-27 20:21:47,564: cvode was activated outside of Simulation, this might make it impossible to load templates with stochastic channels
 2026-02-27 20:21:55,327: Simulation finished in: 00:06:39
 2026-02-27 20:21:55,705: Data writing finished
