Processing: /home/dhuruva/projects/ctb-emuller/dhuruva/plastyfire/refitting_results/fitting/n100/seed19091997/L5TTPC_L5TTPC_STDP/simulations/201281-199420/10Hz_-10ms
Processing: /home/dhuruva/projects/ctb-emuller/dhuruva/plastyfire/refitting_results/fitting/n100/seed19091997/L5TTPC_L5TTPC_STDP/simulations/201281-199420/10Hz_30ms
Processing: /home/dhuruva/projects/ctb-emuller/dhuruva/plastyfire/refitting_results/fitting/n100/seed19091997/L5TTPC_L5TTPC_STDP/simulations/201281-199420/10Hz_-30ms
Processing: /home/dhuruva/projects/ctb-emuller/dhuruva/plastyfire/refitting_results/fitting/n100/seed19091997/L5TTPC_L5TTPC_STDP/simulations/201281-199420/10Hz_10ms
Presynaptic mapping of length 10 created
Presynaptic mapping of length 10 created
Presynaptic mapping of length 10 created
Presynaptic mapping of length 10 created
Completed: 201281-199420/10Hz_10ms
Processing: /home/dhuruva/projects/ctb-emuller/dhuruva/plastyfire/refitting_results/fitting/n100/seed19091997/L5TTPC_L5TTPC_STDP/simulations/201521-209101/10Hz_-50ms
Presynaptic mapping of length 10 created
Completed: 201281-199420/10Hz_-30ms
Processing: /home/dhuruva/projects/ctb-emuller/dhuruva/plastyfire/refitting_results/fitting/n100/seed19091997/L5TTPC_L5TTPC_STDP/simulations/201521-209101/10Hz_10ms
Presynaptic mapping of length 5 created
Presynaptic mapping of length 10 created
Completed: 201281-199420/10Hz_30ms
Processing: /home/dhuruva/projects/ctb-emuller/dhuruva/plastyfire/refitting_results/fitting/n100/seed19091997/L5TTPC_L5TTPC_STDP/simulations/201521-209101/10Hz_30ms
Presynaptic mapping of length 10 created
Completed: 201281-199420/10Hz_-10ms
Processing: /home/dhuruva/projects/ctb-emuller/dhuruva/plastyfire/refitting_results/fitting/n100/seed19091997/L5TTPC_L5TTPC_STDP/simulations/201521-209101/10Hz_-30ms
Presynaptic mapping of length 5 created
Completed: 201521-209101/10Hz_10ms
Processing: /home/dhuruva/projects/ctb-emuller/dhuruva/plastyfire/refitting_results/fitting/n100/seed19091997/L5TTPC_L5TTPC_STDP/simulations/201521-209101/10Hz_50ms
Presynaptic mapping of length 5 created
Completed: 201521-209101/10Hz_-50ms
Processing: /home/dhuruva/projects/ctb-emuller/dhuruva/plastyfire/refitting_results/fitting/n100/seed19091997/L5TTPC_L5TTPC_STDP/simulations/201521-209101/10Hz_-10ms
Presynaptic mapping of length 5 created
Completed: 201521-209101/10Hz_-30ms
Presynaptic mapping of length 5 created
Presynaptic mapping of length 5 created
Completed: 201521-209101/10Hz_30ms
Presynaptic mapping of length 5 created
Completed: 201521-209101/10Hz_50ms
Presynaptic mapping of length 5 created
Completed: 201521-209101/10Hz_-10ms
Batch 50 completed
