Processing: /home/dhuruva/projects/ctb-emuller/dhuruva/plastyfire/refitting_results/fitting/n100/seed19091997/L5TTPC_L5TTPC_STDP/simulations/187212-192870/10Hz_30ms
Processing: /home/dhuruva/projects/ctb-emuller/dhuruva/plastyfire/refitting_results/fitting/n100/seed19091997/L5TTPC_L5TTPC_STDP/simulations/187212-192870/10Hz_-10ms
Processing: /home/dhuruva/projects/ctb-emuller/dhuruva/plastyfire/refitting_results/fitting/n100/seed19091997/L5TTPC_L5TTPC_STDP/simulations/187212-192870/10Hz_-30ms
Processing: /home/dhuruva/projects/ctb-emuller/dhuruva/plastyfire/refitting_results/fitting/n100/seed19091997/L5TTPC_L5TTPC_STDP/simulations/187212-192870/10Hz_10ms
Presynaptic mapping of length 4 created
Presynaptic mapping of length 4 created
Presynaptic mapping of length 4 created
Presynaptic mapping of length 4 created
Completed: 187212-192870/10Hz_30ms
Processing: /home/dhuruva/projects/ctb-emuller/dhuruva/plastyfire/refitting_results/fitting/n100/seed19091997/L5TTPC_L5TTPC_STDP/simulations/187212-192870/10Hz_50ms
Presynaptic mapping of length 4 created
Completed: 187212-192870/10Hz_-10ms
Processing: /home/dhuruva/projects/ctb-emuller/dhuruva/plastyfire/refitting_results/fitting/n100/seed19091997/L5TTPC_L5TTPC_STDP/simulations/187212-192870/10Hz_-50ms
Presynaptic mapping of length 4 created
Completed: 187212-192870/10Hz_10ms
Processing: /home/dhuruva/projects/ctb-emuller/dhuruva/plastyfire/refitting_results/fitting/n100/seed19091997/L5TTPC_L5TTPC_STDP/simulations/187212-192870/10Hz_5ms
Presynaptic mapping of length 4 created
Completed: 187212-192870/10Hz_-30ms
Processing: /home/dhuruva/projects/ctb-emuller/dhuruva/plastyfire/refitting_results/fitting/n100/seed19091997/L5TTPC_L5TTPC_STDP/simulations/187417-207485/10Hz_5ms
Presynaptic mapping of length 9 created
Completed: 187417-207485/10Hz_5ms
Processing: /home/dhuruva/projects/ctb-emuller/dhuruva/plastyfire/refitting_results/fitting/n100/seed19091997/L5TTPC_L5TTPC_STDP/simulations/187417-207485/10Hz_-10ms
Presynaptic mapping of length 4 created
Completed: 187212-192870/10Hz_50ms
Processing: /home/dhuruva/projects/ctb-emuller/dhuruva/plastyfire/refitting_results/fitting/n100/seed19091997/L5TTPC_L5TTPC_STDP/simulations/187417-207485/10Hz_-30ms
Presynaptic mapping of length 9 created
Presynaptic mapping of length 4 created
Completed: 187212-192870/10Hz_5ms
Presynaptic mapping of length 4 created
Completed: 187212-192870/10Hz_-50ms
Presynaptic mapping of length 9 created
Completed: 187417-207485/10Hz_-10ms
Presynaptic mapping of length 9 created
Completed: 187417-207485/10Hz_-30ms
Batch 21 completed
