/cvmfs/soft.computecanada.ca/easybuild/software/2023/x86-64-v3/MPI/gcc12/openmpi4/hdf5-mpi/1.14.2/lib/python3.11/site-packages/h5py/__init__.py:36: UserWarning: h5py is running against HDF5 1.14.4 when it was built against 1.14.2, this may cause problems
  _warn(("h5py is running against HDF5 {0} when it was built against {1}, "
/cvmfs/soft.computecanada.ca/easybuild/software/2023/x86-64-v3/MPI/gcc12/openmpi4/hdf5-mpi/1.14.2/lib/python3.11/site-packages/h5py/__init__.py:36: UserWarning: h5py is running against HDF5 1.14.4 when it was built against 1.14.2, this may cause problems
  _warn(("h5py is running against HDF5 {0} when it was built against {1}, "
/cvmfs/soft.computecanada.ca/easybuild/software/2023/x86-64-v3/MPI/gcc12/openmpi4/hdf5-mpi/1.14.2/lib/python3.11/site-packages/h5py/__init__.py:36: UserWarning: h5py is running against HDF5 1.14.4 when it was built against 1.14.2, this may cause problems
  _warn(("h5py is running against HDF5 {0} when it was built against {1}, "
/cvmfs/soft.computecanada.ca/easybuild/software/2023/x86-64-v3/MPI/gcc12/openmpi4/hdf5-mpi/1.14.2/lib/python3.11/site-packages/h5py/__init__.py:36: UserWarning: h5py is running against HDF5 1.14.4 when it was built against 1.14.2, this may cause problems
  _warn(("h5py is running against HDF5 {0} when it was built against {1}, "
 2026-02-27 20:48:50,901: Loading simulation from /lustre06/project/6077694/dhuruva/plastyfire/refitting_results/fitting/n100/seed19091997/L5TTPC_L5TTPC_STDP/simulations/204194-205064/10Hz_-10ms/prefire_simulation_config.json
 2026-02-27 20:48:51,571: Loading simulation from /lustre06/project/6077694/dhuruva/plastyfire/refitting_results/fitting/n100/seed19091997/L5TTPC_L5TTPC_STDP/simulations/204883-200512/10Hz_-30ms/prefire_simulation_config.json
 2026-02-27 20:48:51,593: Loading simulation from /lustre06/project/6077694/dhuruva/plastyfire/refitting_results/fitting/n100/seed19091997/L5TTPC_L5TTPC_STDP/simulations/204883-200512/10Hz_-10ms/prefire_simulation_config.json
 2026-02-27 20:48:51,595: Loading simulation from /lustre06/project/6077694/dhuruva/plastyfire/refitting_results/fitting/n100/seed19091997/L5TTPC_L5TTPC_STDP/simulations/204883-200512/10Hz_5ms/prefire_simulation_config.json
 2026-02-27 20:52:35,326: cvode was activated outside of Simulation, this might make it impossible to load templates with stochastic channels
 2026-02-27 20:52:42,056: Simulation finished in: 00:04:05
 2026-02-27 20:52:42,171: Data writing finished
/cvmfs/soft.computecanada.ca/easybuild/software/2023/x86-64-v3/MPI/gcc12/openmpi4/hdf5-mpi/1.14.2/lib/python3.11/site-packages/h5py/__init__.py:36: UserWarning: h5py is running against HDF5 1.14.4 when it was built against 1.14.2, this may cause problems
  _warn(("h5py is running against HDF5 {0} when it was built against {1}, "
 2026-02-27 20:52:58,713: Loading simulation from /lustre06/project/6077694/dhuruva/plastyfire/refitting_results/fitting/n100/seed19091997/L5TTPC_L5TTPC_STDP/simulations/204883-200512/10Hz_-50ms/prefire_simulation_config.json
 2026-02-27 20:53:15,718: cvode was activated outside of Simulation, this might make it impossible to load templates with stochastic channels
 2026-02-27 20:53:19,885: cvode was activated outside of Simulation, this might make it impossible to load templates with stochastic channels
 2026-02-27 20:53:21,461: cvode was activated outside of Simulation, this might make it impossible to load templates with stochastic channels
 2026-02-27 20:53:22,767: Simulation finished in: 00:04:45
 2026-02-27 20:53:22,913: Data writing finished
/cvmfs/soft.computecanada.ca/easybuild/software/2023/x86-64-v3/MPI/gcc12/openmpi4/hdf5-mpi/1.14.2/lib/python3.11/site-packages/h5py/__init__.py:36: UserWarning: h5py is running against HDF5 1.14.4 when it was built against 1.14.2, this may cause problems
  _warn(("h5py is running against HDF5 {0} when it was built against {1}, "
 2026-02-27 20:53:26,779: Simulation finished in: 00:04:49
 2026-02-27 20:53:26,942: Data writing finished
/cvmfs/soft.computecanada.ca/easybuild/software/2023/x86-64-v3/MPI/gcc12/openmpi4/hdf5-mpi/1.14.2/lib/python3.11/site-packages/h5py/__init__.py:36: UserWarning: h5py is running against HDF5 1.14.4 when it was built against 1.14.2, this may cause problems
  _warn(("h5py is running against HDF5 {0} when it was built against {1}, "
 2026-02-27 20:53:28,477: Simulation finished in: 00:04:51
 2026-02-27 20:53:29,299: Data writing finished
/cvmfs/soft.computecanada.ca/easybuild/software/2023/x86-64-v3/MPI/gcc12/openmpi4/hdf5-mpi/1.14.2/lib/python3.11/site-packages/h5py/__init__.py:36: UserWarning: h5py is running against HDF5 1.14.4 when it was built against 1.14.2, this may cause problems
  _warn(("h5py is running against HDF5 {0} when it was built against {1}, "
 2026-02-27 20:53:38,696: Loading simulation from /lustre06/project/6077694/dhuruva/plastyfire/refitting_results/fitting/n100/seed19091997/L5TTPC_L5TTPC_STDP/simulations/204883-200512/10Hz_50ms/prefire_simulation_config.json
 2026-02-27 20:53:42,631: Loading simulation from /lustre06/project/6077694/dhuruva/plastyfire/refitting_results/fitting/n100/seed19091997/L5TTPC_L5TTPC_STDP/simulations/204883-200512/10Hz_30ms/prefire_simulation_config.json
 2026-02-27 20:53:45,289: Loading simulation from /lustre06/project/6077694/dhuruva/plastyfire/refitting_results/fitting/n100/seed19091997/L5TTPC_L5TTPC_STDP/simulations/204883-200512/10Hz_10ms/prefire_simulation_config.json
 2026-02-27 20:57:32,343: cvode was activated outside of Simulation, this might make it impossible to load templates with stochastic channels
 2026-02-27 20:57:39,408: Simulation finished in: 00:04:54
 2026-02-27 20:57:39,569: Data writing finished
/cvmfs/soft.computecanada.ca/easybuild/software/2023/x86-64-v3/MPI/gcc12/openmpi4/hdf5-mpi/1.14.2/lib/python3.11/site-packages/h5py/__init__.py:36: UserWarning: h5py is running against HDF5 1.14.4 when it was built against 1.14.2, this may cause problems
  _warn(("h5py is running against HDF5 {0} when it was built against {1}, "
 2026-02-27 20:57:53,607: Loading simulation from /lustre06/project/6077694/dhuruva/plastyfire/refitting_results/fitting/n100/seed19091997/L5TTPC_L5TTPC_STDP/simulations/205300-191467/10Hz_-50ms/prefire_simulation_config.json
 2026-02-27 20:58:03,274: cvode was activated outside of Simulation, this might make it impossible to load templates with stochastic channels
 2026-02-27 20:58:08,772: cvode was activated outside of Simulation, this might make it impossible to load templates with stochastic channels
 2026-02-27 20:58:10,387: Simulation finished in: 00:04:45
 2026-02-27 20:58:10,549: Data writing finished
/cvmfs/soft.computecanada.ca/easybuild/software/2023/x86-64-v3/MPI/gcc12/openmpi4/hdf5-mpi/1.14.2/lib/python3.11/site-packages/h5py/__init__.py:36: UserWarning: h5py is running against HDF5 1.14.4 when it was built against 1.14.2, this may cause problems
  _warn(("h5py is running against HDF5 {0} when it was built against {1}, "
 2026-02-27 20:58:15,836: Simulation finished in: 00:04:47
 2026-02-27 20:58:15,987: Data writing finished
 2026-02-27 20:58:17,554: cvode was activated outside of Simulation, this might make it impossible to load templates with stochastic channels
 2026-02-27 20:58:24,425: Simulation finished in: 00:04:53
 2026-02-27 20:58:24,569: Data writing finished
 2026-02-27 20:58:24,653: Loading simulation from /lustre06/project/6077694/dhuruva/plastyfire/refitting_results/fitting/n100/seed19091997/L5TTPC_L5TTPC_STDP/simulations/205300-191467/10Hz_50ms/prefire_simulation_config.json
 2026-02-27 21:01:53,016: cvode was activated outside of Simulation, this might make it impossible to load templates with stochastic channels
 2026-02-27 21:01:59,939: Simulation finished in: 00:04:18
 2026-02-27 21:02:00,015: Data writing finished
 2026-02-27 21:02:30,429: cvode was activated outside of Simulation, this might make it impossible to load templates with stochastic channels
 2026-02-27 21:02:37,317: Simulation finished in: 00:04:24
 2026-02-27 21:02:37,389: Data writing finished
