/cvmfs/soft.computecanada.ca/easybuild/software/2023/x86-64-v3/MPI/gcc12/openmpi4/hdf5-mpi/1.14.2/lib/python3.11/site-packages/h5py/__init__.py:36: UserWarning: h5py is running against HDF5 1.14.4 when it was built against 1.14.2, this may cause problems
  _warn(("h5py is running against HDF5 {0} when it was built against {1}, "
/cvmfs/soft.computecanada.ca/easybuild/software/2023/x86-64-v3/MPI/gcc12/openmpi4/hdf5-mpi/1.14.2/lib/python3.11/site-packages/h5py/__init__.py:36: UserWarning: h5py is running against HDF5 1.14.4 when it was built against 1.14.2, this may cause problems
  _warn(("h5py is running against HDF5 {0} when it was built against {1}, "
/cvmfs/soft.computecanada.ca/easybuild/software/2023/x86-64-v3/MPI/gcc12/openmpi4/hdf5-mpi/1.14.2/lib/python3.11/site-packages/h5py/__init__.py:36: UserWarning: h5py is running against HDF5 1.14.4 when it was built against 1.14.2, this may cause problems
  _warn(("h5py is running against HDF5 {0} when it was built against {1}, "
/cvmfs/soft.computecanada.ca/easybuild/software/2023/x86-64-v3/MPI/gcc12/openmpi4/hdf5-mpi/1.14.2/lib/python3.11/site-packages/h5py/__init__.py:36: UserWarning: h5py is running against HDF5 1.14.4 when it was built against 1.14.2, this may cause problems
  _warn(("h5py is running against HDF5 {0} when it was built against {1}, "
 2026-02-27 20:48:50,996: Loading simulation from /lustre06/project/6077694/dhuruva/plastyfire/refitting_results/fitting/n100/seed19091997/L5TTPC_L5TTPC_STDP/simulations/204120-188861/10Hz_50ms/prefire_simulation_config.json
 2026-02-27 20:48:51,013: Loading simulation from /lustre06/project/6077694/dhuruva/plastyfire/refitting_results/fitting/n100/seed19091997/L5TTPC_L5TTPC_STDP/simulations/204120-188861/10Hz_10ms/prefire_simulation_config.json
 2026-02-27 20:48:51,019: Loading simulation from /lustre06/project/6077694/dhuruva/plastyfire/refitting_results/fitting/n100/seed19091997/L5TTPC_L5TTPC_STDP/simulations/204120-188861/10Hz_-10ms/prefire_simulation_config.json
 2026-02-27 20:48:51,023: Loading simulation from /lustre06/project/6077694/dhuruva/plastyfire/refitting_results/fitting/n100/seed19091997/L5TTPC_L5TTPC_STDP/simulations/204120-188861/10Hz_-50ms/prefire_simulation_config.json
 2026-02-27 20:51:35,094: cvode was activated outside of Simulation, this might make it impossible to load templates with stochastic channels
 2026-02-27 20:51:37,311: cvode was activated outside of Simulation, this might make it impossible to load templates with stochastic channels
 2026-02-27 20:51:38,980: cvode was activated outside of Simulation, this might make it impossible to load templates with stochastic channels
 2026-02-27 20:51:39,498: cvode was activated outside of Simulation, this might make it impossible to load templates with stochastic channels
 2026-02-27 20:51:41,895: Simulation finished in: 00:03:05
 2026-02-27 20:51:41,933: Data writing finished
/cvmfs/soft.computecanada.ca/easybuild/software/2023/x86-64-v3/MPI/gcc12/openmpi4/hdf5-mpi/1.14.2/lib/python3.11/site-packages/h5py/__init__.py:36: UserWarning: h5py is running against HDF5 1.14.4 when it was built against 1.14.2, this may cause problems
  _warn(("h5py is running against HDF5 {0} when it was built against {1}, "
 2026-02-27 20:51:44,374: Simulation finished in: 00:03:07
 2026-02-27 20:51:44,410: Data writing finished
/cvmfs/soft.computecanada.ca/easybuild/software/2023/x86-64-v3/MPI/gcc12/openmpi4/hdf5-mpi/1.14.2/lib/python3.11/site-packages/h5py/__init__.py:36: UserWarning: h5py is running against HDF5 1.14.4 when it was built against 1.14.2, this may cause problems
  _warn(("h5py is running against HDF5 {0} when it was built against {1}, "
 2026-02-27 20:51:45,808: Simulation finished in: 00:03:09
 2026-02-27 20:51:46,150: Data writing finished
 2026-02-27 20:51:46,214: Simulation finished in: 00:03:09
 2026-02-27 20:51:46,394: Data writing finished
/cvmfs/soft.computecanada.ca/easybuild/software/2023/x86-64-v3/MPI/gcc12/openmpi4/hdf5-mpi/1.14.2/lib/python3.11/site-packages/h5py/__init__.py:36: UserWarning: h5py is running against HDF5 1.14.4 when it was built against 1.14.2, this may cause problems
  _warn(("h5py is running against HDF5 {0} when it was built against {1}, "
/cvmfs/soft.computecanada.ca/easybuild/software/2023/x86-64-v3/MPI/gcc12/openmpi4/hdf5-mpi/1.14.2/lib/python3.11/site-packages/h5py/__init__.py:36: UserWarning: h5py is running against HDF5 1.14.4 when it was built against 1.14.2, this may cause problems
  _warn(("h5py is running against HDF5 {0} when it was built against {1}, "
 2026-02-27 20:51:57,924: Loading simulation from /lustre06/project/6077694/dhuruva/plastyfire/refitting_results/fitting/n100/seed19091997/L5TTPC_L5TTPC_STDP/simulations/204194-205064/10Hz_-50ms/prefire_simulation_config.json
 2026-02-27 20:51:59,558: Loading simulation from /lustre06/project/6077694/dhuruva/plastyfire/refitting_results/fitting/n100/seed19091997/L5TTPC_L5TTPC_STDP/simulations/204194-205064/10Hz_30ms/prefire_simulation_config.json
 2026-02-27 20:52:01,290: Loading simulation from /lustre06/project/6077694/dhuruva/plastyfire/refitting_results/fitting/n100/seed19091997/L5TTPC_L5TTPC_STDP/simulations/204194-205064/10Hz_10ms/prefire_simulation_config.json
 2026-02-27 20:52:01,370: Loading simulation from /lustre06/project/6077694/dhuruva/plastyfire/refitting_results/fitting/n100/seed19091997/L5TTPC_L5TTPC_STDP/simulations/204194-205064/10Hz_50ms/prefire_simulation_config.json
 2026-02-27 20:55:47,108: cvode was activated outside of Simulation, this might make it impossible to load templates with stochastic channels
 2026-02-27 20:55:47,865: cvode was activated outside of Simulation, this might make it impossible to load templates with stochastic channels
 2026-02-27 20:55:49,601: cvode was activated outside of Simulation, this might make it impossible to load templates with stochastic channels
 2026-02-27 20:55:53,211: cvode was activated outside of Simulation, this might make it impossible to load templates with stochastic channels
 2026-02-27 20:55:53,931: Simulation finished in: 00:04:09
 2026-02-27 20:55:53,987: Data writing finished
 2026-02-27 20:55:54,746: Simulation finished in: 00:04:08
 2026-02-27 20:55:54,803: Data writing finished
/cvmfs/soft.computecanada.ca/easybuild/software/2023/x86-64-v3/MPI/gcc12/openmpi4/hdf5-mpi/1.14.2/lib/python3.11/site-packages/h5py/__init__.py:36: UserWarning: h5py is running against HDF5 1.14.4 when it was built against 1.14.2, this may cause problems
  _warn(("h5py is running against HDF5 {0} when it was built against {1}, "
/cvmfs/soft.computecanada.ca/easybuild/software/2023/x86-64-v3/MPI/gcc12/openmpi4/hdf5-mpi/1.14.2/lib/python3.11/site-packages/h5py/__init__.py:36: UserWarning: h5py is running against HDF5 1.14.4 when it was built against 1.14.2, this may cause problems
  _warn(("h5py is running against HDF5 {0} when it was built against {1}, "
 2026-02-27 20:55:56,447: Simulation finished in: 00:04:08
 2026-02-27 20:55:56,523: Data writing finished
 2026-02-27 20:56:00,160: Simulation finished in: 00:04:11
 2026-02-27 20:56:00,209: Data writing finished
 2026-02-27 20:56:09,247: Loading simulation from /lustre06/project/6077694/dhuruva/plastyfire/refitting_results/fitting/n100/seed19091997/L5TTPC_L5TTPC_STDP/simulations/204194-205064/10Hz_-30ms/prefire_simulation_config.json
 2026-02-27 20:56:09,839: Loading simulation from /lustre06/project/6077694/dhuruva/plastyfire/refitting_results/fitting/n100/seed19091997/L5TTPC_L5TTPC_STDP/simulations/204194-205064/10Hz_5ms/prefire_simulation_config.json
 2026-02-27 20:59:52,388: cvode was activated outside of Simulation, this might make it impossible to load templates with stochastic channels
 2026-02-27 20:59:57,582: cvode was activated outside of Simulation, this might make it impossible to load templates with stochastic channels
 2026-02-27 20:59:59,121: Simulation finished in: 00:04:02
 2026-02-27 20:59:59,168: Data writing finished
 2026-02-27 21:00:04,446: Simulation finished in: 00:04:08
 2026-02-27 21:00:04,496: Data writing finished
