/cvmfs/soft.computecanada.ca/easybuild/software/2023/x86-64-v3/MPI/gcc12/openmpi4/hdf5-mpi/1.14.2/lib/python3.11/site-packages/h5py/__init__.py:36: UserWarning: h5py is running against HDF5 1.14.4 when it was built against 1.14.2, this may cause problems
  _warn(("h5py is running against HDF5 {0} when it was built against {1}, "
/cvmfs/soft.computecanada.ca/easybuild/software/2023/x86-64-v3/MPI/gcc12/openmpi4/hdf5-mpi/1.14.2/lib/python3.11/site-packages/h5py/__init__.py:36: UserWarning: h5py is running against HDF5 1.14.4 when it was built against 1.14.2, this may cause problems
  _warn(("h5py is running against HDF5 {0} when it was built against {1}, "
/cvmfs/soft.computecanada.ca/easybuild/software/2023/x86-64-v3/MPI/gcc12/openmpi4/hdf5-mpi/1.14.2/lib/python3.11/site-packages/h5py/__init__.py:36: UserWarning: h5py is running against HDF5 1.14.4 when it was built against 1.14.2, this may cause problems
  _warn(("h5py is running against HDF5 {0} when it was built against {1}, "
/cvmfs/soft.computecanada.ca/easybuild/software/2023/x86-64-v3/MPI/gcc12/openmpi4/hdf5-mpi/1.14.2/lib/python3.11/site-packages/h5py/__init__.py:36: UserWarning: h5py is running against HDF5 1.14.4 when it was built against 1.14.2, this may cause problems
  _warn(("h5py is running against HDF5 {0} when it was built against {1}, "
 2026-02-27 20:45:37,356: Loading simulation from /lustre06/project/6077694/dhuruva/plastyfire/refitting_results/fitting/n100/seed19091997/L5TTPC_L5TTPC_STDP/simulations/199932-195364/10Hz_-10ms/prefire_simulation_config.json
 2026-02-27 20:45:37,357: Loading simulation from /lustre06/project/6077694/dhuruva/plastyfire/refitting_results/fitting/n100/seed19091997/L5TTPC_L5TTPC_STDP/simulations/199932-195364/10Hz_-30ms/prefire_simulation_config.json
 2026-02-27 20:45:38,179: Loading simulation from /lustre06/project/6077694/dhuruva/plastyfire/refitting_results/fitting/n100/seed19091997/L5TTPC_L5TTPC_STDP/simulations/199879-192945/10Hz_5ms/prefire_simulation_config.json
 2026-02-27 20:45:38,256: Loading simulation from /lustre06/project/6077694/dhuruva/plastyfire/refitting_results/fitting/n100/seed19091997/L5TTPC_L5TTPC_STDP/simulations/199879-192945/10Hz_30ms/prefire_simulation_config.json
 2026-02-27 20:48:57,247: cvode was activated outside of Simulation, this might make it impossible to load templates with stochastic channels
 2026-02-27 20:49:00,961: cvode was activated outside of Simulation, this might make it impossible to load templates with stochastic channels
 2026-02-27 20:49:04,208: Simulation finished in: 00:03:41
 2026-02-27 20:49:04,261: Data writing finished
/cvmfs/soft.computecanada.ca/easybuild/software/2023/x86-64-v3/MPI/gcc12/openmpi4/hdf5-mpi/1.14.2/lib/python3.11/site-packages/h5py/__init__.py:36: UserWarning: h5py is running against HDF5 1.14.4 when it was built against 1.14.2, this may cause problems
  _warn(("h5py is running against HDF5 {0} when it was built against {1}, "
 2026-02-27 20:49:08,079: Simulation finished in: 00:03:45
 2026-02-27 20:49:08,199: Data writing finished
/cvmfs/soft.computecanada.ca/easybuild/software/2023/x86-64-v3/MPI/gcc12/openmpi4/hdf5-mpi/1.14.2/lib/python3.11/site-packages/h5py/__init__.py:36: UserWarning: h5py is running against HDF5 1.14.4 when it was built against 1.14.2, this may cause problems
  _warn(("h5py is running against HDF5 {0} when it was built against {1}, "
 2026-02-27 20:49:19,658: Loading simulation from /lustre06/project/6077694/dhuruva/plastyfire/refitting_results/fitting/n100/seed19091997/L5TTPC_L5TTPC_STDP/simulations/199932-195364/10Hz_-50ms/prefire_simulation_config.json
 2026-02-27 20:49:23,453: Loading simulation from /lustre06/project/6077694/dhuruva/plastyfire/refitting_results/fitting/n100/seed19091997/L5TTPC_L5TTPC_STDP/simulations/199932-195364/10Hz_30ms/prefire_simulation_config.json
 2026-02-27 20:51:14,372: cvode was activated outside of Simulation, this might make it impossible to load templates with stochastic channels
 2026-02-27 20:51:21,298: Simulation finished in: 00:05:58
 2026-02-27 20:51:21,414: Data writing finished
/cvmfs/soft.computecanada.ca/easybuild/software/2023/x86-64-v3/MPI/gcc12/openmpi4/hdf5-mpi/1.14.2/lib/python3.11/site-packages/h5py/__init__.py:36: UserWarning: h5py is running against HDF5 1.14.4 when it was built against 1.14.2, this may cause problems
  _warn(("h5py is running against HDF5 {0} when it was built against {1}, "
 2026-02-27 20:51:36,879: Loading simulation from /lustre06/project/6077694/dhuruva/plastyfire/refitting_results/fitting/n100/seed19091997/L5TTPC_L5TTPC_STDP/simulations/199932-195364/10Hz_10ms/prefire_simulation_config.json
 2026-02-27 20:52:44,907: cvode was activated outside of Simulation, this might make it impossible to load templates with stochastic channels
 2026-02-27 20:52:51,533: Simulation finished in: 00:03:44
 2026-02-27 20:52:51,589: Data writing finished
/cvmfs/soft.computecanada.ca/easybuild/software/2023/x86-64-v3/MPI/gcc12/openmpi4/hdf5-mpi/1.14.2/lib/python3.11/site-packages/h5py/__init__.py:36: UserWarning: h5py is running against HDF5 1.14.4 when it was built against 1.14.2, this may cause problems
  _warn(("h5py is running against HDF5 {0} when it was built against {1}, "
 2026-02-27 20:52:58,562: cvode was activated outside of Simulation, this might make it impossible to load templates with stochastic channels
 2026-02-27 20:53:05,413: Simulation finished in: 00:03:55
 2026-02-27 20:53:05,471: Data writing finished
/cvmfs/soft.computecanada.ca/easybuild/software/2023/x86-64-v3/MPI/gcc12/openmpi4/hdf5-mpi/1.14.2/lib/python3.11/site-packages/h5py/__init__.py:36: UserWarning: h5py is running against HDF5 1.14.4 when it was built against 1.14.2, this may cause problems
  _warn(("h5py is running against HDF5 {0} when it was built against {1}, "
 2026-02-27 20:53:07,258: Loading simulation from /lustre06/project/6077694/dhuruva/plastyfire/refitting_results/fitting/n100/seed19091997/L5TTPC_L5TTPC_STDP/simulations/199932-195364/10Hz_50ms/prefire_simulation_config.json
 2026-02-27 20:53:21,047: Loading simulation from /lustre06/project/6077694/dhuruva/plastyfire/refitting_results/fitting/n100/seed19091997/L5TTPC_L5TTPC_STDP/simulations/199932-195364/10Hz_5ms/prefire_simulation_config.json
 2026-02-27 20:54:31,010: cvode was activated outside of Simulation, this might make it impossible to load templates with stochastic channels
 2026-02-27 20:54:38,497: Simulation finished in: 00:09:15
 2026-02-27 20:54:38,746: Data writing finished
/cvmfs/soft.computecanada.ca/easybuild/software/2023/x86-64-v3/MPI/gcc12/openmpi4/hdf5-mpi/1.14.2/lib/python3.11/site-packages/h5py/__init__.py:36: UserWarning: h5py is running against HDF5 1.14.4 when it was built against 1.14.2, this may cause problems
  _warn(("h5py is running against HDF5 {0} when it was built against {1}, "
 2026-02-27 20:54:56,747: Loading simulation from /lustre06/project/6077694/dhuruva/plastyfire/refitting_results/fitting/n100/seed19091997/L5TTPC_L5TTPC_STDP/simulations/200132-185914/10Hz_-10ms/prefire_simulation_config.json
 2026-02-27 20:54:58,309: cvode was activated outside of Simulation, this might make it impossible to load templates with stochastic channels
 2026-02-27 20:55:05,326: Simulation finished in: 00:03:41
 2026-02-27 20:55:05,378: Data writing finished
 2026-02-27 20:56:34,979: cvode was activated outside of Simulation, this might make it impossible to load templates with stochastic channels
 2026-02-27 20:56:40,950: cvode was activated outside of Simulation, this might make it impossible to load templates with stochastic channels
 2026-02-27 20:56:41,827: Simulation finished in: 00:03:47
 2026-02-27 20:56:41,879: Data writing finished
 2026-02-27 20:56:47,719: Simulation finished in: 00:03:40
 2026-02-27 20:56:47,768: Data writing finished
 2026-02-27 20:58:45,794: cvode was activated outside of Simulation, this might make it impossible to load templates with stochastic channels
 2026-02-27 20:58:52,453: Simulation finished in: 00:04:11
 2026-02-27 20:58:52,504: Data writing finished
