/cvmfs/soft.computecanada.ca/easybuild/software/2023/x86-64-v3/MPI/gcc12/openmpi4/hdf5-mpi/1.14.2/lib/python3.11/site-packages/h5py/__init__.py:36: UserWarning: h5py is running against HDF5 1.14.4 when it was built against 1.14.2, this may cause problems
  _warn(("h5py is running against HDF5 {0} when it was built against {1}, "
/cvmfs/soft.computecanada.ca/easybuild/software/2023/x86-64-v3/MPI/gcc12/openmpi4/hdf5-mpi/1.14.2/lib/python3.11/site-packages/h5py/__init__.py:36: UserWarning: h5py is running against HDF5 1.14.4 when it was built against 1.14.2, this may cause problems
  _warn(("h5py is running against HDF5 {0} when it was built against {1}, "
/cvmfs/soft.computecanada.ca/easybuild/software/2023/x86-64-v3/MPI/gcc12/openmpi4/hdf5-mpi/1.14.2/lib/python3.11/site-packages/h5py/__init__.py:36: UserWarning: h5py is running against HDF5 1.14.4 when it was built against 1.14.2, this may cause problems
  _warn(("h5py is running against HDF5 {0} when it was built against {1}, "
/cvmfs/soft.computecanada.ca/easybuild/software/2023/x86-64-v3/MPI/gcc12/openmpi4/hdf5-mpi/1.14.2/lib/python3.11/site-packages/h5py/__init__.py:36: UserWarning: h5py is running against HDF5 1.14.4 when it was built against 1.14.2, this may cause problems
  _warn(("h5py is running against HDF5 {0} when it was built against {1}, "
 2026-02-27 20:42:15,202: Loading simulation from /lustre06/project/6077694/dhuruva/plastyfire/refitting_results/fitting/n100/seed19091997/L5TTPC_L5TTPC_STDP/simulations/191917-186517/10Hz_5ms/prefire_simulation_config.json
 2026-02-27 20:42:15,235: Loading simulation from /lustre06/project/6077694/dhuruva/plastyfire/refitting_results/fitting/n100/seed19091997/L5TTPC_L5TTPC_STDP/simulations/191917-186517/10Hz_-10ms/prefire_simulation_config.json
 2026-02-27 20:42:15,235: Loading simulation from /lustre06/project/6077694/dhuruva/plastyfire/refitting_results/fitting/n100/seed19091997/L5TTPC_L5TTPC_STDP/simulations/191917-186517/10Hz_30ms/prefire_simulation_config.json
 2026-02-27 20:42:15,281: Loading simulation from /lustre06/project/6077694/dhuruva/plastyfire/refitting_results/fitting/n100/seed19091997/L5TTPC_L5TTPC_STDP/simulations/191917-186517/10Hz_-50ms/prefire_simulation_config.json
 2026-02-27 20:46:02,295: cvode was activated outside of Simulation, this might make it impossible to load templates with stochastic channels
 2026-02-27 20:46:03,321: cvode was activated outside of Simulation, this might make it impossible to load templates with stochastic channels
 2026-02-27 20:46:09,229: Simulation finished in: 00:04:08
 2026-02-27 20:46:09,278: Data writing finished
 2026-02-27 20:46:10,002: Simulation finished in: 00:04:08
 2026-02-27 20:46:10,055: Data writing finished
/cvmfs/soft.computecanada.ca/easybuild/software/2023/x86-64-v3/MPI/gcc12/openmpi4/hdf5-mpi/1.14.2/lib/python3.11/site-packages/h5py/__init__.py:36: UserWarning: h5py is running against HDF5 1.14.4 when it was built against 1.14.2, this may cause problems
  _warn(("h5py is running against HDF5 {0} when it was built against {1}, "
/cvmfs/soft.computecanada.ca/easybuild/software/2023/x86-64-v3/MPI/gcc12/openmpi4/hdf5-mpi/1.14.2/lib/python3.11/site-packages/h5py/__init__.py:36: UserWarning: h5py is running against HDF5 1.14.4 when it was built against 1.14.2, this may cause problems
  _warn(("h5py is running against HDF5 {0} when it was built against {1}, "
 2026-02-27 20:46:11,931: cvode was activated outside of Simulation, this might make it impossible to load templates with stochastic channels
 2026-02-27 20:46:15,167: cvode was activated outside of Simulation, this might make it impossible to load templates with stochastic channels
 2026-02-27 20:46:18,741: Simulation finished in: 00:04:17
 2026-02-27 20:46:18,785: Data writing finished
/cvmfs/soft.computecanada.ca/easybuild/software/2023/x86-64-v3/MPI/gcc12/openmpi4/hdf5-mpi/1.14.2/lib/python3.11/site-packages/h5py/__init__.py:36: UserWarning: h5py is running against HDF5 1.14.4 when it was built against 1.14.2, this may cause problems
  _warn(("h5py is running against HDF5 {0} when it was built against {1}, "
 2026-02-27 20:46:21,972: Simulation finished in: 00:04:20
 2026-02-27 20:46:22,018: Data writing finished
/cvmfs/soft.computecanada.ca/easybuild/software/2023/x86-64-v3/MPI/gcc12/openmpi4/hdf5-mpi/1.14.2/lib/python3.11/site-packages/h5py/__init__.py:36: UserWarning: h5py is running against HDF5 1.14.4 when it was built against 1.14.2, this may cause problems
  _warn(("h5py is running against HDF5 {0} when it was built against {1}, "
 2026-02-27 20:46:24,361: Loading simulation from /lustre06/project/6077694/dhuruva/plastyfire/refitting_results/fitting/n100/seed19091997/L5TTPC_L5TTPC_STDP/simulations/191917-186517/10Hz_50ms/prefire_simulation_config.json
 2026-02-27 20:46:25,962: Loading simulation from /lustre06/project/6077694/dhuruva/plastyfire/refitting_results/fitting/n100/seed19091997/L5TTPC_L5TTPC_STDP/simulations/192816-200992/10Hz_5ms/prefire_simulation_config.json
 2026-02-27 20:46:34,414: Loading simulation from /lustre06/project/6077694/dhuruva/plastyfire/refitting_results/fitting/n100/seed19091997/L5TTPC_L5TTPC_STDP/simulations/192816-200992/10Hz_50ms/prefire_simulation_config.json
 2026-02-27 20:46:37,678: Loading simulation from /lustre06/project/6077694/dhuruva/plastyfire/refitting_results/fitting/n100/seed19091997/L5TTPC_L5TTPC_STDP/simulations/192816-200992/10Hz_-10ms/prefire_simulation_config.json
 2026-02-27 20:50:22,100: cvode was activated outside of Simulation, this might make it impossible to load templates with stochastic channels
 2026-02-27 20:50:28,959: Simulation finished in: 00:04:17
 2026-02-27 20:50:29,010: Data writing finished
/cvmfs/soft.computecanada.ca/easybuild/software/2023/x86-64-v3/MPI/gcc12/openmpi4/hdf5-mpi/1.14.2/lib/python3.11/site-packages/h5py/__init__.py:36: UserWarning: h5py is running against HDF5 1.14.4 when it was built against 1.14.2, this may cause problems
  _warn(("h5py is running against HDF5 {0} when it was built against {1}, "
 2026-02-27 20:50:44,929: Loading simulation from /lustre06/project/6077694/dhuruva/plastyfire/refitting_results/fitting/n100/seed19091997/L5TTPC_L5TTPC_STDP/simulations/192816-200992/10Hz_-30ms/prefire_simulation_config.json
 2026-02-27 20:50:54,233: cvode was activated outside of Simulation, this might make it impossible to load templates with stochastic channels
 2026-02-27 20:51:01,161: Simulation finished in: 00:04:49
 2026-02-27 20:51:01,227: Data writing finished
/cvmfs/soft.computecanada.ca/easybuild/software/2023/x86-64-v3/MPI/gcc12/openmpi4/hdf5-mpi/1.14.2/lib/python3.11/site-packages/h5py/__init__.py:36: UserWarning: h5py is running against HDF5 1.14.4 when it was built against 1.14.2, this may cause problems
  _warn(("h5py is running against HDF5 {0} when it was built against {1}, "
 2026-02-27 20:51:11,222: cvode was activated outside of Simulation, this might make it impossible to load templates with stochastic channels
 2026-02-27 20:51:14,330: cvode was activated outside of Simulation, this might make it impossible to load templates with stochastic channels
 2026-02-27 20:51:18,013: Simulation finished in: 00:04:53
 2026-02-27 20:51:18,072: Data writing finished
 2026-02-27 20:51:18,588: Loading simulation from /lustre06/project/6077694/dhuruva/plastyfire/refitting_results/fitting/n100/seed19091997/L5TTPC_L5TTPC_STDP/simulations/192816-200992/10Hz_30ms/prefire_simulation_config.json
 2026-02-27 20:51:21,254: Simulation finished in: 00:05:00
 2026-02-27 20:51:21,339: Data writing finished
 2026-02-27 20:55:20,712: cvode was activated outside of Simulation, this might make it impossible to load templates with stochastic channels
 2026-02-27 20:55:27,476: Simulation finished in: 00:04:56
 2026-02-27 20:55:27,676: Data writing finished
 2026-02-27 20:55:59,969: cvode was activated outside of Simulation, this might make it impossible to load templates with stochastic channels
 2026-02-27 20:56:06,786: Simulation finished in: 00:05:02
 2026-02-27 20:56:06,848: Data writing finished
