/cvmfs/soft.computecanada.ca/easybuild/software/2023/x86-64-v3/MPI/gcc12/openmpi4/hdf5-mpi/1.14.2/lib/python3.11/site-packages/h5py/__init__.py:36: UserWarning: h5py is running against HDF5 1.14.4 when it was built against 1.14.2, this may cause problems
  _warn(("h5py is running against HDF5 {0} when it was built against {1}, "
/cvmfs/soft.computecanada.ca/easybuild/software/2023/x86-64-v3/MPI/gcc12/openmpi4/hdf5-mpi/1.14.2/lib/python3.11/site-packages/h5py/__init__.py:36: UserWarning: h5py is running against HDF5 1.14.4 when it was built against 1.14.2, this may cause problems
  _warn(("h5py is running against HDF5 {0} when it was built against {1}, "
/cvmfs/soft.computecanada.ca/easybuild/software/2023/x86-64-v3/MPI/gcc12/openmpi4/hdf5-mpi/1.14.2/lib/python3.11/site-packages/h5py/__init__.py:36: UserWarning: h5py is running against HDF5 1.14.4 when it was built against 1.14.2, this may cause problems
  _warn(("h5py is running against HDF5 {0} when it was built against {1}, "
/cvmfs/soft.computecanada.ca/easybuild/software/2023/x86-64-v3/MPI/gcc12/openmpi4/hdf5-mpi/1.14.2/lib/python3.11/site-packages/h5py/__init__.py:36: UserWarning: h5py is running against HDF5 1.14.4 when it was built against 1.14.2, this may cause problems
  _warn(("h5py is running against HDF5 {0} when it was built against {1}, "
 2026-02-27 20:02:37,604: Loading simulation from /lustre06/project/6077694/dhuruva/plastyfire/refitting_results/fitting/n100/seed19091997/L5TTPC_L5TTPC_STDP/simulations/181295-210119/10Hz_5ms/prefire_simulation_config.json
 2026-02-27 20:02:38,329: Loading simulation from /lustre06/project/6077694/dhuruva/plastyfire/refitting_results/fitting/n100/seed19091997/L5TTPC_L5TTPC_STDP/simulations/181023-208822/10Hz_5ms/prefire_simulation_config.json
 2026-02-27 20:02:38,375: Loading simulation from /lustre06/project/6077694/dhuruva/plastyfire/refitting_results/fitting/n100/seed19091997/L5TTPC_L5TTPC_STDP/simulations/181023-208822/10Hz_30ms/prefire_simulation_config.json
 2026-02-27 20:02:38,476: Loading simulation from /lustre06/project/6077694/dhuruva/plastyfire/refitting_results/fitting/n100/seed19091997/L5TTPC_L5TTPC_STDP/simulations/181023-208822/10Hz_10ms/prefire_simulation_config.json
 2026-02-27 20:07:10,468: cvode was activated outside of Simulation, this might make it impossible to load templates with stochastic channels
 2026-02-27 20:07:17,481: Simulation finished in: 00:04:56
 2026-02-27 20:07:17,565: Data writing finished
/cvmfs/soft.computecanada.ca/easybuild/software/2023/x86-64-v3/MPI/gcc12/openmpi4/hdf5-mpi/1.14.2/lib/python3.11/site-packages/h5py/__init__.py:36: UserWarning: h5py is running against HDF5 1.14.4 when it was built against 1.14.2, this may cause problems
  _warn(("h5py is running against HDF5 {0} when it was built against {1}, "
 2026-02-27 20:07:33,829: Loading simulation from /lustre06/project/6077694/dhuruva/plastyfire/refitting_results/fitting/n100/seed19091997/L5TTPC_L5TTPC_STDP/simulations/181295-210119/10Hz_50ms/prefire_simulation_config.json
 2026-02-27 20:07:40,516: cvode was activated outside of Simulation, this might make it impossible to load templates with stochastic channels
 2026-02-27 20:07:41,961: cvode was activated outside of Simulation, this might make it impossible to load templates with stochastic channels
 2026-02-27 20:07:47,251: Simulation finished in: 00:05:26
 2026-02-27 20:07:47,292: Data writing finished
/cvmfs/soft.computecanada.ca/easybuild/software/2023/x86-64-v3/MPI/gcc12/openmpi4/hdf5-mpi/1.14.2/lib/python3.11/site-packages/h5py/__init__.py:36: UserWarning: h5py is running against HDF5 1.14.4 when it was built against 1.14.2, this may cause problems
  _warn(("h5py is running against HDF5 {0} when it was built against {1}, "
 2026-02-27 20:07:48,929: Simulation finished in: 00:05:28
 2026-02-27 20:07:48,970: Data writing finished
/cvmfs/soft.computecanada.ca/easybuild/software/2023/x86-64-v3/MPI/gcc12/openmpi4/hdf5-mpi/1.14.2/lib/python3.11/site-packages/h5py/__init__.py:36: UserWarning: h5py is running against HDF5 1.14.4 when it was built against 1.14.2, this may cause problems
  _warn(("h5py is running against HDF5 {0} when it was built against {1}, "
 2026-02-27 20:07:51,820: cvode was activated outside of Simulation, this might make it impossible to load templates with stochastic channels
 2026-02-27 20:07:58,646: Simulation finished in: 00:05:38
 2026-02-27 20:07:58,694: Data writing finished
/cvmfs/soft.computecanada.ca/easybuild/software/2023/x86-64-v3/MPI/gcc12/openmpi4/hdf5-mpi/1.14.2/lib/python3.11/site-packages/h5py/__init__.py:36: UserWarning: h5py is running against HDF5 1.14.4 when it was built against 1.14.2, this may cause problems
  _warn(("h5py is running against HDF5 {0} when it was built against {1}, "
 2026-02-27 20:08:03,324: Loading simulation from /lustre06/project/6077694/dhuruva/plastyfire/refitting_results/fitting/n100/seed19091997/L5TTPC_L5TTPC_STDP/simulations/181295-210119/10Hz_30ms/prefire_simulation_config.json
 2026-02-27 20:08:04,888: Loading simulation from /lustre06/project/6077694/dhuruva/plastyfire/refitting_results/fitting/n100/seed19091997/L5TTPC_L5TTPC_STDP/simulations/181295-210119/10Hz_10ms/prefire_simulation_config.json
 2026-02-27 20:08:14,950: Loading simulation from /lustre06/project/6077694/dhuruva/plastyfire/refitting_results/fitting/n100/seed19091997/L5TTPC_L5TTPC_STDP/simulations/181295-210119/10Hz_-50ms/prefire_simulation_config.json
 2026-02-27 20:12:20,673: cvode was activated outside of Simulation, this might make it impossible to load templates with stochastic channels
 2026-02-27 20:12:27,708: Simulation finished in: 00:05:07
 2026-02-27 20:12:27,806: Data writing finished
/cvmfs/soft.computecanada.ca/easybuild/software/2023/x86-64-v3/MPI/gcc12/openmpi4/hdf5-mpi/1.14.2/lib/python3.11/site-packages/h5py/__init__.py:36: UserWarning: h5py is running against HDF5 1.14.4 when it was built against 1.14.2, this may cause problems
  _warn(("h5py is running against HDF5 {0} when it was built against {1}, "
 2026-02-27 20:12:43,923: Loading simulation from /lustre06/project/6077694/dhuruva/plastyfire/refitting_results/fitting/n100/seed19091997/L5TTPC_L5TTPC_STDP/simulations/181295-210119/10Hz_-10ms/prefire_simulation_config.json
 2026-02-27 20:12:47,248: cvode was activated outside of Simulation, this might make it impossible to load templates with stochastic channels
 2026-02-27 20:12:49,093: cvode was activated outside of Simulation, this might make it impossible to load templates with stochastic channels
 2026-02-27 20:12:54,333: Simulation finished in: 00:05:03
 2026-02-27 20:12:54,485: Data writing finished
/cvmfs/soft.computecanada.ca/easybuild/software/2023/x86-64-v3/MPI/gcc12/openmpi4/hdf5-mpi/1.14.2/lib/python3.11/site-packages/h5py/__init__.py:36: UserWarning: h5py is running against HDF5 1.14.4 when it was built against 1.14.2, this may cause problems
  _warn(("h5py is running against HDF5 {0} when it was built against {1}, "
 2026-02-27 20:12:56,214: Simulation finished in: 00:05:06
 2026-02-27 20:12:56,307: Data writing finished
 2026-02-27 20:12:58,222: cvode was activated outside of Simulation, this might make it impossible to load templates with stochastic channels
 2026-02-27 20:13:05,031: Simulation finished in: 00:05:04
 2026-02-27 20:13:05,121: Data writing finished
 2026-02-27 20:13:10,527: Loading simulation from /lustre06/project/6077694/dhuruva/plastyfire/refitting_results/fitting/n100/seed19091997/L5TTPC_L5TTPC_STDP/simulations/181295-210119/10Hz_-30ms/prefire_simulation_config.json
 2026-02-27 20:17:30,564: cvode was activated outside of Simulation, this might make it impossible to load templates with stochastic channels
 2026-02-27 20:17:37,364: Simulation finished in: 00:05:07
 2026-02-27 20:17:37,453: Data writing finished
 2026-02-27 20:17:45,741: cvode was activated outside of Simulation, this might make it impossible to load templates with stochastic channels
 2026-02-27 20:17:52,553: Simulation finished in: 00:04:56
 2026-02-27 20:17:52,644: Data writing finished
