/cvmfs/soft.computecanada.ca/easybuild/software/2023/x86-64-v3/MPI/gcc12/openmpi4/hdf5-mpi/1.14.2/lib/python3.11/site-packages/h5py/__init__.py:36: UserWarning: h5py is running against HDF5 1.14.4 when it was built against 1.14.2, this may cause problems
  _warn(("h5py is running against HDF5 {0} when it was built against {1}, "
/cvmfs/soft.computecanada.ca/easybuild/software/2023/x86-64-v3/MPI/gcc12/openmpi4/hdf5-mpi/1.14.2/lib/python3.11/site-packages/h5py/__init__.py:36: UserWarning: h5py is running against HDF5 1.14.4 when it was built against 1.14.2, this may cause problems
  _warn(("h5py is running against HDF5 {0} when it was built against {1}, "
/cvmfs/soft.computecanada.ca/easybuild/software/2023/x86-64-v3/MPI/gcc12/openmpi4/hdf5-mpi/1.14.2/lib/python3.11/site-packages/h5py/__init__.py:36: UserWarning: h5py is running against HDF5 1.14.4 when it was built against 1.14.2, this may cause problems
  _warn(("h5py is running against HDF5 {0} when it was built against {1}, "
/cvmfs/soft.computecanada.ca/easybuild/software/2023/x86-64-v3/MPI/gcc12/openmpi4/hdf5-mpi/1.14.2/lib/python3.11/site-packages/h5py/__init__.py:36: UserWarning: h5py is running against HDF5 1.14.4 when it was built against 1.14.2, this may cause problems
  _warn(("h5py is running against HDF5 {0} when it was built against {1}, "
 2026-02-27 20:42:19,239: Loading simulation from /lustre06/project/6077694/dhuruva/plastyfire/refitting_results/fitting/n100/seed19091997/L5TTPC_L5TTPC_STDP/simulations/194532-187415/10Hz_50ms/prefire_simulation_config.json
 2026-02-27 20:42:19,255: Loading simulation from /lustre06/project/6077694/dhuruva/plastyfire/refitting_results/fitting/n100/seed19091997/L5TTPC_L5TTPC_STDP/simulations/194532-187415/10Hz_-30ms/prefire_simulation_config.json
 2026-02-27 20:42:19,255: Loading simulation from /lustre06/project/6077694/dhuruva/plastyfire/refitting_results/fitting/n100/seed19091997/L5TTPC_L5TTPC_STDP/simulations/194532-187415/10Hz_-50ms/prefire_simulation_config.json
 2026-02-27 20:42:19,261: Loading simulation from /lustre06/project/6077694/dhuruva/plastyfire/refitting_results/fitting/n100/seed19091997/L5TTPC_L5TTPC_STDP/simulations/194532-187415/10Hz_-10ms/prefire_simulation_config.json
 2026-02-27 20:49:29,501: cvode was activated outside of Simulation, this might make it impossible to load templates with stochastic channels
 2026-02-27 20:49:30,736: cvode was activated outside of Simulation, this might make it impossible to load templates with stochastic channels
 2026-02-27 20:49:32,390: cvode was activated outside of Simulation, this might make it impossible to load templates with stochastic channels
 2026-02-27 20:49:34,649: cvode was activated outside of Simulation, this might make it impossible to load templates with stochastic channels
Traceback (most recent call last):
  File "/home/dhuruva/projects/ctb-emuller/dhuruva/plastyfire/plastyfire/pairrunner.py", line 67, in <module>
    results = sim.runconnectedpair(workdir, fit_params=fit_params, fastforward=args.fastforward, recipe_path=args.recipe_path)
              ^^^^^^^^^^^^^^^^^^^^^^^^^^^^^^^^^^^^^^^^^^^^^^^^^^^^^^^^^^^^^^^^^^^^^^^^^^^^^^^^^^^^^^^^^^^^^^^^^^^^^^^^^^^^^^^^
  File "/lustre06/project/6077694/dhuruva/plastyfire/plastyfire/simulator.py", line 668, in runconnectedpair
    raise RuntimeError(f"Child process failed with exit code {child_proc.exitcode}")
RuntimeError: Child process failed with exit code -9
 2026-02-27 20:49:36,954: Simulation finished in: 00:07:35
/cvmfs/soft.computecanada.ca/easybuild/software/2023/x86-64-v3/MPI/gcc12/openmpi4/hdf5-mpi/1.14.2/lib/python3.11/site-packages/h5py/__init__.py:36: UserWarning: h5py is running against HDF5 1.14.4 when it was built against 1.14.2, this may cause problems
  _warn(("h5py is running against HDF5 {0} when it was built against {1}, "
 2026-02-27 20:49:37,376: Data writing finished
/cvmfs/soft.computecanada.ca/easybuild/software/2023/x86-64-v3/MPI/gcc12/openmpi4/hdf5-mpi/1.14.2/lib/python3.11/site-packages/h5py/__init__.py:36: UserWarning: h5py is running against HDF5 1.14.4 when it was built against 1.14.2, this may cause problems
  _warn(("h5py is running against HDF5 {0} when it was built against {1}, "
 2026-02-27 20:49:39,855: Simulation finished in: 00:07:38
 2026-02-27 20:49:40,169: Data writing finished
/cvmfs/soft.computecanada.ca/easybuild/software/2023/x86-64-v3/MPI/gcc12/openmpi4/hdf5-mpi/1.14.2/lib/python3.11/site-packages/h5py/__init__.py:36: UserWarning: h5py is running against HDF5 1.14.4 when it was built against 1.14.2, this may cause problems
  _warn(("h5py is running against HDF5 {0} when it was built against {1}, "
 2026-02-27 20:49:42,314: Simulation finished in: 00:07:41
 2026-02-27 20:49:42,613: Data writing finished
/cvmfs/soft.computecanada.ca/easybuild/software/2023/x86-64-v3/MPI/gcc12/openmpi4/hdf5-mpi/1.14.2/lib/python3.11/site-packages/h5py/__init__.py:36: UserWarning: h5py is running against HDF5 1.14.4 when it was built against 1.14.2, this may cause problems
  _warn(("h5py is running against HDF5 {0} when it was built against {1}, "
 2026-02-27 20:49:57,490: Loading simulation from /lustre06/project/6077694/dhuruva/plastyfire/refitting_results/fitting/n100/seed19091997/L5TTPC_L5TTPC_STDP/simulations/194532-187415/10Hz_30ms/prefire_simulation_config.json
 2026-02-27 20:49:58,868: Loading simulation from /lustre06/project/6077694/dhuruva/plastyfire/refitting_results/fitting/n100/seed19091997/L5TTPC_L5TTPC_STDP/simulations/194532-187415/10Hz_5ms/prefire_simulation_config.json
 2026-02-27 20:50:01,205: Loading simulation from /lustre06/project/6077694/dhuruva/plastyfire/refitting_results/fitting/n100/seed19091997/L5TTPC_L5TTPC_STDP/simulations/194532-187415/10Hz_10ms/prefire_simulation_config.json
 2026-02-27 20:50:02,058: Loading simulation from /lustre06/project/6077694/dhuruva/plastyfire/refitting_results/fitting/n100/seed19091997/L5TTPC_L5TTPC_STDP/simulations/194969-207559/10Hz_50ms/prefire_simulation_config.json
 2026-02-27 20:56:28,628: cvode was activated outside of Simulation, this might make it impossible to load templates with stochastic channels
 2026-02-27 20:56:35,610: Simulation finished in: 00:06:49
 2026-02-27 20:56:35,819: Data writing finished
/cvmfs/soft.computecanada.ca/easybuild/software/2023/x86-64-v3/MPI/gcc12/openmpi4/hdf5-mpi/1.14.2/lib/python3.11/site-packages/h5py/__init__.py:36: UserWarning: h5py is running against HDF5 1.14.4 when it was built against 1.14.2, this may cause problems
  _warn(("h5py is running against HDF5 {0} when it was built against {1}, "
 2026-02-27 20:56:55,921: cvode was activated outside of Simulation, this might make it impossible to load templates with stochastic channels
 2026-02-27 20:56:57,448: Loading simulation from /lustre06/project/6077694/dhuruva/plastyfire/refitting_results/fitting/n100/seed19091997/L5TTPC_L5TTPC_STDP/simulations/194969-207559/10Hz_5ms/prefire_simulation_config.json
 2026-02-27 20:57:03,201: Simulation finished in: 00:07:22
 2026-02-27 20:57:03,442: Data writing finished
/cvmfs/soft.computecanada.ca/easybuild/software/2023/x86-64-v3/MPI/gcc12/openmpi4/hdf5-mpi/1.14.2/lib/python3.11/site-packages/h5py/__init__.py:36: UserWarning: h5py is running against HDF5 1.14.4 when it was built against 1.14.2, this may cause problems
  _warn(("h5py is running against HDF5 {0} when it was built against {1}, "
 2026-02-27 20:57:15,404: cvode was activated outside of Simulation, this might make it impossible to load templates with stochastic channels
 2026-02-27 20:57:22,645: Simulation finished in: 00:07:43
 2026-02-27 20:57:22,884: Data writing finished
 2026-02-27 20:57:23,792: Loading simulation from /lustre06/project/6077694/dhuruva/plastyfire/refitting_results/fitting/n100/seed19091997/L5TTPC_L5TTPC_STDP/simulations/194969-207559/10Hz_30ms/prefire_simulation_config.json
 2026-02-27 20:57:26,060: cvode was activated outside of Simulation, this might make it impossible to load templates with stochastic channels
 2026-02-27 20:57:33,342: Simulation finished in: 00:07:49
 2026-02-27 20:57:34,042: Data writing finished
 2026-02-27 21:03:50,866: cvode was activated outside of Simulation, this might make it impossible to load templates with stochastic channels
 2026-02-27 21:03:58,024: Simulation finished in: 00:06:50
 2026-02-27 21:03:58,242: Data writing finished
 2026-02-27 21:07:22,135: cvode was activated outside of Simulation, this might make it impossible to load templates with stochastic channels
 2026-02-27 21:07:29,454: Simulation finished in: 00:10:49
 2026-02-27 21:07:29,933: Data writing finished
slurmstepd: error: Detected 1 oom_kill event in StepId=57144591.batch. Some of the step tasks have been OOM Killed.
