Processing: /home/dhuruva/projects/ctb-emuller/dhuruva/plastyfire/refitting_results/fitting/n100/seed19091997/L5TTPC_L5TTPC_STDP/simulations/181588-206273/10Hz_50ms
Processing: /home/dhuruva/projects/ctb-emuller/dhuruva/plastyfire/refitting_results/fitting/n100/seed19091997/L5TTPC_L5TTPC_STDP/simulations/181588-206273/10Hz_30ms
Processing: /home/dhuruva/projects/ctb-emuller/dhuruva/plastyfire/refitting_results/fitting/n100/seed19091997/L5TTPC_L5TTPC_STDP/simulations/181588-206273/10Hz_5ms
Processing: /home/dhuruva/projects/ctb-emuller/dhuruva/plastyfire/refitting_results/fitting/n100/seed19091997/L5TTPC_L5TTPC_STDP/simulations/181588-206273/10Hz_10ms
Presynaptic mapping of length 8 created
Presynaptic mapping of length 8 created
Presynaptic mapping of length 8 created
Presynaptic mapping of length 8 created
Presynaptic mapping of length 8 created
Completed: 181588-206273/10Hz_5ms
Processing: /home/dhuruva/projects/ctb-emuller/dhuruva/plastyfire/refitting_results/fitting/n100/seed19091997/L5TTPC_L5TTPC_STDP/simulations/181588-206273/10Hz_-30ms
Presynaptic mapping of length 8 created
Completed: 181588-206273/10Hz_10ms
Processing: /home/dhuruva/projects/ctb-emuller/dhuruva/plastyfire/refitting_results/fitting/n100/seed19091997/L5TTPC_L5TTPC_STDP/simulations/181588-206273/10Hz_-10ms
Presynaptic mapping of length 8 created
Completed: 181588-206273/10Hz_50ms
Processing: /home/dhuruva/projects/ctb-emuller/dhuruva/plastyfire/refitting_results/fitting/n100/seed19091997/L5TTPC_L5TTPC_STDP/simulations/181588-206273/10Hz_-50ms
Presynaptic mapping of length 8 created
Presynaptic mapping of length 8 created
Completed: 181588-206273/10Hz_30ms
Processing: /home/dhuruva/projects/ctb-emuller/dhuruva/plastyfire/refitting_results/fitting/n100/seed19091997/L5TTPC_L5TTPC_STDP/simulations/182072-199843/10Hz_-30ms
Presynaptic mapping of length 8 created
Presynaptic mapping of length 7 created
Completed: 182072-199843/10Hz_-30ms
Processing: /home/dhuruva/projects/ctb-emuller/dhuruva/plastyfire/refitting_results/fitting/n100/seed19091997/L5TTPC_L5TTPC_STDP/simulations/182072-199843/10Hz_30ms
Presynaptic mapping of length 8 created
Completed: 181588-206273/10Hz_-30ms
Processing: /home/dhuruva/projects/ctb-emuller/dhuruva/plastyfire/refitting_results/fitting/n100/seed19091997/L5TTPC_L5TTPC_STDP/simulations/182072-199843/10Hz_10ms
Presynaptic mapping of length 8 created
Completed: 181588-206273/10Hz_-10ms
Presynaptic mapping of length 7 created
Completed: 182072-199843/10Hz_30ms
Presynaptic mapping of length 8 created
Completed: 181588-206273/10Hz_-50ms
Presynaptic mapping of length 7 created
Completed: 182072-199843/10Hz_10ms
Batch 7 completed
