Processing: /home/dhuruva/projects/ctb-emuller/dhuruva/plastyfire/refitting_results/fitting/n100/seed19091997/L5TTPC_L5TTPC_STDP/simulations/203964-196350/10Hz_-50ms
Processing: /home/dhuruva/projects/ctb-emuller/dhuruva/plastyfire/refitting_results/fitting/n100/seed19091997/L5TTPC_L5TTPC_STDP/simulations/203964-196350/10Hz_50ms
Processing: /home/dhuruva/projects/ctb-emuller/dhuruva/plastyfire/refitting_results/fitting/n100/seed19091997/L5TTPC_L5TTPC_STDP/simulations/203964-196350/10Hz_-30ms
Processing: /home/dhuruva/projects/ctb-emuller/dhuruva/plastyfire/refitting_results/fitting/n100/seed19091997/L5TTPC_L5TTPC_STDP/simulations/203964-196350/10Hz_10ms
Presynaptic mapping of length 8 created
Presynaptic mapping of length 8 created
Presynaptic mapping of length 8 created
Completed: 203964-196350/10Hz_10ms
Processing: /home/dhuruva/projects/ctb-emuller/dhuruva/plastyfire/refitting_results/fitting/n100/seed19091997/L5TTPC_L5TTPC_STDP/simulations/203964-196350/10Hz_30ms
Presynaptic mapping of length 8 created
Completed: 203964-196350/10Hz_-30ms
Processing: /home/dhuruva/projects/ctb-emuller/dhuruva/plastyfire/refitting_results/fitting/n100/seed19091997/L5TTPC_L5TTPC_STDP/simulations/203964-196350/10Hz_5ms
Presynaptic mapping of length 8 created
Completed: 203964-196350/10Hz_50ms
Processing: /home/dhuruva/projects/ctb-emuller/dhuruva/plastyfire/refitting_results/fitting/n100/seed19091997/L5TTPC_L5TTPC_STDP/simulations/203964-196350/10Hz_-10ms
Presynaptic mapping of length 8 created
Presynaptic mapping of length 8 created
Presynaptic mapping of length 8 created
Completed: 203964-196350/10Hz_-50ms
Processing: /home/dhuruva/projects/ctb-emuller/dhuruva/plastyfire/refitting_results/fitting/n100/seed19091997/L5TTPC_L5TTPC_STDP/simulations/204120-188861/10Hz_5ms
Presynaptic mapping of length 4 created
Presynaptic mapping of length 4 created
Presynaptic mapping of length 4 created
Completed: 204120-188861/10Hz_5ms
Processing: /home/dhuruva/projects/ctb-emuller/dhuruva/plastyfire/refitting_results/fitting/n100/seed19091997/L5TTPC_L5TTPC_STDP/simulations/204120-188861/10Hz_-30ms
Presynaptic mapping of length 8 created
Completed: 203964-196350/10Hz_5ms
Processing: /home/dhuruva/projects/ctb-emuller/dhuruva/plastyfire/refitting_results/fitting/n100/seed19091997/L5TTPC_L5TTPC_STDP/simulations/204120-188861/10Hz_30ms
Presynaptic mapping of length 8 created
Presynaptic mapping of length 4 created
Completed: 203964-196350/10Hz_30ms
Presynaptic mapping of length 8 created
Completed: 203964-196350/10Hz_-10ms
Presynaptic mapping of length 4 created
Completed: 204120-188861/10Hz_-30ms
Presynaptic mapping of length 4 created
Completed: 204120-188861/10Hz_30ms
Batch 56 completed
