/cvmfs/soft.computecanada.ca/easybuild/software/2023/x86-64-v3/MPI/gcc12/openmpi4/hdf5-mpi/1.14.2/lib/python3.11/site-packages/h5py/__init__.py:36: UserWarning: h5py is running against HDF5 1.14.4 when it was built against 1.14.2, this may cause problems
  _warn(("h5py is running against HDF5 {0} when it was built against {1}, "
/cvmfs/soft.computecanada.ca/easybuild/software/2023/x86-64-v3/MPI/gcc12/openmpi4/hdf5-mpi/1.14.2/lib/python3.11/site-packages/h5py/__init__.py:36: UserWarning: h5py is running against HDF5 1.14.4 when it was built against 1.14.2, this may cause problems
  _warn(("h5py is running against HDF5 {0} when it was built against {1}, "
/cvmfs/soft.computecanada.ca/easybuild/software/2023/x86-64-v3/MPI/gcc12/openmpi4/hdf5-mpi/1.14.2/lib/python3.11/site-packages/h5py/__init__.py:36: UserWarning: h5py is running against HDF5 1.14.4 when it was built against 1.14.2, this may cause problems
  _warn(("h5py is running against HDF5 {0} when it was built against {1}, "
/cvmfs/soft.computecanada.ca/easybuild/software/2023/x86-64-v3/MPI/gcc12/openmpi4/hdf5-mpi/1.14.2/lib/python3.11/site-packages/h5py/__init__.py:36: UserWarning: h5py is running against HDF5 1.14.4 when it was built against 1.14.2, this may cause problems
  _warn(("h5py is running against HDF5 {0} when it was built against {1}, "
 2026-02-27 20:45:38,369: Loading simulation from /lustre06/project/6077694/dhuruva/plastyfire/refitting_results/fitting/n100/seed19091997/L5TTPC_L5TTPC_STDP/simulations/199365-195486/10Hz_30ms/prefire_simulation_config.json
 2026-02-27 20:45:39,693: Loading simulation from /lustre06/project/6077694/dhuruva/plastyfire/refitting_results/fitting/n100/seed19091997/L5TTPC_L5TTPC_STDP/simulations/199521-190468/10Hz_-50ms/prefire_simulation_config.json
 2026-02-27 20:45:39,766: Loading simulation from /lustre06/project/6077694/dhuruva/plastyfire/refitting_results/fitting/n100/seed19091997/L5TTPC_L5TTPC_STDP/simulations/199521-190468/10Hz_-10ms/prefire_simulation_config.json
 2026-02-27 20:45:39,889: Loading simulation from /lustre06/project/6077694/dhuruva/plastyfire/refitting_results/fitting/n100/seed19091997/L5TTPC_L5TTPC_STDP/simulations/199521-190468/10Hz_50ms/prefire_simulation_config.json
 2026-02-27 20:48:41,539: cvode was activated outside of Simulation, this might make it impossible to load templates with stochastic channels
 2026-02-27 20:48:48,375: Simulation finished in: 00:03:25
 2026-02-27 20:48:48,970: Data writing finished
/cvmfs/soft.computecanada.ca/easybuild/software/2023/x86-64-v3/MPI/gcc12/openmpi4/hdf5-mpi/1.14.2/lib/python3.11/site-packages/h5py/__init__.py:36: UserWarning: h5py is running against HDF5 1.14.4 when it was built against 1.14.2, this may cause problems
  _warn(("h5py is running against HDF5 {0} when it was built against {1}, "
 2026-02-27 20:49:06,840: Loading simulation from /lustre06/project/6077694/dhuruva/plastyfire/refitting_results/fitting/n100/seed19091997/L5TTPC_L5TTPC_STDP/simulations/199521-190468/10Hz_30ms/prefire_simulation_config.json
 2026-02-27 20:52:13,265: cvode was activated outside of Simulation, this might make it impossible to load templates with stochastic channels
 2026-02-27 20:52:19,981: Simulation finished in: 00:06:57
 2026-02-27 20:52:21,435: Data writing finished
 2026-02-27 20:52:22,372: cvode was activated outside of Simulation, this might make it impossible to load templates with stochastic channels
/cvmfs/soft.computecanada.ca/easybuild/software/2023/x86-64-v3/MPI/gcc12/openmpi4/hdf5-mpi/1.14.2/lib/python3.11/site-packages/h5py/__init__.py:36: UserWarning: h5py is running against HDF5 1.14.4 when it was built against 1.14.2, this may cause problems
  _warn(("h5py is running against HDF5 {0} when it was built against {1}, "
 2026-02-27 20:52:23,744: cvode was activated outside of Simulation, this might make it impossible to load templates with stochastic channels
 2026-02-27 20:52:29,156: Simulation finished in: 00:07:06
 2026-02-27 20:52:29,215: Data writing finished
 2026-02-27 20:52:30,466: Simulation finished in: 00:07:07
 2026-02-27 20:52:30,547: Data writing finished
/cvmfs/soft.computecanada.ca/easybuild/software/2023/x86-64-v3/MPI/gcc12/openmpi4/hdf5-mpi/1.14.2/lib/python3.11/site-packages/h5py/__init__.py:36: UserWarning: h5py is running against HDF5 1.14.4 when it was built against 1.14.2, this may cause problems
  _warn(("h5py is running against HDF5 {0} when it was built against {1}, "
/cvmfs/soft.computecanada.ca/easybuild/software/2023/x86-64-v3/MPI/gcc12/openmpi4/hdf5-mpi/1.14.2/lib/python3.11/site-packages/h5py/__init__.py:36: UserWarning: h5py is running against HDF5 1.14.4 when it was built against 1.14.2, this may cause problems
  _warn(("h5py is running against HDF5 {0} when it was built against {1}, "
 2026-02-27 20:52:39,892: Loading simulation from /lustre06/project/6077694/dhuruva/plastyfire/refitting_results/fitting/n100/seed19091997/L5TTPC_L5TTPC_STDP/simulations/199521-190468/10Hz_10ms/prefire_simulation_config.json
 2026-02-27 20:52:47,109: Loading simulation from /lustre06/project/6077694/dhuruva/plastyfire/refitting_results/fitting/n100/seed19091997/L5TTPC_L5TTPC_STDP/simulations/199521-190468/10Hz_-30ms/prefire_simulation_config.json
 2026-02-27 20:52:48,408: Loading simulation from /lustre06/project/6077694/dhuruva/plastyfire/refitting_results/fitting/n100/seed19091997/L5TTPC_L5TTPC_STDP/simulations/199521-190468/10Hz_5ms/prefire_simulation_config.json
 2026-02-27 20:55:52,236: cvode was activated outside of Simulation, this might make it impossible to load templates with stochastic channels
 2026-02-27 20:55:58,918: Simulation finished in: 00:07:07
 2026-02-27 20:55:58,978: Data writing finished
/cvmfs/soft.computecanada.ca/easybuild/software/2023/x86-64-v3/MPI/gcc12/openmpi4/hdf5-mpi/1.14.2/lib/python3.11/site-packages/h5py/__init__.py:36: UserWarning: h5py is running against HDF5 1.14.4 when it was built against 1.14.2, this may cause problems
  _warn(("h5py is running against HDF5 {0} when it was built against {1}, "
 2026-02-27 20:56:17,209: Loading simulation from /lustre06/project/6077694/dhuruva/plastyfire/refitting_results/fitting/n100/seed19091997/L5TTPC_L5TTPC_STDP/simulations/199599-194835/10Hz_-10ms/prefire_simulation_config.json
 2026-02-27 20:59:08,804: cvode was activated outside of Simulation, this might make it impossible to load templates with stochastic channels
 2026-02-27 20:59:15,470: Simulation finished in: 00:06:42
 2026-02-27 20:59:15,643: Data writing finished
 2026-02-27 20:59:16,447: cvode was activated outside of Simulation, this might make it impossible to load templates with stochastic channels
/cvmfs/soft.computecanada.ca/easybuild/software/2023/x86-64-v3/MPI/gcc12/openmpi4/hdf5-mpi/1.14.2/lib/python3.11/site-packages/h5py/__init__.py:36: UserWarning: h5py is running against HDF5 1.14.4 when it was built against 1.14.2, this may cause problems
  _warn(("h5py is running against HDF5 {0} when it was built against {1}, "
 2026-02-27 20:59:23,191: Simulation finished in: 00:06:59
 2026-02-27 20:59:23,423: Data writing finished
 2026-02-27 20:59:27,389: cvode was activated outside of Simulation, this might make it impossible to load templates with stochastic channels
 2026-02-27 20:59:32,964: Loading simulation from /lustre06/project/6077694/dhuruva/plastyfire/refitting_results/fitting/n100/seed19091997/L5TTPC_L5TTPC_STDP/simulations/199599-194835/10Hz_5ms/prefire_simulation_config.json
 2026-02-27 20:59:34,276: Simulation finished in: 00:07:02
 2026-02-27 20:59:34,334: Data writing finished
 2026-02-27 21:01:52,166: cvode was activated outside of Simulation, this might make it impossible to load templates with stochastic channels
 2026-02-27 21:01:59,013: Simulation finished in: 00:05:57
 2026-02-27 21:01:59,133: Data writing finished
 2026-02-27 21:04:59,160: cvode was activated outside of Simulation, this might make it impossible to load templates with stochastic channels
 2026-02-27 21:05:06,207: Simulation finished in: 00:05:48
 2026-02-27 21:05:06,313: Data writing finished
