Processing: /home/dhuruva/projects/ctb-emuller/dhuruva/plastyfire/refitting_results/fitting/n100/seed19091997/L5TTPC_L5TTPC_STDP/simulations/186117-200624/10Hz_30ms
Processing: /home/dhuruva/projects/ctb-emuller/dhuruva/plastyfire/refitting_results/fitting/n100/seed19091997/L5TTPC_L5TTPC_STDP/simulations/186117-200624/10Hz_-50ms
Processing: /home/dhuruva/projects/ctb-emuller/dhuruva/plastyfire/refitting_results/fitting/n100/seed19091997/L5TTPC_L5TTPC_STDP/simulations/186198-204134/10Hz_5ms
Processing: /home/dhuruva/projects/ctb-emuller/dhuruva/plastyfire/refitting_results/fitting/n100/seed19091997/L5TTPC_L5TTPC_STDP/simulations/186198-204134/10Hz_30ms
Presynaptic mapping of length 4 created
Presynaptic mapping of length 6 created
Presynaptic mapping of length 6 created
Presynaptic mapping of length 4 created
Completed: 186198-204134/10Hz_5ms
Processing: /home/dhuruva/projects/ctb-emuller/dhuruva/plastyfire/refitting_results/fitting/n100/seed19091997/L5TTPC_L5TTPC_STDP/simulations/186198-204134/10Hz_-50ms
Presynaptic mapping of length 4 created
Completed: 186198-204134/10Hz_30ms
Processing: /home/dhuruva/projects/ctb-emuller/dhuruva/plastyfire/refitting_results/fitting/n100/seed19091997/L5TTPC_L5TTPC_STDP/simulations/186198-204134/10Hz_10ms
Presynaptic mapping of length 4 created
Presynaptic mapping of length 4 created
Presynaptic mapping of length 4 created
Completed: 186198-204134/10Hz_10ms
Processing: /home/dhuruva/projects/ctb-emuller/dhuruva/plastyfire/refitting_results/fitting/n100/seed19091997/L5TTPC_L5TTPC_STDP/simulations/186198-204134/10Hz_50ms
Completed: 186198-204134/10Hz_-50ms
Processing: /home/dhuruva/projects/ctb-emuller/dhuruva/plastyfire/refitting_results/fitting/n100/seed19091997/L5TTPC_L5TTPC_STDP/simulations/186198-204134/10Hz_-30ms
Presynaptic mapping of length 4 created
Presynaptic mapping of length 4 created
Presynaptic mapping of length 4 created
Presynaptic mapping of length 6 created
Completed: 186117-200624/10Hz_-50ms
Processing: /home/dhuruva/projects/ctb-emuller/dhuruva/plastyfire/refitting_results/fitting/n100/seed19091997/L5TTPC_L5TTPC_STDP/simulations/186198-204134/10Hz_-10ms
Presynaptic mapping of length 6 created
Completed: 186117-200624/10Hz_30ms
Processing: /home/dhuruva/projects/ctb-emuller/dhuruva/plastyfire/refitting_results/fitting/n100/seed19091997/L5TTPC_L5TTPC_STDP/simulations/186356-189091/10Hz_5ms
Presynaptic mapping of length 4 created
Completed: 186198-204134/10Hz_-30ms
Presynaptic mapping of length 4 created
Completed: 186198-204134/10Hz_50ms
Presynaptic mapping of length 4 created
Completed: 186198-204134/10Hz_-10ms
Presynaptic mapping of length 11 created
Completed: 186356-189091/10Hz_5ms
Batch 18 completed
