submitit INFO (2026-02-08 19:19:42,749) - Starting with JobEnvironment(job_id=56297732_86, hostname=nc31024, local_rank=0(1), node=0(1), global_rank=0(1))
submitit INFO (2026-02-08 19:19:42,749) - Loading pickle: /home/dhuruva/projects/ctb-emuller/dhuruva/plastyfire/basis_results_L23PC_L5TTPC/logs/56297732_86_submitted.pkl
Mechanisms already loaded from path: /project/ctb-emuller/dhuruva/DEES_cell_packages/.  Aborting.
Presynaptic mapping of length 3 created
Mechanisms already loaded from path: /project/ctb-emuller/dhuruva/DEES_cell_packages/.  Aborting.
Presynaptic mapping of length 3 created
Mechanisms already loaded from path: /project/ctb-emuller/dhuruva/DEES_cell_packages/.  Aborting.
Presynaptic mapping of length 3 created
Mechanisms already loaded from path: /project/ctb-emuller/dhuruva/DEES_cell_packages/.  Aborting.
Presynaptic mapping of length 3 created
Mechanisms already loaded from path: /project/ctb-emuller/dhuruva/DEES_cell_packages/.  Aborting.
Presynaptic mapping of length 3 created
Mechanisms already loaded from path: /project/ctb-emuller/dhuruva/DEES_cell_packages/.  Aborting.
Presynaptic mapping of length 3 created
Mechanisms already loaded from path: /project/ctb-emuller/dhuruva/DEES_cell_packages/.  Aborting.
Presynaptic mapping of length 3 created
Mechanisms already loaded from path: /project/ctb-emuller/dhuruva/DEES_cell_packages/.  Aborting.
Presynaptic mapping of length 3 created
Mechanisms already loaded from path: /project/ctb-emuller/dhuruva/DEES_cell_packages/.  Aborting.
Presynaptic mapping of length 3 created
Mechanisms already loaded from path: /project/ctb-emuller/dhuruva/DEES_cell_packages/.  Aborting.
Presynaptic mapping of length 3 created
Mechanisms already loaded from path: /project/ctb-emuller/dhuruva/DEES_cell_packages/.  Aborting.
Presynaptic mapping of length 3 created
Mechanisms already loaded from path: /project/ctb-emuller/dhuruva/DEES_cell_packages/.  Aborting.
Presynaptic mapping of length 3 created
Mechanisms already loaded from path: /project/ctb-emuller/dhuruva/DEES_cell_packages/.  Aborting.
Presynaptic mapping of length 3 created
Mechanisms already loaded from path: /project/ctb-emuller/dhuruva/DEES_cell_packages/.  Aborting.
Presynaptic mapping of length 3 created
Mechanisms already loaded from path: /project/ctb-emuller/dhuruva/DEES_cell_packages/.  Aborting.
Presynaptic mapping of length 3 created
Mechanisms already loaded from path: /project/ctb-emuller/dhuruva/DEES_cell_packages/.  Aborting.
Presynaptic mapping of length 3 created
Mechanisms already loaded from path: /project/ctb-emuller/dhuruva/DEES_cell_packages/.  Aborting.
Presynaptic mapping of length 3 created
Mechanisms already loaded from path: /project/ctb-emuller/dhuruva/DEES_cell_packages/.  Aborting.
Presynaptic mapping of length 3 created
Mechanisms already loaded from path: /project/ctb-emuller/dhuruva/DEES_cell_packages/.  Aborting.
Presynaptic mapping of length 3 created
Mechanisms already loaded from path: /project/ctb-emuller/dhuruva/DEES_cell_packages/.  Aborting.
Presynaptic mapping of length 3 created
Mechanisms already loaded from path: /project/ctb-emuller/dhuruva/DEES_cell_packages/.  Aborting.
Presynaptic mapping of length 3 created
Mechanisms already loaded from path: /project/ctb-emuller/dhuruva/DEES_cell_packages/.  Aborting.
Presynaptic mapping of length 3 created
Mechanisms already loaded from path: /project/ctb-emuller/dhuruva/DEES_cell_packages/.  Aborting.
Presynaptic mapping of length 3 created
Mechanisms already loaded from path: /project/ctb-emuller/dhuruva/DEES_cell_packages/.  Aborting.
Presynaptic mapping of length 3 created
Mechanisms already loaded from path: /project/ctb-emuller/dhuruva/DEES_cell_packages/.  Aborting.
Presynaptic mapping of length 3 created
Mechanisms already loaded from path: /project/ctb-emuller/dhuruva/DEES_cell_packages/.  Aborting.
Presynaptic mapping of length 3 created
Mechanisms already loaded from path: /project/ctb-emuller/dhuruva/DEES_cell_packages/.  Aborting.
Presynaptic mapping of length 3 created
Mechanisms already loaded from path: /project/ctb-emuller/dhuruva/DEES_cell_packages/.  Aborting.
Presynaptic mapping of length 3 created
Mechanisms already loaded from path: /project/ctb-emuller/dhuruva/DEES_cell_packages/.  Aborting.
Presynaptic mapping of length 3 created
Mechanisms already loaded from path: /project/ctb-emuller/dhuruva/DEES_cell_packages/.  Aborting.
Presynaptic mapping of length 3 created
Mechanisms already loaded from path: /project/ctb-emuller/dhuruva/DEES_cell_packages/.  Aborting.
Presynaptic mapping of length 3 created
Mechanisms already loaded from path: /project/ctb-emuller/dhuruva/DEES_cell_packages/.  Aborting.
Presynaptic mapping of length 3 created
Mechanisms already loaded from path: /project/ctb-emuller/dhuruva/DEES_cell_packages/.  Aborting.
Presynaptic mapping of length 3 created
Mechanisms already loaded from path: /project/ctb-emuller/dhuruva/DEES_cell_packages/.  Aborting.
Presynaptic mapping of length 3 created
Mechanisms already loaded from path: /project/ctb-emuller/dhuruva/DEES_cell_packages/.  Aborting.
Presynaptic mapping of length 3 created
Mechanisms already loaded from path: /project/ctb-emuller/dhuruva/DEES_cell_packages/.  Aborting.
Presynaptic mapping of length 3 created
Mechanisms already loaded from path: /project/ctb-emuller/dhuruva/DEES_cell_packages/.  Aborting.
Presynaptic mapping of length 3 created
Mechanisms already loaded from path: /project/ctb-emuller/dhuruva/DEES_cell_packages/.  Aborting.
Presynaptic mapping of length 3 created
Mechanisms already loaded from path: /project/ctb-emuller/dhuruva/DEES_cell_packages/.  Aborting.
Presynaptic mapping of length 3 created
Mechanisms already loaded from path: /project/ctb-emuller/dhuruva/DEES_cell_packages/.  Aborting.
Presynaptic mapping of length 3 created
Mechanisms already loaded from path: /project/ctb-emuller/dhuruva/DEES_cell_packages/.  Aborting.
Presynaptic mapping of length 3 created
Mechanisms already loaded from path: /project/ctb-emuller/dhuruva/DEES_cell_packages/.  Aborting.
Presynaptic mapping of length 3 created
Mechanisms already loaded from path: /project/ctb-emuller/dhuruva/DEES_cell_packages/.  Aborting.
Presynaptic mapping of length 3 created
Mechanisms already loaded from path: /project/ctb-emuller/dhuruva/DEES_cell_packages/.  Aborting.
Presynaptic mapping of length 3 created
Mechanisms already loaded from path: /project/ctb-emuller/dhuruva/DEES_cell_packages/.  Aborting.
Presynaptic mapping of length 3 created
Mechanisms already loaded from path: /project/ctb-emuller/dhuruva/DEES_cell_packages/.  Aborting.
Presynaptic mapping of length 3 created
Mechanisms already loaded from path: /project/ctb-emuller/dhuruva/DEES_cell_packages/.  Aborting.
Presynaptic mapping of length 3 created
submitit INFO (2026-02-08 19:27:44,181) - Job completed successfully
submitit INFO (2026-02-08 19:27:44,183) - Exiting after successful completion
