submitit INFO (2026-02-08 18:45:59,087) - Starting with JobEnvironment(job_id=56297732_55, hostname=nc30508, local_rank=0(1), node=0(1), global_rank=0(1))
submitit INFO (2026-02-08 18:45:59,088) - Loading pickle: /home/dhuruva/projects/ctb-emuller/dhuruva/plastyfire/basis_results_L23PC_L5TTPC/logs/56297732_55_submitted.pkl
Mechanisms already loaded from path: /project/ctb-emuller/dhuruva/DEES_cell_packages/.  Aborting.
Presynaptic mapping of length 3 created
Mechanisms already loaded from path: /project/ctb-emuller/dhuruva/DEES_cell_packages/.  Aborting.
Presynaptic mapping of length 3 created
Mechanisms already loaded from path: /project/ctb-emuller/dhuruva/DEES_cell_packages/.  Aborting.
Presynaptic mapping of length 3 created
Mechanisms already loaded from path: /project/ctb-emuller/dhuruva/DEES_cell_packages/.  Aborting.
Presynaptic mapping of length 3 created
Mechanisms already loaded from path: /project/ctb-emuller/dhuruva/DEES_cell_packages/.  Aborting.
Presynaptic mapping of length 3 created
Mechanisms already loaded from path: /project/ctb-emuller/dhuruva/DEES_cell_packages/.  Aborting.
Presynaptic mapping of length 3 created
Mechanisms already loaded from path: /project/ctb-emuller/dhuruva/DEES_cell_packages/.  Aborting.
Presynaptic mapping of length 3 created
Mechanisms already loaded from path: /project/ctb-emuller/dhuruva/DEES_cell_packages/.  Aborting.
Presynaptic mapping of length 3 created
Mechanisms already loaded from path: /project/ctb-emuller/dhuruva/DEES_cell_packages/.  Aborting.
Presynaptic mapping of length 3 created
Mechanisms already loaded from path: /project/ctb-emuller/dhuruva/DEES_cell_packages/.  Aborting.
Presynaptic mapping of length 3 created
Mechanisms already loaded from path: /project/ctb-emuller/dhuruva/DEES_cell_packages/.  Aborting.
Presynaptic mapping of length 3 created
Mechanisms already loaded from path: /project/ctb-emuller/dhuruva/DEES_cell_packages/.  Aborting.
Presynaptic mapping of length 3 created
Mechanisms already loaded from path: /project/ctb-emuller/dhuruva/DEES_cell_packages/.  Aborting.
Presynaptic mapping of length 3 created
Mechanisms already loaded from path: /project/ctb-emuller/dhuruva/DEES_cell_packages/.  Aborting.
Presynaptic mapping of length 3 created
Mechanisms already loaded from path: /project/ctb-emuller/dhuruva/DEES_cell_packages/.  Aborting.
Presynaptic mapping of length 3 created
Mechanisms already loaded from path: /project/ctb-emuller/dhuruva/DEES_cell_packages/.  Aborting.
Presynaptic mapping of length 3 created
Mechanisms already loaded from path: /project/ctb-emuller/dhuruva/DEES_cell_packages/.  Aborting.
Presynaptic mapping of length 3 created
Mechanisms already loaded from path: /project/ctb-emuller/dhuruva/DEES_cell_packages/.  Aborting.
Presynaptic mapping of length 3 created
Mechanisms already loaded from path: /project/ctb-emuller/dhuruva/DEES_cell_packages/.  Aborting.
Presynaptic mapping of length 3 created
Mechanisms already loaded from path: /project/ctb-emuller/dhuruva/DEES_cell_packages/.  Aborting.
Presynaptic mapping of length 3 created
Mechanisms already loaded from path: /project/ctb-emuller/dhuruva/DEES_cell_packages/.  Aborting.
Presynaptic mapping of length 3 created
Mechanisms already loaded from path: /project/ctb-emuller/dhuruva/DEES_cell_packages/.  Aborting.
Presynaptic mapping of length 3 created
Mechanisms already loaded from path: /project/ctb-emuller/dhuruva/DEES_cell_packages/.  Aborting.
Presynaptic mapping of length 3 created
Mechanisms already loaded from path: /project/ctb-emuller/dhuruva/DEES_cell_packages/.  Aborting.
Presynaptic mapping of length 3 created
Mechanisms already loaded from path: /project/ctb-emuller/dhuruva/DEES_cell_packages/.  Aborting.
Presynaptic mapping of length 3 created
Mechanisms already loaded from path: /project/ctb-emuller/dhuruva/DEES_cell_packages/.  Aborting.
Presynaptic mapping of length 3 created
Mechanisms already loaded from path: /project/ctb-emuller/dhuruva/DEES_cell_packages/.  Aborting.
Presynaptic mapping of length 3 created
Mechanisms already loaded from path: /project/ctb-emuller/dhuruva/DEES_cell_packages/.  Aborting.
Presynaptic mapping of length 3 created
Mechanisms already loaded from path: /project/ctb-emuller/dhuruva/DEES_cell_packages/.  Aborting.
Presynaptic mapping of length 3 created
Mechanisms already loaded from path: /project/ctb-emuller/dhuruva/DEES_cell_packages/.  Aborting.
Presynaptic mapping of length 3 created
Mechanisms already loaded from path: /project/ctb-emuller/dhuruva/DEES_cell_packages/.  Aborting.
Presynaptic mapping of length 3 created
Mechanisms already loaded from path: /project/ctb-emuller/dhuruva/DEES_cell_packages/.  Aborting.
Presynaptic mapping of length 3 created
Mechanisms already loaded from path: /project/ctb-emuller/dhuruva/DEES_cell_packages/.  Aborting.
Presynaptic mapping of length 3 created
Mechanisms already loaded from path: /project/ctb-emuller/dhuruva/DEES_cell_packages/.  Aborting.
Presynaptic mapping of length 3 created
Mechanisms already loaded from path: /project/ctb-emuller/dhuruva/DEES_cell_packages/.  Aborting.
Presynaptic mapping of length 3 created
Mechanisms already loaded from path: /project/ctb-emuller/dhuruva/DEES_cell_packages/.  Aborting.
Presynaptic mapping of length 3 created
Mechanisms already loaded from path: /project/ctb-emuller/dhuruva/DEES_cell_packages/.  Aborting.
Presynaptic mapping of length 3 created
Mechanisms already loaded from path: /project/ctb-emuller/dhuruva/DEES_cell_packages/.  Aborting.
Presynaptic mapping of length 3 created
Mechanisms already loaded from path: /project/ctb-emuller/dhuruva/DEES_cell_packages/.  Aborting.
Presynaptic mapping of length 3 created
Mechanisms already loaded from path: /project/ctb-emuller/dhuruva/DEES_cell_packages/.  Aborting.
Presynaptic mapping of length 3 created
Mechanisms already loaded from path: /project/ctb-emuller/dhuruva/DEES_cell_packages/.  Aborting.
Presynaptic mapping of length 3 created
Mechanisms already loaded from path: /project/ctb-emuller/dhuruva/DEES_cell_packages/.  Aborting.
Presynaptic mapping of length 3 created
Mechanisms already loaded from path: /project/ctb-emuller/dhuruva/DEES_cell_packages/.  Aborting.
Presynaptic mapping of length 3 created
Mechanisms already loaded from path: /project/ctb-emuller/dhuruva/DEES_cell_packages/.  Aborting.
Presynaptic mapping of length 3 created
submitit INFO (2026-02-08 18:54:56,133) - Job completed successfully
submitit INFO (2026-02-08 18:54:56,135) - Exiting after successful completion
