submitit INFO (2026-02-08 19:13:11,209) - Starting with JobEnvironment(job_id=56297732_78, hostname=nc10933, local_rank=0(1), node=0(1), global_rank=0(1))
submitit INFO (2026-02-08 19:13:11,210) - Loading pickle: /home/dhuruva/projects/ctb-emuller/dhuruva/plastyfire/basis_results_L23PC_L5TTPC/logs/56297732_78_submitted.pkl
Mechanisms already loaded from path: /project/ctb-emuller/dhuruva/DEES_cell_packages/.  Aborting.
Presynaptic mapping of length 4 created
Mechanisms already loaded from path: /project/ctb-emuller/dhuruva/DEES_cell_packages/.  Aborting.
Presynaptic mapping of length 4 created
Mechanisms already loaded from path: /project/ctb-emuller/dhuruva/DEES_cell_packages/.  Aborting.
Presynaptic mapping of length 4 created
Mechanisms already loaded from path: /project/ctb-emuller/dhuruva/DEES_cell_packages/.  Aborting.
Presynaptic mapping of length 4 created
Mechanisms already loaded from path: /project/ctb-emuller/dhuruva/DEES_cell_packages/.  Aborting.
Presynaptic mapping of length 4 created
Mechanisms already loaded from path: /project/ctb-emuller/dhuruva/DEES_cell_packages/.  Aborting.
Presynaptic mapping of length 4 created
Mechanisms already loaded from path: /project/ctb-emuller/dhuruva/DEES_cell_packages/.  Aborting.
Presynaptic mapping of length 4 created
Mechanisms already loaded from path: /project/ctb-emuller/dhuruva/DEES_cell_packages/.  Aborting.
Presynaptic mapping of length 4 created
Mechanisms already loaded from path: /project/ctb-emuller/dhuruva/DEES_cell_packages/.  Aborting.
Presynaptic mapping of length 4 created
Mechanisms already loaded from path: /project/ctb-emuller/dhuruva/DEES_cell_packages/.  Aborting.
Presynaptic mapping of length 4 created
Mechanisms already loaded from path: /project/ctb-emuller/dhuruva/DEES_cell_packages/.  Aborting.
Presynaptic mapping of length 4 created
Mechanisms already loaded from path: /project/ctb-emuller/dhuruva/DEES_cell_packages/.  Aborting.
Presynaptic mapping of length 4 created
Mechanisms already loaded from path: /project/ctb-emuller/dhuruva/DEES_cell_packages/.  Aborting.
Presynaptic mapping of length 4 created
Mechanisms already loaded from path: /project/ctb-emuller/dhuruva/DEES_cell_packages/.  Aborting.
Presynaptic mapping of length 4 created
Mechanisms already loaded from path: /project/ctb-emuller/dhuruva/DEES_cell_packages/.  Aborting.
Presynaptic mapping of length 4 created
Mechanisms already loaded from path: /project/ctb-emuller/dhuruva/DEES_cell_packages/.  Aborting.
Presynaptic mapping of length 4 created
Mechanisms already loaded from path: /project/ctb-emuller/dhuruva/DEES_cell_packages/.  Aborting.
Presynaptic mapping of length 4 created
Mechanisms already loaded from path: /project/ctb-emuller/dhuruva/DEES_cell_packages/.  Aborting.
Presynaptic mapping of length 4 created
Mechanisms already loaded from path: /project/ctb-emuller/dhuruva/DEES_cell_packages/.  Aborting.
Presynaptic mapping of length 4 created
Mechanisms already loaded from path: /project/ctb-emuller/dhuruva/DEES_cell_packages/.  Aborting.
Presynaptic mapping of length 4 created
Mechanisms already loaded from path: /project/ctb-emuller/dhuruva/DEES_cell_packages/.  Aborting.
Presynaptic mapping of length 4 created
Mechanisms already loaded from path: /project/ctb-emuller/dhuruva/DEES_cell_packages/.  Aborting.
Presynaptic mapping of length 4 created
Mechanisms already loaded from path: /project/ctb-emuller/dhuruva/DEES_cell_packages/.  Aborting.
Presynaptic mapping of length 4 created
Mechanisms already loaded from path: /project/ctb-emuller/dhuruva/DEES_cell_packages/.  Aborting.
Presynaptic mapping of length 4 created
Mechanisms already loaded from path: /project/ctb-emuller/dhuruva/DEES_cell_packages/.  Aborting.
Presynaptic mapping of length 4 created
Mechanisms already loaded from path: /project/ctb-emuller/dhuruva/DEES_cell_packages/.  Aborting.
Presynaptic mapping of length 4 created
Mechanisms already loaded from path: /project/ctb-emuller/dhuruva/DEES_cell_packages/.  Aborting.
Presynaptic mapping of length 4 created
Mechanisms already loaded from path: /project/ctb-emuller/dhuruva/DEES_cell_packages/.  Aborting.
Presynaptic mapping of length 4 created
Mechanisms already loaded from path: /project/ctb-emuller/dhuruva/DEES_cell_packages/.  Aborting.
Presynaptic mapping of length 4 created
Mechanisms already loaded from path: /project/ctb-emuller/dhuruva/DEES_cell_packages/.  Aborting.
Presynaptic mapping of length 4 created
Mechanisms already loaded from path: /project/ctb-emuller/dhuruva/DEES_cell_packages/.  Aborting.
Presynaptic mapping of length 4 created
Mechanisms already loaded from path: /project/ctb-emuller/dhuruva/DEES_cell_packages/.  Aborting.
Presynaptic mapping of length 4 created
Mechanisms already loaded from path: /project/ctb-emuller/dhuruva/DEES_cell_packages/.  Aborting.
Presynaptic mapping of length 4 created
Mechanisms already loaded from path: /project/ctb-emuller/dhuruva/DEES_cell_packages/.  Aborting.
Presynaptic mapping of length 4 created
Mechanisms already loaded from path: /project/ctb-emuller/dhuruva/DEES_cell_packages/.  Aborting.
Presynaptic mapping of length 4 created
Mechanisms already loaded from path: /project/ctb-emuller/dhuruva/DEES_cell_packages/.  Aborting.
Presynaptic mapping of length 4 created
submitit INFO (2026-02-08 19:26:08,052) - Job completed successfully
submitit INFO (2026-02-08 19:26:08,055) - Exiting after successful completion
