submitit INFO (2026-02-07 10:33:45,904) - Starting with JobEnvironment(job_id=56234518_12, hostname=nc30624, local_rank=0(1), node=0(1), global_rank=0(1))
submitit INFO (2026-02-07 10:33:45,905) - Loading pickle: /lustre06/project/6077694/dhuruva/plastyfire/basis_results/logs/56234518_12_submitted.pkl
Mechanisms already loaded from path: /project/ctb-emuller/dhuruva/DEES_cell_packages/.  Aborting.
Presynaptic mapping of length 10 created
Mechanisms already loaded from path: /project/ctb-emuller/dhuruva/DEES_cell_packages/.  Aborting.
Presynaptic mapping of length 10 created
Mechanisms already loaded from path: /project/ctb-emuller/dhuruva/DEES_cell_packages/.  Aborting.
Presynaptic mapping of length 10 created
Mechanisms already loaded from path: /project/ctb-emuller/dhuruva/DEES_cell_packages/.  Aborting.
Presynaptic mapping of length 10 created
Mechanisms already loaded from path: /project/ctb-emuller/dhuruva/DEES_cell_packages/.  Aborting.
Presynaptic mapping of length 10 created
Mechanisms already loaded from path: /project/ctb-emuller/dhuruva/DEES_cell_packages/.  Aborting.
Presynaptic mapping of length 10 created
Mechanisms already loaded from path: /project/ctb-emuller/dhuruva/DEES_cell_packages/.  Aborting.
Presynaptic mapping of length 10 created
Mechanisms already loaded from path: /project/ctb-emuller/dhuruva/DEES_cell_packages/.  Aborting.
Presynaptic mapping of length 10 created
Mechanisms already loaded from path: /project/ctb-emuller/dhuruva/DEES_cell_packages/.  Aborting.
Presynaptic mapping of length 10 created
Mechanisms already loaded from path: /project/ctb-emuller/dhuruva/DEES_cell_packages/.  Aborting.
Presynaptic mapping of length 10 created
Mechanisms already loaded from path: /project/ctb-emuller/dhuruva/DEES_cell_packages/.  Aborting.
Presynaptic mapping of length 10 created
Mechanisms already loaded from path: /project/ctb-emuller/dhuruva/DEES_cell_packages/.  Aborting.
Presynaptic mapping of length 10 created
Mechanisms already loaded from path: /project/ctb-emuller/dhuruva/DEES_cell_packages/.  Aborting.
Presynaptic mapping of length 10 created
Mechanisms already loaded from path: /project/ctb-emuller/dhuruva/DEES_cell_packages/.  Aborting.
Presynaptic mapping of length 10 created
Mechanisms already loaded from path: /project/ctb-emuller/dhuruva/DEES_cell_packages/.  Aborting.
Presynaptic mapping of length 10 created
Mechanisms already loaded from path: /project/ctb-emuller/dhuruva/DEES_cell_packages/.  Aborting.
Presynaptic mapping of length 10 created
Mechanisms already loaded from path: /project/ctb-emuller/dhuruva/DEES_cell_packages/.  Aborting.
Presynaptic mapping of length 10 created
Mechanisms already loaded from path: /project/ctb-emuller/dhuruva/DEES_cell_packages/.  Aborting.
Presynaptic mapping of length 10 created
Mechanisms already loaded from path: /project/ctb-emuller/dhuruva/DEES_cell_packages/.  Aborting.
Presynaptic mapping of length 10 created
Mechanisms already loaded from path: /project/ctb-emuller/dhuruva/DEES_cell_packages/.  Aborting.
Presynaptic mapping of length 10 created
Mechanisms already loaded from path: /project/ctb-emuller/dhuruva/DEES_cell_packages/.  Aborting.
Presynaptic mapping of length 10 created
Mechanisms already loaded from path: /project/ctb-emuller/dhuruva/DEES_cell_packages/.  Aborting.
Presynaptic mapping of length 10 created
Mechanisms already loaded from path: /project/ctb-emuller/dhuruva/DEES_cell_packages/.  Aborting.
Presynaptic mapping of length 10 created
Mechanisms already loaded from path: /project/ctb-emuller/dhuruva/DEES_cell_packages/.  Aborting.
Presynaptic mapping of length 10 created
Mechanisms already loaded from path: /project/ctb-emuller/dhuruva/DEES_cell_packages/.  Aborting.
Presynaptic mapping of length 10 created
Mechanisms already loaded from path: /project/ctb-emuller/dhuruva/DEES_cell_packages/.  Aborting.
Presynaptic mapping of length 10 created
Mechanisms already loaded from path: /project/ctb-emuller/dhuruva/DEES_cell_packages/.  Aborting.
Presynaptic mapping of length 10 created
Mechanisms already loaded from path: /project/ctb-emuller/dhuruva/DEES_cell_packages/.  Aborting.
Presynaptic mapping of length 10 created
Mechanisms already loaded from path: /project/ctb-emuller/dhuruva/DEES_cell_packages/.  Aborting.
Presynaptic mapping of length 10 created
Mechanisms already loaded from path: /project/ctb-emuller/dhuruva/DEES_cell_packages/.  Aborting.
Presynaptic mapping of length 10 created
Mechanisms already loaded from path: /project/ctb-emuller/dhuruva/DEES_cell_packages/.  Aborting.
Presynaptic mapping of length 10 created
Mechanisms already loaded from path: /project/ctb-emuller/dhuruva/DEES_cell_packages/.  Aborting.
Presynaptic mapping of length 10 created
Mechanisms already loaded from path: /project/ctb-emuller/dhuruva/DEES_cell_packages/.  Aborting.
Presynaptic mapping of length 10 created
Mechanisms already loaded from path: /project/ctb-emuller/dhuruva/DEES_cell_packages/.  Aborting.
Presynaptic mapping of length 10 created
Mechanisms already loaded from path: /project/ctb-emuller/dhuruva/DEES_cell_packages/.  Aborting.
Presynaptic mapping of length 10 created
Mechanisms already loaded from path: /project/ctb-emuller/dhuruva/DEES_cell_packages/.  Aborting.
Presynaptic mapping of length 10 created
Mechanisms already loaded from path: /project/ctb-emuller/dhuruva/DEES_cell_packages/.  Aborting.
Presynaptic mapping of length 10 created
Mechanisms already loaded from path: /project/ctb-emuller/dhuruva/DEES_cell_packages/.  Aborting.
Presynaptic mapping of length 10 created
Mechanisms already loaded from path: /project/ctb-emuller/dhuruva/DEES_cell_packages/.  Aborting.
Presynaptic mapping of length 10 created
Mechanisms already loaded from path: /project/ctb-emuller/dhuruva/DEES_cell_packages/.  Aborting.
Presynaptic mapping of length 10 created
Mechanisms already loaded from path: /project/ctb-emuller/dhuruva/DEES_cell_packages/.  Aborting.
Presynaptic mapping of length 10 created
Mechanisms already loaded from path: /project/ctb-emuller/dhuruva/DEES_cell_packages/.  Aborting.
Presynaptic mapping of length 10 created
Mechanisms already loaded from path: /project/ctb-emuller/dhuruva/DEES_cell_packages/.  Aborting.
Presynaptic mapping of length 10 created
Mechanisms already loaded from path: /project/ctb-emuller/dhuruva/DEES_cell_packages/.  Aborting.
Presynaptic mapping of length 10 created
Mechanisms already loaded from path: /project/ctb-emuller/dhuruva/DEES_cell_packages/.  Aborting.
Presynaptic mapping of length 10 created
Mechanisms already loaded from path: /project/ctb-emuller/dhuruva/DEES_cell_packages/.  Aborting.
Presynaptic mapping of length 10 created
Mechanisms already loaded from path: /project/ctb-emuller/dhuruva/DEES_cell_packages/.  Aborting.
Presynaptic mapping of length 10 created
Mechanisms already loaded from path: /project/ctb-emuller/dhuruva/DEES_cell_packages/.  Aborting.
Presynaptic mapping of length 10 created
Mechanisms already loaded from path: /project/ctb-emuller/dhuruva/DEES_cell_packages/.  Aborting.
Presynaptic mapping of length 10 created
Mechanisms already loaded from path: /project/ctb-emuller/dhuruva/DEES_cell_packages/.  Aborting.
Presynaptic mapping of length 10 created
Mechanisms already loaded from path: /project/ctb-emuller/dhuruva/DEES_cell_packages/.  Aborting.
Presynaptic mapping of length 10 created
Mechanisms already loaded from path: /project/ctb-emuller/dhuruva/DEES_cell_packages/.  Aborting.
Presynaptic mapping of length 10 created
Mechanisms already loaded from path: /project/ctb-emuller/dhuruva/DEES_cell_packages/.  Aborting.
Presynaptic mapping of length 10 created
Mechanisms already loaded from path: /project/ctb-emuller/dhuruva/DEES_cell_packages/.  Aborting.
Presynaptic mapping of length 10 created
Mechanisms already loaded from path: /project/ctb-emuller/dhuruva/DEES_cell_packages/.  Aborting.
Presynaptic mapping of length 10 created
Mechanisms already loaded from path: /project/ctb-emuller/dhuruva/DEES_cell_packages/.  Aborting.
Presynaptic mapping of length 10 created
Mechanisms already loaded from path: /project/ctb-emuller/dhuruva/DEES_cell_packages/.  Aborting.
Presynaptic mapping of length 10 created
Mechanisms already loaded from path: /project/ctb-emuller/dhuruva/DEES_cell_packages/.  Aborting.
Presynaptic mapping of length 10 created
Mechanisms already loaded from path: /project/ctb-emuller/dhuruva/DEES_cell_packages/.  Aborting.
Presynaptic mapping of length 10 created
Mechanisms already loaded from path: /project/ctb-emuller/dhuruva/DEES_cell_packages/.  Aborting.
Presynaptic mapping of length 10 created
Mechanisms already loaded from path: /project/ctb-emuller/dhuruva/DEES_cell_packages/.  Aborting.
Presynaptic mapping of length 10 created
Mechanisms already loaded from path: /project/ctb-emuller/dhuruva/DEES_cell_packages/.  Aborting.
Presynaptic mapping of length 10 created
Mechanisms already loaded from path: /project/ctb-emuller/dhuruva/DEES_cell_packages/.  Aborting.
Presynaptic mapping of length 10 created
Mechanisms already loaded from path: /project/ctb-emuller/dhuruva/DEES_cell_packages/.  Aborting.
Presynaptic mapping of length 10 created
Mechanisms already loaded from path: /project/ctb-emuller/dhuruva/DEES_cell_packages/.  Aborting.
Presynaptic mapping of length 10 created
Mechanisms already loaded from path: /project/ctb-emuller/dhuruva/DEES_cell_packages/.  Aborting.
Presynaptic mapping of length 10 created
Mechanisms already loaded from path: /project/ctb-emuller/dhuruva/DEES_cell_packages/.  Aborting.
Presynaptic mapping of length 10 created
Mechanisms already loaded from path: /project/ctb-emuller/dhuruva/DEES_cell_packages/.  Aborting.
Presynaptic mapping of length 10 created
Mechanisms already loaded from path: /project/ctb-emuller/dhuruva/DEES_cell_packages/.  Aborting.
Presynaptic mapping of length 10 created
Mechanisms already loaded from path: /project/ctb-emuller/dhuruva/DEES_cell_packages/.  Aborting.
Presynaptic mapping of length 10 created
Mechanisms already loaded from path: /project/ctb-emuller/dhuruva/DEES_cell_packages/.  Aborting.
Presynaptic mapping of length 10 created
Mechanisms already loaded from path: /project/ctb-emuller/dhuruva/DEES_cell_packages/.  Aborting.
Presynaptic mapping of length 10 created
Mechanisms already loaded from path: /project/ctb-emuller/dhuruva/DEES_cell_packages/.  Aborting.
Presynaptic mapping of length 10 created
Mechanisms already loaded from path: /project/ctb-emuller/dhuruva/DEES_cell_packages/.  Aborting.
Presynaptic mapping of length 10 created
Mechanisms already loaded from path: /project/ctb-emuller/dhuruva/DEES_cell_packages/.  Aborting.
Presynaptic mapping of length 10 created
Mechanisms already loaded from path: /project/ctb-emuller/dhuruva/DEES_cell_packages/.  Aborting.
Presynaptic mapping of length 10 created
Mechanisms already loaded from path: /project/ctb-emuller/dhuruva/DEES_cell_packages/.  Aborting.
Presynaptic mapping of length 10 created
Mechanisms already loaded from path: /project/ctb-emuller/dhuruva/DEES_cell_packages/.  Aborting.
Presynaptic mapping of length 10 created
Mechanisms already loaded from path: /project/ctb-emuller/dhuruva/DEES_cell_packages/.  Aborting.
Presynaptic mapping of length 10 created
Mechanisms already loaded from path: /project/ctb-emuller/dhuruva/DEES_cell_packages/.  Aborting.
Presynaptic mapping of length 10 created
Mechanisms already loaded from path: /project/ctb-emuller/dhuruva/DEES_cell_packages/.  Aborting.
Presynaptic mapping of length 10 created
Mechanisms already loaded from path: /project/ctb-emuller/dhuruva/DEES_cell_packages/.  Aborting.
Presynaptic mapping of length 10 created
Mechanisms already loaded from path: /project/ctb-emuller/dhuruva/DEES_cell_packages/.  Aborting.
Presynaptic mapping of length 10 created
Mechanisms already loaded from path: /project/ctb-emuller/dhuruva/DEES_cell_packages/.  Aborting.
Presynaptic mapping of length 10 created
Mechanisms already loaded from path: /project/ctb-emuller/dhuruva/DEES_cell_packages/.  Aborting.
Presynaptic mapping of length 10 created
Mechanisms already loaded from path: /project/ctb-emuller/dhuruva/DEES_cell_packages/.  Aborting.
Presynaptic mapping of length 10 created
Mechanisms already loaded from path: /project/ctb-emuller/dhuruva/DEES_cell_packages/.  Aborting.
Presynaptic mapping of length 10 created
Mechanisms already loaded from path: /project/ctb-emuller/dhuruva/DEES_cell_packages/.  Aborting.
Presynaptic mapping of length 10 created
Mechanisms already loaded from path: /project/ctb-emuller/dhuruva/DEES_cell_packages/.  Aborting.
Presynaptic mapping of length 10 created
Mechanisms already loaded from path: /project/ctb-emuller/dhuruva/DEES_cell_packages/.  Aborting.
Presynaptic mapping of length 10 created
Mechanisms already loaded from path: /project/ctb-emuller/dhuruva/DEES_cell_packages/.  Aborting.
Presynaptic mapping of length 10 created
Mechanisms already loaded from path: /project/ctb-emuller/dhuruva/DEES_cell_packages/.  Aborting.
Presynaptic mapping of length 10 created
Mechanisms already loaded from path: /project/ctb-emuller/dhuruva/DEES_cell_packages/.  Aborting.
Presynaptic mapping of length 10 created
Mechanisms already loaded from path: /project/ctb-emuller/dhuruva/DEES_cell_packages/.  Aborting.
Presynaptic mapping of length 10 created
Mechanisms already loaded from path: /project/ctb-emuller/dhuruva/DEES_cell_packages/.  Aborting.
Presynaptic mapping of length 10 created
Mechanisms already loaded from path: /project/ctb-emuller/dhuruva/DEES_cell_packages/.  Aborting.
Presynaptic mapping of length 10 created
Mechanisms already loaded from path: /project/ctb-emuller/dhuruva/DEES_cell_packages/.  Aborting.
Presynaptic mapping of length 10 created
Mechanisms already loaded from path: /project/ctb-emuller/dhuruva/DEES_cell_packages/.  Aborting.
Presynaptic mapping of length 10 created
Mechanisms already loaded from path: /project/ctb-emuller/dhuruva/DEES_cell_packages/.  Aborting.
Presynaptic mapping of length 10 created
Mechanisms already loaded from path: /project/ctb-emuller/dhuruva/DEES_cell_packages/.  Aborting.
Presynaptic mapping of length 10 created
Mechanisms already loaded from path: /project/ctb-emuller/dhuruva/DEES_cell_packages/.  Aborting.
Presynaptic mapping of length 10 created
Mechanisms already loaded from path: /project/ctb-emuller/dhuruva/DEES_cell_packages/.  Aborting.
Presynaptic mapping of length 10 created
Mechanisms already loaded from path: /project/ctb-emuller/dhuruva/DEES_cell_packages/.  Aborting.
Presynaptic mapping of length 10 created
Mechanisms already loaded from path: /project/ctb-emuller/dhuruva/DEES_cell_packages/.  Aborting.
Presynaptic mapping of length 10 created
Mechanisms already loaded from path: /project/ctb-emuller/dhuruva/DEES_cell_packages/.  Aborting.
Presynaptic mapping of length 10 created
Mechanisms already loaded from path: /project/ctb-emuller/dhuruva/DEES_cell_packages/.  Aborting.
Presynaptic mapping of length 10 created
Mechanisms already loaded from path: /project/ctb-emuller/dhuruva/DEES_cell_packages/.  Aborting.
Presynaptic mapping of length 10 created
Mechanisms already loaded from path: /project/ctb-emuller/dhuruva/DEES_cell_packages/.  Aborting.
Presynaptic mapping of length 10 created
Mechanisms already loaded from path: /project/ctb-emuller/dhuruva/DEES_cell_packages/.  Aborting.
Presynaptic mapping of length 10 created
Mechanisms already loaded from path: /project/ctb-emuller/dhuruva/DEES_cell_packages/.  Aborting.
Presynaptic mapping of length 10 created
Mechanisms already loaded from path: /project/ctb-emuller/dhuruva/DEES_cell_packages/.  Aborting.
Presynaptic mapping of length 10 created
Mechanisms already loaded from path: /project/ctb-emuller/dhuruva/DEES_cell_packages/.  Aborting.
Presynaptic mapping of length 10 created
submitit INFO (2026-02-07 11:18:02,070) - Job completed successfully
submitit INFO (2026-02-07 11:18:02,072) - Exiting after successful completion
